Archive member included to satisfy reference by file (symbol)

/usr/bin/../lib/gcc/arm-none-eabi/7.3.1/../../../../arm-none-eabi/lib/thumb/v7e-m/fpv4-sp/hard/libc.a(lib_a-exit.o)
                              /usr/bin/../lib/gcc/arm-none-eabi/7.3.1/../../../../arm-none-eabi/lib/thumb/v7e-m/fpv4-sp/hard/crt0.o (exit)
/usr/bin/../lib/gcc/arm-none-eabi/7.3.1/../../../../arm-none-eabi/lib/thumb/v7e-m/fpv4-sp/hard/libc.a(lib_a-impure.o)
                              /usr/bin/../lib/gcc/arm-none-eabi/7.3.1/../../../../arm-none-eabi/lib/thumb/v7e-m/fpv4-sp/hard/libc.a(lib_a-exit.o) (_global_impure_ptr)
/usr/bin/../lib/gcc/arm-none-eabi/7.3.1/../../../../arm-none-eabi/lib/thumb/v7e-m/fpv4-sp/hard/libc.a(lib_a-init.o)
                              /usr/bin/../lib/gcc/arm-none-eabi/7.3.1/../../../../arm-none-eabi/lib/thumb/v7e-m/fpv4-sp/hard/crt0.o (__libc_init_array)
/usr/bin/../lib/gcc/arm-none-eabi/7.3.1/../../../../arm-none-eabi/lib/thumb/v7e-m/fpv4-sp/hard/libc.a(lib_a-locale.o)
                              _build/nrf_log_str_formatter.o (__locale_ctype_ptr)
/usr/bin/../lib/gcc/arm-none-eabi/7.3.1/../../../../arm-none-eabi/lib/thumb/v7e-m/fpv4-sp/hard/libc.a(lib_a-mbtowc_r.o)
                              /usr/bin/../lib/gcc/arm-none-eabi/7.3.1/../../../../arm-none-eabi/lib/thumb/v7e-m/fpv4-sp/hard/libc.a(lib_a-locale.o) (__ascii_mbtowc)
/usr/bin/../lib/gcc/arm-none-eabi/7.3.1/../../../../arm-none-eabi/lib/thumb/v7e-m/fpv4-sp/hard/libc.a(lib_a-memcmp.o)
                              _build/nrf_twi_mngr.o (memcmp)
/usr/bin/../lib/gcc/arm-none-eabi/7.3.1/../../../../arm-none-eabi/lib/thumb/v7e-m/fpv4-sp/hard/libc.a(lib_a-memcpy.o)
                              _build/SEGGER_RTT.o (memcpy)
/usr/bin/../lib/gcc/arm-none-eabi/7.3.1/../../../../arm-none-eabi/lib/thumb/v7e-m/fpv4-sp/hard/libc.a(lib_a-memset.o)
                              /usr/bin/../lib/gcc/arm-none-eabi/7.3.1/../../../../arm-none-eabi/lib/thumb/v7e-m/fpv4-sp/hard/crt0.o (memset)
/usr/bin/../lib/gcc/arm-none-eabi/7.3.1/../../../../arm-none-eabi/lib/thumb/v7e-m/fpv4-sp/hard/libc.a(lib_a-printf.o)
                              _build/better_error_handling.o (printf)
/usr/bin/../lib/gcc/arm-none-eabi/7.3.1/../../../../arm-none-eabi/lib/thumb/v7e-m/fpv4-sp/hard/libc.a(lib_a-setbuf.o)
                              _build/before_startup.o (setbuf)
/usr/bin/../lib/gcc/arm-none-eabi/7.3.1/../../../../arm-none-eabi/lib/thumb/v7e-m/fpv4-sp/hard/libc.a(lib_a-setvbuf.o)
                              /usr/bin/../lib/gcc/arm-none-eabi/7.3.1/../../../../arm-none-eabi/lib/thumb/v7e-m/fpv4-sp/hard/libc.a(lib_a-setbuf.o) (setvbuf)
/usr/bin/../lib/gcc/arm-none-eabi/7.3.1/../../../../arm-none-eabi/lib/thumb/v7e-m/fpv4-sp/hard/libc.a(lib_a-strcmp.o)
                              /usr/bin/../lib/gcc/arm-none-eabi/7.3.1/../../../../arm-none-eabi/lib/thumb/v7e-m/fpv4-sp/hard/libc.a(lib_a-locale.o) (strcmp)
/usr/bin/../lib/gcc/arm-none-eabi/7.3.1/../../../../arm-none-eabi/lib/thumb/v7e-m/fpv4-sp/hard/libc.a(lib_a-strcpy.o)
                              _build/SEGGER_RTT.o (strcpy)
/usr/bin/../lib/gcc/arm-none-eabi/7.3.1/../../../../arm-none-eabi/lib/thumb/v7e-m/fpv4-sp/hard/libc.a(lib_a-strlen.o)
                              _build/display.o (strlen)
/usr/bin/../lib/gcc/arm-none-eabi/7.3.1/../../../../arm-none-eabi/lib/thumb/v7e-m/fpv4-sp/hard/libc.a(lib_a-vfprintf.o)
                              /usr/bin/../lib/gcc/arm-none-eabi/7.3.1/../../../../arm-none-eabi/lib/thumb/v7e-m/fpv4-sp/hard/libc.a(lib_a-printf.o) (_vfprintf_r)
/usr/bin/../lib/gcc/arm-none-eabi/7.3.1/../../../../arm-none-eabi/lib/thumb/v7e-m/fpv4-sp/hard/libc.a(lib_a-vsnprintf.o)
                              _build/simple_logger.o (vsnprintf)
/usr/bin/../lib/gcc/arm-none-eabi/7.3.1/../../../../arm-none-eabi/lib/thumb/v7e-m/fpv4-sp/hard/libc.a(lib_a-wctomb_r.o)
                              /usr/bin/../lib/gcc/arm-none-eabi/7.3.1/../../../../arm-none-eabi/lib/thumb/v7e-m/fpv4-sp/hard/libc.a(lib_a-locale.o) (__ascii_wctomb)
/usr/bin/../lib/gcc/arm-none-eabi/7.3.1/../../../../arm-none-eabi/lib/thumb/v7e-m/fpv4-sp/hard/libc.a(lib_a-wsetup.o)
                              /usr/bin/../lib/gcc/arm-none-eabi/7.3.1/../../../../arm-none-eabi/lib/thumb/v7e-m/fpv4-sp/hard/libc.a(lib_a-vfprintf.o) (__swsetup_r)
/usr/bin/../lib/gcc/arm-none-eabi/7.3.1/../../../../arm-none-eabi/lib/thumb/v7e-m/fpv4-sp/hard/libc.a(lib_a-__call_atexit.o)
                              /usr/bin/../lib/gcc/arm-none-eabi/7.3.1/../../../../arm-none-eabi/lib/thumb/v7e-m/fpv4-sp/hard/libc.a(lib_a-exit.o) (__call_exitprocs)
/usr/bin/../lib/gcc/arm-none-eabi/7.3.1/../../../../arm-none-eabi/lib/thumb/v7e-m/fpv4-sp/hard/libc.a(lib_a-atexit.o)
                              /usr/bin/../lib/gcc/arm-none-eabi/7.3.1/../../../../arm-none-eabi/lib/thumb/v7e-m/fpv4-sp/hard/libc.a(lib_a-__call_atexit.o) (atexit)
/usr/bin/../lib/gcc/arm-none-eabi/7.3.1/../../../../arm-none-eabi/lib/thumb/v7e-m/fpv4-sp/hard/libc.a(lib_a-ctype_.o)
[...]
Memory Configuration

Name             Origin             Length             Attributes
FLASH            0x0000000000026000 0x0000000000059000 xr
RAM              0x00000000200098a8 0x0000000000006758 xrw
bootloader_settings_page 0x000000000007f000 0x0000000000001000 r
uicr_bootloader_start_address 0x0000000010001014 0x0000000000000004 r
*default*        0x0000000000000000 0xffffffffffffffff

Linker script and memory map


.text           0x0000000000026000     0xb298
 *(.isr_vector)
 .isr_vector    0x0000000000026000      0x200 _build/gcc_startup_nrf52.os
                0x0000000000026000                __isr_vector
 *(.text*)
 .text          0x0000000000026200       0x40 /usr/bin/../lib/gcc/arm-none-eabi/7.3.1/thumb/v7e-m/fpv4-sp/hard/crtbegin.o
 .text          0x0000000000026240       0x74 /usr/bin/../lib/gcc/arm-none-eabi/7.3.1/../../../../arm-none-eabi/lib/thumb/v7e-m/fpv4-sp/hard/crt0.o
                0x0000000000026240                _mainCRTStartup
                0x0000000000026240                _start
 .text.nrf_delay_ms.part.0.constprop.1
                0x00000000000262b4       0x1c _build/main.o
 .text.startup.main
                0x00000000000262d0       0x90 _build/main.o
                0x00000000000262d0                main
 .text.nrf_delay_ms.part.0
                0x0000000000026360       0x1c _build/better_error_handling.o
 .text.app_error_fault_handler
                0x000000000002637c      0x128 _build/better_error_handling.o
                0x000000000002637c                app_error_fault_handler
 .text.HardFault_process
                0x00000000000264a4       0x9a _build/better_error_handling.o
                0x00000000000264a4                HardFault_process
 .text._GetAvailWriteSpace
                0x000000000002653e       0x1c _build/SEGGER_RTT.o
 .text._WriteNoCheck
                0x000000000002655a       0x3a _build/SEGGER_RTT.o
 .text._WriteBlocking
                0x0000000000026594       0x52 _build/SEGGER_RTT.o
 *fill*         0x00000000000265e6        0x2 
 .text._DoInit  0x00000000000265e8       0x60 _build/SEGGER_RTT.o
 .text.SEGGER_RTT_WriteNoLock
                0x0000000000026648       0x68 _build/SEGGER_RTT.o
                0x0000000000026648                SEGGER_RTT_WriteNoLock
 .text.SEGGER_RTT_Write
                0x00000000000266b0       0x3c _build/SEGGER_RTT.o
                0x00000000000266b0                SEGGER_RTT_Write
 .text._write_r
                0x00000000000266ec       0x12 _build/SEGGER_RTT_Syscalls_GCC.o
                0x00000000000266ec                _write_r
 .text.app_error_handler
                0x00000000000266fe       0x1a _build/app_error_handler_gcc.o
                0x00000000000266fe                app_error_handler
 .text.pwm_dealloc
                0x0000000000026718       0x58 _build/app_pwm.o
 .text.pwm_ready_tick
                0x0000000000026770       0x5c _build/app_pwm.o
                0x0000000000026770                pwm_ready_tick
 .text.app_pwm_busy_check
                0x00000000000267cc       0x3c _build/app_pwm.o
                0x00000000000267cc                app_pwm_busy_check
 .text.app_pwm_channel_duty_ticks_set
                0x0000000000026808      0x1a0 _build/app_pwm.o
                0x0000000000026808                app_pwm_channel_duty_ticks_set
 .text.app_pwm_channel_duty_set
                0x00000000000269a8       0x12 _build/app_pwm.o
                0x00000000000269a8                app_pwm_channel_duty_set
 *fill*         0x00000000000269ba        0x2 
 .text.app_pwm_init
                0x00000000000269bc      0x344 _build/app_pwm.o
                0x00000000000269bc                app_pwm_init
 .text.app_pwm_enable
                0x0000000000026d00       0x88 _build/app_pwm.o
                0x0000000000026d00                app_pwm_enable
 .text.user_op_alloc
                0x0000000000026d88       0x2c _build/app_timer.o
 .text.timer_stop_op_schedule
                0x0000000000026db4       0x50 _build/app_timer.o
 .text.nrfx_coredep_delay_us.constprop.3
                0x0000000000026e04       0x10 _build/app_timer.o
 .text.RTC1_IRQHandler
                0x0000000000026e14       0x9c _build/app_timer.o
                0x0000000000026e14                RTC1_IRQHandler
 .text.SWI0_EGU0_IRQHandler
                0x0000000000026eb0      0x2a4 _build/app_timer.o
                0x0000000000026eb0                SWI0_EGU0_IRQHandler
 .text.app_timer_start
                0x0000000000027154       0x88 _build/app_timer.o
                0x0000000000027154                app_timer_start
 .text.app_timer_stop
                0x00000000000271dc       0x20 _build/app_timer.o
                0x00000000000271dc                app_timer_stop
 .text.privilege_level_get
                0x00000000000271fc       0x1a _build/app_util_platform.o
                0x00000000000271fc                privilege_level_get
 *fill*         0x0000000000027216        0x2 
 .text.app_util_critical_region_enter
                0x0000000000027218       0x60 _build/app_util_platform.o
                0x0000000000027218                app_util_critical_region_enter
 .text.app_util_critical_region_exit
                0x0000000000027278       0x40 _build/app_util_platform.o
                0x0000000000027278                app_util_critical_region_exit
 .text.startup.called_first
                0x00000000000272b8       0x10 _build/before_startup.o
                0x00000000000272b8                called_first
 .text.HardFault_Handler
                0x00000000000272c8       0x34 _build/hardfault_handler_gcc.o
                0x00000000000272c8                HardFault_Handler
 .text.HardFault_c_handler
                0x00000000000272fc      0x104 _build/hardfault_implementation.o
                0x00000000000272fc                HardFault_c_handler
 .text.nrf_atomic_u32_fetch_store
                0x0000000000027400       0x14 _build/nrf_atomic.o
                0x0000000000027400                nrf_atomic_u32_fetch_store
 .text.nrf_atomic_u32_or
                0x0000000000027414       0x16 _build/nrf_atomic.o
                0x0000000000027414                nrf_atomic_u32_or
 .text.nrf_atomic_u32_fetch_and
                0x000000000002742a       0x16 _build/nrf_atomic.o
                0x000000000002742a                nrf_atomic_u32_fetch_and
 .text.nrf_atomic_u32_add
                0x0000000000027440       0x16 _build/nrf_atomic.o
                0x0000000000027440                nrf_atomic_u32_add
 .text.nrf_atomic_u32_sub
                0x0000000000027456       0x16 _build/nrf_atomic.o
                0x0000000000027456                nrf_atomic_u32_sub
 .text.nrf_atomic_flag_set
                0x000000000002746c        0x6 _build/nrf_atomic.o
                0x000000000002746c                nrf_atomic_flag_set
 .text.nrf_atomic_flag_clear_fetch
                0x0000000000027472        0x6 _build/nrf_atomic.o
                0x0000000000027472                nrf_atomic_flag_clear_fetch
 .text.nrf_balloc_alloc
                0x0000000000027478       0x5c _build/nrf_balloc.o
                0x0000000000027478                nrf_balloc_alloc
 .text.nrf_balloc_free
                0x00000000000274d4       0x50 _build/nrf_balloc.o
                0x00000000000274d4                nrf_balloc_free
 .text.clock_clk_started_notify
                0x0000000000027524       0x28 _build/nrf_drv_clock.o
 .text.clock_irq_handler
                0x000000000002754c       0x1c _build/nrf_drv_clock.o
 .text.soc_evt_handler
                0x0000000000027568       0x14 _build/nrf_drv_clock.o
 .text.nrf_drv_clock_init
                0x000000000002757c       0x38 _build/nrf_drv_clock.o
                0x000000000002757c                nrf_drv_clock_init
 .text.nrf_drv_clock_lfclk_release
                0x00000000000275b4       0x60 _build/nrf_drv_clock.o
                0x00000000000275b4                nrf_drv_clock_lfclk_release
 .text.sd_state_evt_handler
                0x0000000000027614       0x6c _build/nrf_drv_clock.o
 .text.nrf_drv_ppi_init
                0x0000000000027680       0x14 _build/nrf_drv_ppi.o
                0x0000000000027680                nrf_drv_ppi_init
 .text.invalid_packets_omit
                0x0000000000027694       0x3a _build/nrf_log_frontend.o
 *fill*         0x00000000000276ce        0x2 
 .text.buf_prealloc
                0x00000000000276d0      0x138 _build/nrf_log_frontend.o
 .text.buffer_is_empty
                0x0000000000027808       0x14 _build/nrf_log_frontend.o
                0x0000000000027808                buffer_is_empty
 .text.nrf_log_frontend_dequeue
                0x000000000002781c      0x228 _build/nrf_log_frontend.o
                0x000000000002781c                nrf_log_frontend_dequeue
 .text.std_n    0x0000000000027a44       0xd8 _build/nrf_log_frontend.o
 .text.nrf_log_frontend_std_0
                0x0000000000027b1c        0x8 _build/nrf_log_frontend.o
                0x0000000000027b1c                nrf_log_frontend_std_0
 .text.nrf_log_frontend_std_1
                0x0000000000027b24       0x14 _build/nrf_log_frontend.o
                0x0000000000027b24                nrf_log_frontend_std_1
 .text.nrf_log_frontend_std_2
                0x0000000000027b38       0x14 _build/nrf_log_frontend.o
                0x0000000000027b38                nrf_log_frontend_std_2
 .text.nrf_log_frontend_std_3
                0x0000000000027b4c       0x18 _build/nrf_log_frontend.o
                0x0000000000027b4c                nrf_log_frontend_std_3
 .text.nrf_log_frontend_std_4
                0x0000000000027b64       0x1c _build/nrf_log_frontend.o
                0x0000000000027b64                nrf_log_frontend_std_4
 .text.nrf_log_panic
                0x0000000000027b80       0x2c _build/nrf_log_frontend.o
                0x0000000000027b80                nrf_log_panic
 .text.memobj_op
                0x0000000000027bac       0xa4 _build/nrf_memobj.o
 .text.nrf_memobj_free
                0x0000000000027c50       0x2c _build/nrf_memobj.o
                0x0000000000027c50                nrf_memobj_free
 .text.nrf_memobj_alloc
                0x0000000000027c7c       0x5e _build/nrf_memobj.o
                0x0000000000027c7c                nrf_memobj_alloc
 .text.nrf_memobj_get
                0x0000000000027cda        0x8 _build/nrf_memobj.o
                0x0000000000027cda                nrf_memobj_get
 .text.nrf_memobj_put
                0x0000000000027ce2       0x1e _build/nrf_memobj.o
                0x0000000000027ce2                nrf_memobj_put
 .text.nrf_memobj_write
                0x0000000000027d00       0x2c _build/nrf_memobj.o
                0x0000000000027d00                nrf_memobj_write
 .text.nrf_section_iter_init
                0x0000000000027d2c       0x30 _build/nrf_section_iter.o
                0x0000000000027d2c                nrf_section_iter_init
 .text.nrf_section_iter_next
                0x0000000000027d5c       0x38 _build/nrf_section_iter.o
                0x0000000000027d5c                nrf_section_iter_next
 .text.nrf_strerror_find
                0x0000000000027d94       0x3c _build/nrf_strerror.o
                0x0000000000027d94                nrf_strerror_find
 .text.nrf_strerror_get
                0x0000000000027dd0       0x14 _build/nrf_strerror.o
                0x0000000000027dd0                nrf_strerror_get
 .text.nrfx_clock_init
                0x0000000000027de4       0x2c _build/nrfx_clock.o
                0x0000000000027de4                nrfx_clock_init
 .text.nrfx_clock_enable
                0x0000000000027e10       0x3c _build/nrfx_clock.o
                0x0000000000027e10                nrfx_clock_enable
 .text.nrfx_clock_lfclk_stop
                0x0000000000027e4c       0x30 _build/nrfx_clock.o
                0x0000000000027e4c                nrfx_clock_lfclk_stop
 .text.POWER_CLOCK_IRQHandler
                0x0000000000027e7c       0x64 _build/nrfx_clock.o
                0x0000000000027e7c                POWER_CLOCK_IRQHandler
 .text.nrf_gpiote_event_clear
                0x0000000000027ee0       0x18 _build/nrfx_gpiote.o
 .text.channel_free
                0x0000000000027ef8       0x1c _build/nrfx_gpiote.o
 .text.nrf_gpio_pin_port_decode.isra.0.part.1
                0x0000000000027f14       0x10 _build/nrfx_gpiote.o
 .text.nrf_gpio_cfg_sense_set
                0x0000000000027f24       0x2e _build/nrfx_gpiote.o
 *fill*         0x0000000000027f52        0x2 
 .text.nrfx_gpiote_init
                0x0000000000027f54       0x6c _build/nrfx_gpiote.o
                0x0000000000027f54                nrfx_gpiote_init
 .text.nrfx_gpiote_is_init
                0x0000000000027fc0       0x14 _build/nrfx_gpiote.o
                0x0000000000027fc0                nrfx_gpiote_is_init
 .text.nrfx_gpiote_out_init
                0x0000000000027fd4      0x11c _build/nrfx_gpiote.o
                0x0000000000027fd4                nrfx_gpiote_out_init
 .text.nrfx_gpiote_out_uninit
                0x00000000000280f0       0x90 _build/nrfx_gpiote.o
                0x00000000000280f0                nrfx_gpiote_out_uninit
 .text.nrfx_gpiote_out_set
                0x0000000000028180       0x5c _build/nrfx_gpiote.o
                0x0000000000028180                nrfx_gpiote_out_set
 .text.nrfx_gpiote_out_clear
                0x00000000000281dc       0x5c _build/nrfx_gpiote.o
                0x00000000000281dc                nrfx_gpiote_out_clear
 .text.nrfx_gpiote_out_task_enable
                0x0000000000028238       0x64 _build/nrfx_gpiote.o
                0x0000000000028238                nrfx_gpiote_out_task_enable
 .text.nrfx_gpiote_set_task_addr_get
                0x000000000002829c       0x48 _build/nrfx_gpiote.o
                0x000000000002829c                nrfx_gpiote_set_task_addr_get
 .text.nrfx_gpiote_clr_task_addr_get
                0x00000000000282e4       0x48 _build/nrfx_gpiote.o
                0x00000000000282e4                nrfx_gpiote_clr_task_addr_get
 .text.nrfx_gpiote_out_task_force
                0x000000000002832c       0x70 _build/nrfx_gpiote.o
                0x000000000002832c                nrfx_gpiote_out_task_force
 .text.GPIOTE_IRQHandler
                0x000000000002839c      0x18c _build/nrfx_gpiote.o
                0x000000000002839c                GPIOTE_IRQHandler
 .text.nrfx_ppi_channel_alloc
                0x0000000000028528       0x68 _build/nrfx_ppi.o
                0x0000000000028528                nrfx_ppi_channel_alloc
 .text.nrfx_ppi_channel_free
                0x0000000000028590       0x44 _build/nrfx_ppi.o
                0x0000000000028590                nrfx_ppi_channel_free
 .text.nrfx_ppi_channel_assign
                0x00000000000285d4       0x40 _build/nrfx_ppi.o
                0x00000000000285d4                nrfx_ppi_channel_assign
 .text.nrfx_ppi_channel_enable
                0x0000000000028614       0x30 _build/nrfx_ppi.o
                0x0000000000028614                nrfx_ppi_channel_enable
 .text.nrfx_ppi_channel_disable
                0x0000000000028644       0x30 _build/nrfx_ppi.o
                0x0000000000028644                nrfx_ppi_channel_disable
 .text.UARTE0_UART0_IRQHandler
                0x0000000000028674       0x20 _build/nrfx_prs.o
                0x0000000000028674                UARTE0_UART0_IRQHandler
 .text.nrf_pwm_event_clear
                0x0000000000028694       0x10 _build/nrfx_pwm.o
 .text.irq_handler
                0x00000000000286a4       0x80 _build/nrfx_pwm.o
 .text.PWM0_IRQHandler
                0x0000000000028724       0x10 _build/nrfx_pwm.o
                0x0000000000028724                PWM0_IRQHandler
 .text.PWM1_IRQHandler
                0x0000000000028734       0x10 _build/nrfx_pwm.o
                0x0000000000028734                PWM1_IRQHandler
 .text.PWM2_IRQHandler
                0x0000000000028744       0x10 _build/nrfx_pwm.o
                0x0000000000028744                PWM2_IRQHandler
 .text.nrf_saadc_event_clear
                0x0000000000028754       0x18 _build/nrfx_saadc.o
 .text.SAADC_IRQHandler
                0x000000000002876c      0x164 _build/nrfx_saadc.o
                0x000000000002876c                SAADC_IRQHandler
 .text.nrf_gpio_pin_port_decode.isra.0.part.1
                0x00000000000288d0       0x10 _build/nrfx_spim.o
 .text.nrf_gpio_pin_clear
                0x00000000000288e0       0x1c _build/nrfx_spim.o
 .text.nrf_gpio_pin_set
                0x00000000000288fc       0x1c _build/nrfx_spim.o
 .text.SPIM1_SPIS1_TWIM1_TWIS1_SPI1_TWI1_IRQHandler
                0x0000000000028918       0x64 _build/nrfx_spim.o
                0x0000000000028918                SPIM1_SPIS1_TWIM1_TWIS1_SPI1_TWI1_IRQHandler
 .text.irq_handler.constprop.0
                0x000000000002897c       0x4c _build/nrfx_timer.o
 .text.nrfx_timer_init
                0x00000000000289c8      0x170 _build/nrfx_timer.o
                0x00000000000289c8                nrfx_timer_init
 .text.nrfx_timer_enable
                0x0000000000028b38       0x38 _build/nrfx_timer.o
                0x0000000000028b38                nrfx_timer_enable
 .text.nrfx_timer_disable
                0x0000000000028b70       0x34 _build/nrfx_timer.o
                0x0000000000028b70                nrfx_timer_disable
 .text.nrfx_timer_uninit
                0x0000000000028ba4       0x50 _build/nrfx_timer.o
                0x0000000000028ba4                nrfx_timer_uninit
 .text.nrfx_timer_clear
                0x0000000000028bf4       0x2c _build/nrfx_timer.o
                0x0000000000028bf4                nrfx_timer_clear
 .text.nrfx_timer_compare
                0x0000000000028c20       0x36 _build/nrfx_timer.o
                0x0000000000028c20                nrfx_timer_compare
 .text.nrfx_timer_extended_compare
                0x0000000000028c56       0x2e _build/nrfx_timer.o
                0x0000000000028c56                nrfx_timer_extended_compare
 .text.nrfx_timer_compare_int_enable
                0x0000000000028c84       0x58 _build/nrfx_timer.o
                0x0000000000028c84                nrfx_timer_compare_int_enable
 .text.nrfx_timer_compare_int_disable
                0x0000000000028cdc       0x44 _build/nrfx_timer.o
                0x0000000000028cdc                nrfx_timer_compare_int_disable
 .text.TIMER0_IRQHandler
                0x0000000000028d20       0x10 _build/nrfx_timer.o
                0x0000000000028d20                TIMER0_IRQHandler
 .text.TIMER1_IRQHandler
                0x0000000000028d30       0x10 _build/nrfx_timer.o
                0x0000000000028d30                TIMER1_IRQHandler
 .text.TIMER2_IRQHandler
                0x0000000000028d40       0x10 _build/nrfx_timer.o
                0x0000000000028d40                TIMER2_IRQHandler
 .text.nrf_twim_event_clear
                0x0000000000028d50       0x10 _build/nrfx_twim.o
 .text.SPIM0_SPIS0_TWIM0_TWIS0_SPI0_TWI0_IRQHandler
                0x0000000000028d60      0x158 _build/nrfx_twim.o
                0x0000000000028d60                SPIM0_SPIS0_TWIM0_TWIS0_SPI0_TWI0_IRQHandler
 .text.ble_advdata_search
                0x0000000000028eb8       0x38 _build/ble_advdata.o
                0x0000000000028eb8                ble_advdata_search
 .text.ble_advdata_parse
                0x0000000000028ef0       0x20 _build/ble_advdata.o
                0x0000000000028ef0                ble_advdata_parse
 .text.sd_ble_gap_adv_set_configure
                0x0000000000028f10        0x4 _build/ble_advertising.o
 .text.sd_ble_gap_adv_start
                0x0000000000028f14        0x4 _build/ble_advertising.o
 .text.flags_set
                0x0000000000028f18       0x2c _build/ble_advertising.o
 .text.ble_advertising_start
                0x0000000000028f44      0x21c _build/ble_advertising.o
                0x0000000000028f44                ble_advertising_start
 .text.ble_advertising_on_ble_evt
                0x0000000000029160       0x6a _build/ble_advertising.o
                0x0000000000029160                ble_advertising_on_ble_evt
 .text.ble_advertising_on_sys_evt
                0x00000000000291ca        0x2 _build/ble_advertising.o
                0x00000000000291ca                ble_advertising_on_sys_evt
 .text.instance_get
                0x00000000000291cc       0x14 _build/ble_conn_params.o
 .text.send_error_evt
                0x00000000000291e0       0x10 _build/ble_conn_params.o
 .text.conn_params_negotiation
                0x00000000000291f0       0x48 _build/ble_conn_params.o
 .text.is_conn_params_ok.constprop.3
                0x0000000000029238       0x3a _build/ble_conn_params.o
 *fill*         0x0000000000029272        0x2 
 .text.ble_evt_handler
                0x0000000000029274       0xe0 _build/ble_conn_params.o
 .text.ble_srv_is_notification_enabled
                0x0000000000029354        0x8 _build/ble_srv_common.o
                0x0000000000029354                ble_srv_is_notification_enabled
 .text.sd_ble_gap_data_length_update
                0x000000000002935c        0x4 _build/nrf_ble_gatt.o
 .text.sd_ble_gattc_exchange_mtu_request
                0x0000000000029360        0x4 _build/nrf_ble_gatt.o
 .text.sd_ble_gatts_exchange_mtu_reply
                0x0000000000029364        0x4 _build/nrf_ble_gatt.o
 .text.data_length_update
                0x0000000000029368       0x7c _build/nrf_ble_gatt.o
 .text.nrf_ble_gatt_on_ble_evt
                0x00000000000293e4      0x1b0 _build/nrf_ble_gatt.o
                0x00000000000293e4                nrf_ble_gatt_on_ble_evt
 .text.sd_ble_gatts_rw_authorize_reply
                0x0000000000029594        0x4 _build/nrf_ble_qwr.o
 .text.sd_ble_user_mem_reply
                0x0000000000029598        0x4 _build/nrf_ble_qwr.o
 .text.user_mem_reply.part.0
                0x000000000002959c       0x24 _build/nrf_ble_qwr.o
 .text.nrf_ble_qwr_conn_handle_assign
                0x00000000000295c0       0x16 _build/nrf_ble_qwr.o
                0x00000000000295c0                nrf_ble_qwr_conn_handle_assign
 .text.nrf_ble_qwr_on_ble_evt
                0x00000000000295d6       0xa0 _build/nrf_ble_qwr.o
                0x00000000000295d6                nrf_ble_qwr_on_ble_evt
 *fill*         0x0000000000029676        0x2 
 .text.nrf_sdh_is_enabled
                0x0000000000029678        0xc _build/nrf_sdh.o
                0x0000000000029678                nrf_sdh_is_enabled
 .text.nrf_sdh_evts_poll
                0x0000000000029684       0x28 _build/nrf_sdh.o
                0x0000000000029684                nrf_sdh_evts_poll
 .text.SWI2_EGU2_IRQHandler
                0x00000000000296ac        0x4 _build/nrf_sdh.o
                0x00000000000296ac                SWI2_EGU2_IRQHandler
 .text.sd_ble_evt_get
                0x00000000000296b0        0x4 _build/nrf_sdh_ble.o
 .text.nrf_sdh_ble_evts_poll.part.0
                0x00000000000296b4       0x58 _build/nrf_sdh_ble.o
 .text.nrf_sdh_ble_evts_poll
                0x000000000002970c       0x10 _build/nrf_sdh_ble.o
 .text.sd_ble_gap_disconnect
                0x000000000002971c        0x4 _build/simple_ble.o
 .text.sd_ble_gap_sec_params_reply
                0x0000000000029720        0x4 _build/simple_ble.o
 .text.sd_ble_gap_sec_info_reply
                0x0000000000029724        0x4 _build/simple_ble.o
 .text.sd_ble_gap_scan_start
                0x0000000000029728        0x4 _build/simple_ble.o
 .text.sd_ble_gap_phy_update
                0x000000000002972c        0x4 _build/simple_ble.o
 .text.sd_ble_gatts_sys_attr_set
                0x0000000000029730        0x4 _build/simple_ble.o
 .text.sd_power_system_off
                0x0000000000029734        0x4 _build/simple_ble.o
 .text.on_ble_evt
                0x0000000000029738      0x1d0 _build/simple_ble.o
 .text.assert_nrf_callback
                0x0000000000029908       0x20 _build/simple_ble.o
                0x0000000000029908                assert_nrf_callback
 .text.errata_12
                0x0000000000029928       0x40 _build/system_nrf52.o
 .text.errata_16
                0x0000000000029968       0x34 _build/system_nrf52.o
 .text.SystemInit
                0x000000000002999c      0x25c _build/system_nrf52.o
                0x000000000002999c                SystemInit
 .text          0x0000000000029bf8       0x3c _build/gcc_startup_nrf52.os
                0x0000000000029bf8                Reset_Handler
                0x0000000000029c20                NMI_Handler
                0x0000000000029c24                MemoryManagement_Handler
                0x0000000000029c26                BusFault_Handler
                0x0000000000029c28                UsageFault_Handler
                0x0000000000029c2a                SVC_Handler
                0x0000000000029c2c                DebugMon_Handler
                0x0000000000029c2e                PendSV_Handler
                0x0000000000029c30                SysTick_Handler
                0x0000000000029c32                RTC0_IRQHandler
                0x0000000000029c32                RADIO_IRQHandler
                0x0000000000029c32                PDM_IRQHandler
                0x0000000000029c32                TEMP_IRQHandler
                0x0000000000029c32                QDEC_IRQHandler
                0x0000000000029c32                TIMER3_IRQHandler
                0x0000000000029c32                FPU_IRQHandler
                0x0000000000029c32                TIMER4_IRQHandler
                0x0000000000029c32                I2S_IRQHandler
                0x0000000000029c32                SWI4_EGU4_IRQHandler
                0x0000000000029c32                ECB_IRQHandler
                0x0000000000029c32                Default_Handler
                0x0000000000029c32                CCM_AAR_IRQHandler
                0x0000000000029c32                WDT_IRQHandler
                0x0000000000029c32                SWI5_EGU5_IRQHandler
                0x0000000000029c32                RNG_IRQHandler
                0x0000000000029c32                RTC2_IRQHandler
                0x0000000000029c32                SWI3_EGU3_IRQHandler
                0x0000000000029c32                SWI1_EGU1_IRQHandler
                0x0000000000029c32                SPIM2_SPIS2_SPI2_IRQHandler
                0x0000000000029c32                NFCT_IRQHandler
                0x0000000000029c32                MWU_IRQHandler
                0x0000000000029c32                COMP_LPCOMP_IRQHandler
 .text.exit     0x0000000000029c34       0x20 /usr/bin/../lib/gcc/arm-none-eabi/7.3.1/../../../../arm-none-eabi/lib/thumb/v7e-m/fpv4-sp/hard/libc.a(lib_a-exit.o)
                0x0000000000029c34                exit
 .text.__libc_init_array
                0x0000000000029c54       0x48 /usr/bin/../lib/gcc/arm-none-eabi/7.3.1/../../../../arm-none-eabi/lib/thumb/v7e-m/fpv4-sp/hard/libc.a(lib_a-init.o)
                0x0000000000029c54                __libc_init_array
 .text.__locale_mb_cur_max
                0x0000000000029c9c       0x1c /usr/bin/../lib/gcc/arm-none-eabi/7.3.1/../../../../arm-none-eabi/lib/thumb/v7e-m/fpv4-sp/hard/libc.a(lib_a-locale.o)
                0x0000000000029c9c                __locale_mb_cur_max
 .text.__ascii_mbtowc
                0x0000000000029cb8       0x2c /usr/bin/../lib/gcc/arm-none-eabi/7.3.1/../../../../arm-none-eabi/lib/thumb/v7e-m/fpv4-sp/hard/libc.a(lib_a-mbtowc_r.o)
                0x0000000000029cb8                __ascii_mbtowc
 .text          0x0000000000029ce4      0x134 /usr/bin/../lib/gcc/arm-none-eabi/7.3.1/../../../../arm-none-eabi/lib/thumb/v7e-m/fpv4-sp/hard/libc.a(lib_a-memcpy.o)
                0x0000000000029ce4                memcpy
 .text.memset   0x0000000000029e18       0x94 /usr/bin/../lib/gcc/arm-none-eabi/7.3.1/../../../../arm-none-eabi/lib/thumb/v7e-m/fpv4-sp/hard/libc.a(lib_a-memset.o)
                0x0000000000029e18                memset
 .text.printf   0x0000000000029eac       0x28 /usr/bin/../lib/gcc/arm-none-eabi/7.3.1/../../../../arm-none-eabi/lib/thumb/v7e-m/fpv4-sp/hard/libc.a(lib_a-printf.o)
                0x0000000000029eac                printf
 .text.setbuf   0x0000000000029ed4       0x10 /usr/bin/../lib/gcc/arm-none-eabi/7.3.1/../../../../arm-none-eabi/lib/thumb/v7e-m/fpv4-sp/hard/libc.a(lib_a-setbuf.o)
                0x0000000000029ed4                setbuf
 .text.setvbuf  0x0000000000029ee4      0x180 /usr/bin/../lib/gcc/arm-none-eabi/7.3.1/../../../../arm-none-eabi/lib/thumb/v7e-m/fpv4-sp/hard/libc.a(lib_a-setvbuf.o)
                0x0000000000029ee4                setvbuf
 .text.strcpy   0x000000000002a064       0xbc /usr/bin/../lib/gcc/arm-none-eabi/7.3.1/../../../../arm-none-eabi/lib/thumb/v7e-m/fpv4-sp/hard/libc.a(lib_a-strcpy.o)
                0x000000000002a064                strcpy
 *fill*         0x000000000002a120       0x20 
 .text          0x000000000002a140       0xdc /usr/bin/../lib/gcc/arm-none-eabi/7.3.1/../../../../arm-none-eabi/lib/thumb/v7e-m/fpv4-sp/hard/libc.a(lib_a-strlen.o)
                0x000000000002a140                strlen
 *fill*         0x000000000002a21c        0x4 
 .text._vfprintf_r
                0x000000000002a220     0x1a7c /usr/bin/../lib/gcc/arm-none-eabi/7.3.1/../../../../arm-none-eabi/lib/thumb/v7e-m/fpv4-sp/hard/libc.a(lib_a-vfprintf.o)
                0x000000000002a220                _vfprintf_r
 .text.__sbprintf
                0x000000000002bc9c       0x84 /usr/bin/../lib/gcc/arm-none-eabi/7.3.1/../../../../arm-none-eabi/lib/thumb/v7e-m/fpv4-sp/hard/libc.a(lib_a-vfprintf.o)
 .text.__ascii_wctomb
                0x000000000002bd20       0x1c /usr/bin/../lib/gcc/arm-none-eabi/7.3.1/../../../../arm-none-eabi/lib/thumb/v7e-m/fpv4-sp/hard/libc.a(lib_a-wctomb_r.o)
                0x000000000002bd20                __ascii_wctomb
 .text.__swsetup_r
                0x000000000002bd3c       0xcc /usr/bin/../lib/gcc/arm-none-eabi/7.3.1/../../../../arm-none-eabi/lib/thumb/v7e-m/fpv4-sp/hard/libc.a(lib_a-wsetup.o)
                0x000000000002bd3c                __swsetup_r
 .text.startup.register_fini
                0x000000000002be08       0x14 /usr/bin/../lib/gcc/arm-none-eabi/7.3.1/../../../../arm-none-eabi/lib/thumb/v7e-m/fpv4-sp/hard/libc.a(lib_a-__call_atexit.o)
 .text.__call_exitprocs
                0x000000000002be1c       0xe8 /usr/bin/../lib/gcc/arm-none-eabi/7.3.1/../../../../arm-none-eabi/lib/thumb/v7e-m/fpv4-sp/hard/libc.a(lib_a-__call_atexit.o)
                0x000000000002be1c                __call_exitprocs
 .text.atexit   0x000000000002bf04        0xc /usr/bin/../lib/gcc/arm-none-eabi/7.3.1/../../../../arm-none-eabi/lib/thumb/v7e-m/fpv4-sp/hard/libc.a(lib_a-atexit.o)
                0x000000000002bf04                atexit
 .text.quorem   0x000000000002bf10      0x124 /usr/bin/../lib/gcc/arm-none-eabi/7.3.1/../../../../arm-none-eabi/lib/thumb/v7e-m/fpv4-sp/hard/libc.a(lib_a-dtoa.o)
 *fill*         0x000000000002c034        0x4 
 .text._dtoa_r  0x000000000002c038      0xe20 /usr/bin/../lib/gcc/arm-none-eabi/7.3.1/../../../../arm-none-eabi/lib/thumb/v7e-m/fpv4-sp/hard/libc.a(lib_a-dtoa.o)
                0x000000000002c038                _dtoa_r
 .text.__sflush_r
                0x000000000002ce58      0x154 /usr/bin/../lib/gcc/arm-none-eabi/7.3.1/../../../../arm-none-eabi/lib/thumb/v7e-m/fpv4-sp/hard/libc.a(lib_a-fflush.o)
                0x000000000002ce58                __sflush_r
 .text._fflush_r
                0x000000000002cfac       0x5c /usr/bin/../lib/gcc/arm-none-eabi/7.3.1/../../../../arm-none-eabi/lib/thumb/v7e-m/fpv4-sp/hard/libc.a(lib_a-fflush.o)
                0x000000000002cfac                _fflush_r
 .text.std      0x000000000002d008       0x50 /usr/bin/../lib/gcc/arm-none-eabi/7.3.1/../../../../arm-none-eabi/lib/thumb/v7e-m/fpv4-sp/hard/libc.a(lib_a-findfp.o)
 .text._cleanup_r
                0x000000000002d058        0xc /usr/bin/../lib/gcc/arm-none-eabi/7.3.1/../../../../arm-none-eabi/lib/thumb/v7e-m/fpv4-sp/hard/libc.a(lib_a-findfp.o)
                0x000000000002d058                _cleanup_r
 .text.__sinit  0x000000000002d064       0x58 /usr/bin/../lib/gcc/arm-none-eabi/7.3.1/../../../../arm-none-eabi/lib/thumb/v7e-m/fpv4-sp/hard/libc.a(lib_a-findfp.o)
                0x000000000002d064                __sinit
 .text.__sfp_lock_acquire
                0x000000000002d0bc        0xc /usr/bin/../lib/gcc/arm-none-eabi/7.3.1/../../../../arm-none-eabi/lib/thumb/v7e-m/fpv4-sp/hard/libc.a(lib_a-findfp.o)
                0x000000000002d0bc                __sfp_lock_acquire
 .text.__sfp_lock_release
                0x000000000002d0c8        0xc /usr/bin/../lib/gcc/arm-none-eabi/7.3.1/../../../../arm-none-eabi/lib/thumb/v7e-m/fpv4-sp/hard/libc.a(lib_a-findfp.o)
                0x000000000002d0c8                __sfp_lock_release
 .text.__libc_fini_array
                0x000000000002d0d4       0x34 /usr/bin/../lib/gcc/arm-none-eabi/7.3.1/../../../../arm-none-eabi/lib/thumb/v7e-m/fpv4-sp/hard/libc.a(lib_a-fini.o)
                0x000000000002d0d4                __libc_fini_array
 .text._malloc_trim_r
                0x000000000002d108       0xa0 /usr/bin/../lib/gcc/arm-none-eabi/7.3.1/../../../../arm-none-eabi/lib/thumb/v7e-m/fpv4-sp/hard/libc.a(lib_a-freer.o)
                0x000000000002d108                _malloc_trim_r
 .text._free_r  0x000000000002d1a8      0x1e8 /usr/bin/../lib/gcc/arm-none-eabi/7.3.1/../../../../arm-none-eabi/lib/thumb/v7e-m/fpv4-sp/hard/libc.a(lib_a-freer.o)
                0x000000000002d1a8                _free_r
 .text._fwalk_reent
                0x000000000002d390       0x54 /usr/bin/../lib/gcc/arm-none-eabi/7.3.1/../../../../arm-none-eabi/lib/thumb/v7e-m/fpv4-sp/hard/libc.a(lib_a-fwalk.o)
                0x000000000002d390                _fwalk_reent
 .text._localeconv_r
                0x000000000002d3e4       0x1c /usr/bin/../lib/gcc/arm-none-eabi/7.3.1/../../../../arm-none-eabi/lib/thumb/v7e-m/fpv4-sp/hard/libc.a(lib_a-localeconv.o)
                0x000000000002d3e4                _localeconv_r
 .text.__retarget_lock_init_recursive
                0x000000000002d400        0x4 /usr/bin/../lib/gcc/arm-none-eabi/7.3.1/../../../../arm-none-eabi/lib/thumb/v7e-m/fpv4-sp/hard/libc.a(lib_a-lock.o)
                0x000000000002d400                __retarget_lock_init_recursive
 .text.__retarget_lock_close_recursive
                0x000000000002d404        0x4 /usr/bin/../lib/gcc/arm-none-eabi/7.3.1/../../../../arm-none-eabi/lib/thumb/v7e-m/fpv4-sp/hard/libc.a(lib_a-lock.o)
                0x000000000002d404                __retarget_lock_close_recursive
 .text.__retarget_lock_acquire_recursive
                0x000000000002d408        0x4 /usr/bin/../lib/gcc/arm-none-eabi/7.3.1/../../../../arm-none-eabi/lib/thumb/v7e-m/fpv4-sp/hard/libc.a(lib_a-lock.o)
                0x000000000002d408                __retarget_lock_acquire_recursive
 .text.__retarget_lock_release_recursive
                0x000000000002d40c        0x4 /usr/bin/../lib/gcc/arm-none-eabi/7.3.1/../../../../arm-none-eabi/lib/thumb/v7e-m/fpv4-sp/hard/libc.a(lib_a-lock.o)
                0x000000000002d40c                __retarget_lock_release_recursive
 .text.__swhatbuf_r
                0x000000000002d410       0x5c /usr/bin/../lib/gcc/arm-none-eabi/7.3.1/../../../../arm-none-eabi/lib/thumb/v7e-m/fpv4-sp/hard/libc.a(lib_a-makebuf.o)
                0x000000000002d410                __swhatbuf_r
 .text.__smakebuf_r
                0x000000000002d46c       0x94 /usr/bin/../lib/gcc/arm-none-eabi/7.3.1/../../../../arm-none-eabi/lib/thumb/v7e-m/fpv4-sp/hard/libc.a(lib_a-makebuf.o)
                0x000000000002d46c                __smakebuf_r
 .text.malloc   0x000000000002d500       0x10 /usr/bin/../lib/gcc/arm-none-eabi/7.3.1/../../../../arm-none-eabi/lib/thumb/v7e-m/fpv4-sp/hard/libc.a(lib_a-malloc.o)
                0x000000000002d500                malloc
 .text.free     0x000000000002d510       0x10 /usr/bin/../lib/gcc/arm-none-eabi/7.3.1/../../../../arm-none-eabi/lib/thumb/v7e-m/fpv4-sp/hard/libc.a(lib_a-malloc.o)
                0x000000000002d510                free
 .text._malloc_r
                0x000000000002d520      0x548 /usr/bin/../lib/gcc/arm-none-eabi/7.3.1/../../../../arm-none-eabi/lib/thumb/v7e-m/fpv4-sp/hard/libc.a(lib_a-mallocr.o)
                0x000000000002d520                _malloc_r
 *fill*         0x000000000002da68        0x8 
 .text          0x000000000002da70       0xa0 /usr/bin/../lib/gcc/arm-none-eabi/7.3.1/../../../../arm-none-eabi/lib/thumb/v7e-m/fpv4-sp/hard/libc.a(lib_a-memchr.o)
                0x000000000002da70                memchr
 .text.__malloc_lock
                0x000000000002db10        0xc /usr/bin/../lib/gcc/arm-none-eabi/7.3.1/../../../../arm-none-eabi/lib/thumb/v7e-m/fpv4-sp/hard/libc.a(lib_a-mlock.o)
                0x000000000002db10                __malloc_lock
 .text.__malloc_unlock
                0x000000000002db1c        0xc /usr/bin/../lib/gcc/arm-none-eabi/7.3.1/../../../../arm-none-eabi/lib/thumb/v7e-m/fpv4-sp/hard/libc.a(lib_a-mlock.o)
                0x000000000002db1c                __malloc_unlock
 .text._Balloc  0x000000000002db28       0x4c /usr/bin/../lib/gcc/arm-none-eabi/7.3.1/../../../../arm-none-eabi/lib/thumb/v7e-m/fpv4-sp/hard/libc.a(lib_a-mprec.o)
                0x000000000002db28                _Balloc
 .text._Bfree   0x000000000002db74       0x14 /usr/bin/../lib/gcc/arm-none-eabi/7.3.1/../../../../arm-none-eabi/lib/thumb/v7e-m/fpv4-sp/hard/libc.a(lib_a-mprec.o)
                0x000000000002db74                _Bfree
 .text.__multadd
                0x000000000002db88       0x80 /usr/bin/../lib/gcc/arm-none-eabi/7.3.1/../../../../arm-none-eabi/lib/thumb/v7e-m/fpv4-sp/hard/libc.a(lib_a-mprec.o)
                0x000000000002db88                __multadd
 .text.__hi0bits
                0x000000000002dc08       0x40 /usr/bin/../lib/gcc/arm-none-eabi/7.3.1/../../../../arm-none-eabi/lib/thumb/v7e-m/fpv4-sp/hard/libc.a(lib_a-mprec.o)
                0x000000000002dc08                __hi0bits
 .text.__lo0bits
                0x000000000002dc48       0x60 /usr/bin/../lib/gcc/arm-none-eabi/7.3.1/../../../../arm-none-eabi/lib/thumb/v7e-m/fpv4-sp/hard/libc.a(lib_a-mprec.o)
                0x000000000002dc48                __lo0bits
 .text.__i2b    0x000000000002dca8       0x14 /usr/bin/../lib/gcc/arm-none-eabi/7.3.1/../../../../arm-none-eabi/lib/thumb/v7e-m/fpv4-sp/hard/libc.a(lib_a-mprec.o)
                0x000000000002dca8                __i2b
 .text.__multiply
                0x000000000002dcbc      0x14c /usr/bin/../lib/gcc/arm-none-eabi/7.3.1/../../../../arm-none-eabi/lib/thumb/v7e-m/fpv4-sp/hard/libc.a(lib_a-mprec.o)
                0x000000000002dcbc                __multiply
 .text.__pow5mult
                0x000000000002de08       0xa0 /usr/bin/../lib/gcc/arm-none-eabi/7.3.1/../../../../arm-none-eabi/lib/thumb/v7e-m/fpv4-sp/hard/libc.a(lib_a-mprec.o)
                0x000000000002de08                __pow5mult
 .text.__lshift
                0x000000000002dea8       0xac /usr/bin/../lib/gcc/arm-none-eabi/7.3.1/../../../../arm-none-eabi/lib/thumb/v7e-m/fpv4-sp/hard/libc.a(lib_a-mprec.o)
                0x000000000002dea8                __lshift
 .text.__mcmp   0x000000000002df54       0x38 /usr/bin/../lib/gcc/arm-none-eabi/7.3.1/../../../../arm-none-eabi/lib/thumb/v7e-m/fpv4-sp/hard/libc.a(lib_a-mprec.o)
                0x000000000002df54                __mcmp
 .text.__mdiff  0x000000000002df8c       0xec /usr/bin/../lib/gcc/arm-none-eabi/7.3.1/../../../../arm-none-eabi/lib/thumb/v7e-m/fpv4-sp/hard/libc.a(lib_a-mprec.o)
                0x000000000002df8c                __mdiff
 .text.__d2b    0x000000000002e078       0xc4 /usr/bin/../lib/gcc/arm-none-eabi/7.3.1/../../../../arm-none-eabi/lib/thumb/v7e-m/fpv4-sp/hard/libc.a(lib_a-mprec.o)
                0x000000000002e078                __d2b
 .text.frexp    0x000000000002e13c       0x68 /usr/bin/../lib/gcc/arm-none-eabi/7.3.1/../../../../arm-none-eabi/lib/thumb/v7e-m/fpv4-sp/hard/libc.a(lib_a-s_frexp.o)
                0x000000000002e13c                frexp
 .text._sbrk_r  0x000000000002e1a4       0x24 /usr/bin/../lib/gcc/arm-none-eabi/7.3.1/../../../../arm-none-eabi/lib/thumb/v7e-m/fpv4-sp/hard/libc.a(lib_a-sbrkr.o)
                0x000000000002e1a4                _sbrk_r
 .text.__sread  0x000000000002e1c8       0x24 /usr/bin/../lib/gcc/arm-none-eabi/7.3.1/../../../../arm-none-eabi/lib/thumb/v7e-m/fpv4-sp/hard/libc.a(lib_a-stdio.o)
                0x000000000002e1c8                __sread
 .text.__swrite
                0x000000000002e1ec       0x3c /usr/bin/../lib/gcc/arm-none-eabi/7.3.1/../../../../arm-none-eabi/lib/thumb/v7e-m/fpv4-sp/hard/libc.a(lib_a-stdio.o)
                0x000000000002e1ec                __swrite
 .text.__sseek  0x000000000002e228       0x20 /usr/bin/../lib/gcc/arm-none-eabi/7.3.1/../../../../arm-none-eabi/lib/thumb/v7e-m/fpv4-sp/hard/libc.a(lib_a-stdio.o)
                0x000000000002e228                __sseek
 .text.__sclose
                0x000000000002e248        0x8 /usr/bin/../lib/gcc/arm-none-eabi/7.3.1/../../../../arm-none-eabi/lib/thumb/v7e-m/fpv4-sp/hard/libc.a(lib_a-stdio.o)
                0x000000000002e248                __sclose
 .text.strncpy  0x000000000002e250       0x64 /usr/bin/../lib/gcc/arm-none-eabi/7.3.1/../../../../arm-none-eabi/lib/thumb/v7e-m/fpv4-sp/hard/libc.a(lib_a-strncpy.o)
                0x000000000002e250                strncpy
 .text.__sprint_r.part.0
                0x000000000002e2b4       0x78 /usr/bin/../lib/gcc/arm-none-eabi/7.3.1/../../../../arm-none-eabi/lib/thumb/v7e-m/fpv4-sp/hard/libc.a(lib_a-vfiprintf.o)
 .text.__sprint_r
                0x000000000002e32c       0x14 /usr/bin/../lib/gcc/arm-none-eabi/7.3.1/../../../../arm-none-eabi/lib/thumb/v7e-m/fpv4-sp/hard/libc.a(lib_a-vfiprintf.o)
                0x000000000002e32c                __sprint_r
 .text.__register_exitproc
                0x000000000002e340       0xc0 /usr/bin/../lib/gcc/arm-none-eabi/7.3.1/../../../../arm-none-eabi/lib/thumb/v7e-m/fpv4-sp/hard/libc.a(lib_a-__atexit.o)
                0x000000000002e340                __register_exitproc
 .text._calloc_r
                0x000000000002e400       0x68 /usr/bin/../lib/gcc/arm-none-eabi/7.3.1/../../../../arm-none-eabi/lib/thumb/v7e-m/fpv4-sp/hard/libc.a(lib_a-callocr.o)
                0x000000000002e400                _calloc_r
 .text._close_r
                0x000000000002e468       0x24 /usr/bin/../lib/gcc/arm-none-eabi/7.3.1/../../../../arm-none-eabi/lib/thumb/v7e-m/fpv4-sp/hard/libc.a(lib_a-closer.o)
                0x000000000002e468                _close_r
 .text._fclose_r
                0x000000000002e48c       0xd0 /usr/bin/../lib/gcc/arm-none-eabi/7.3.1/../../../../arm-none-eabi/lib/thumb/v7e-m/fpv4-sp/hard/libc.a(lib_a-fclose.o)
                0x000000000002e48c                _fclose_r
 .text.__fputwc
                0x000000000002e55c       0xa0 /usr/bin/../lib/gcc/arm-none-eabi/7.3.1/../../../../arm-none-eabi/lib/thumb/v7e-m/fpv4-sp/hard/libc.a(lib_a-fputwc.o)
                0x000000000002e55c                __fputwc
 .text._fputwc_r
                0x000000000002e5fc       0x64 /usr/bin/../lib/gcc/arm-none-eabi/7.3.1/../../../../arm-none-eabi/lib/thumb/v7e-m/fpv4-sp/hard/libc.a(lib_a-fputwc.o)
                0x000000000002e5fc                _fputwc_r
 .text._fstat_r
                0x000000000002e660       0x28 /usr/bin/../lib/gcc/arm-none-eabi/7.3.1/../../../../arm-none-eabi/lib/thumb/v7e-m/fpv4-sp/hard/libc.a(lib_a-fstatr.o)
                0x000000000002e660                _fstat_r
 .text.__sfvwrite_r
                0x000000000002e688      0x2fc /usr/bin/../lib/gcc/arm-none-eabi/7.3.1/../../../../arm-none-eabi/lib/thumb/v7e-m/fpv4-sp/hard/libc.a(lib_a-fvwrite.o)
                0x000000000002e688                __sfvwrite_r
 .text._isatty_r
                0x000000000002e984       0x24 /usr/bin/../lib/gcc/arm-none-eabi/7.3.1/../../../../arm-none-eabi/lib/thumb/v7e-m/fpv4-sp/hard/libc.a(lib_a-isattyr.o)
                0x000000000002e984                _isatty_r
 .text._lseek_r
                0x000000000002e9a8       0x2c /usr/bin/../lib/gcc/arm-none-eabi/7.3.1/../../../../arm-none-eabi/lib/thumb/v7e-m/fpv4-sp/hard/libc.a(lib_a-lseekr.o)
                0x000000000002e9a8                _lseek_r
 .text.memmove  0x000000000002e9d4       0xc8 /usr/bin/../lib/gcc/arm-none-eabi/7.3.1/../../../../arm-none-eabi/lib/thumb/v7e-m/fpv4-sp/hard/libc.a(lib_a-memmove.o)
                0x000000000002e9d4                memmove
 .text._read_r  0x000000000002ea9c       0x2c /usr/bin/../lib/gcc/arm-none-eabi/7.3.1/../../../../arm-none-eabi/lib/thumb/v7e-m/fpv4-sp/hard/libc.a(lib_a-readr.o)
                0x000000000002ea9c                _read_r
 .text._realloc_r
                0x000000000002eac8      0x35c /usr/bin/../lib/gcc/arm-none-eabi/7.3.1/../../../../arm-none-eabi/lib/thumb/v7e-m/fpv4-sp/hard/libc.a(lib_a-reallocr.o)
                0x000000000002eac8                _realloc_r
 .text.__swbuf_r
                0x000000000002ee24       0xb0 /usr/bin/../lib/gcc/arm-none-eabi/7.3.1/../../../../arm-none-eabi/lib/thumb/v7e-m/fpv4-sp/hard/libc.a(lib_a-wbuf.o)
                0x000000000002ee24                __swbuf_r
 .text._wcrtomb_r
                0x000000000002eed4       0x50 /usr/bin/../lib/gcc/arm-none-eabi/7.3.1/../../../../arm-none-eabi/lib/thumb/v7e-m/fpv4-sp/hard/libc.a(lib_a-wcrtomb.o)
                0x000000000002eed4                _wcrtomb_r
 .text._close   0x000000000002ef24       0x10 /usr/bin/../lib/gcc/arm-none-eabi/7.3.1/../../../../arm-none-eabi/lib/thumb/v7e-m/fpv4-sp/hard/libnosys.a(close.o)
                0x000000000002ef24                _close
 .text._fstat   0x000000000002ef34       0x10 /usr/bin/../lib/gcc/arm-none-eabi/7.3.1/../../../../arm-none-eabi/lib/thumb/v7e-m/fpv4-sp/hard/libnosys.a(fstat.o)
                0x000000000002ef34                _fstat
 .text._isatty  0x000000000002ef44       0x10 /usr/bin/../lib/gcc/arm-none-eabi/7.3.1/../../../../arm-none-eabi/lib/thumb/v7e-m/fpv4-sp/hard/libnosys.a(isatty.o)
                0x000000000002ef44                _isatty
 .text._lseek   0x000000000002ef54       0x10 /usr/bin/../lib/gcc/arm-none-eabi/7.3.1/../../../../arm-none-eabi/lib/thumb/v7e-m/fpv4-sp/hard/libnosys.a(lseek.o)
                0x000000000002ef54                _lseek
 .text._read    0x000000000002ef64       0x10 /usr/bin/../lib/gcc/arm-none-eabi/7.3.1/../../../../arm-none-eabi/lib/thumb/v7e-m/fpv4-sp/hard/libnosys.a(read.o)
                0x000000000002ef64                _read
 .text._sbrk    0x000000000002ef74       0x1c /usr/bin/../lib/gcc/arm-none-eabi/7.3.1/../../../../arm-none-eabi/lib/thumb/v7e-m/fpv4-sp/hard/libnosys.a(sbrk.o)
                0x000000000002ef74                _sbrk
 .text._exit    0x000000000002ef90        0x4 /usr/bin/../lib/gcc/arm-none-eabi/7.3.1/../../../../arm-none-eabi/lib/thumb/v7e-m/fpv4-sp/hard/libnosys.a(_exit.o)
                0x000000000002ef90                _exit
 .text          0x000000000002ef94      0x378 /usr/bin/../lib/gcc/arm-none-eabi/7.3.1/thumb/v7e-m/fpv4-sp/hard/libgcc.a(_arm_addsubdf3.o)
                0x000000000002ef94                __aeabi_drsub
                0x000000000002ef9c                __aeabi_dsub
                0x000000000002ef9c                __subdf3
                0x000000000002efa0                __adddf3
                0x000000000002efa0                __aeabi_dadd
                0x000000000002f218                __aeabi_ui2d
                0x000000000002f218                __floatunsidf
                0x000000000002f238                __floatsidf
                0x000000000002f238                __aeabi_i2d
                0x000000000002f25c                __extendsfdf2
                0x000000000002f25c                __aeabi_f2d
                0x000000000002f2a0                __aeabi_ul2d
                0x000000000002f2a0                __floatundidf
                0x000000000002f2b0                __floatdidf
                0x000000000002f2b0                __aeabi_l2d
 .text          0x000000000002f30c      0x424 /usr/bin/../lib/gcc/arm-none-eabi/7.3.1/thumb/v7e-m/fpv4-sp/hard/libgcc.a(_arm_muldivdf3.o)
                0x000000000002f30c                __aeabi_dmul
                0x000000000002f30c                __muldf3
                0x000000000002f560                __aeabi_ddiv
                0x000000000002f560                __divdf3
 .text          0x000000000002f730      0x110 /usr/bin/../lib/gcc/arm-none-eabi/7.3.1/thumb/v7e-m/fpv4-sp/hard/libgcc.a(_arm_cmpdf2.o)
                0x000000000002f730                __gtdf2
                0x000000000002f730                __gedf2
                0x000000000002f738                __ltdf2
                0x000000000002f738                __ledf2
                0x000000000002f740                __cmpdf2
                0x000000000002f740                __eqdf2
                0x000000000002f740                __nedf2
                0x000000000002f7bc                __aeabi_cdrcmple
                0x000000000002f7cc                __aeabi_cdcmple
                0x000000000002f7cc                __aeabi_cdcmpeq
                0x000000000002f7dc                __aeabi_dcmpeq
                0x000000000002f7f0                __aeabi_dcmplt
                0x000000000002f804                __aeabi_dcmple
                0x000000000002f818                __aeabi_dcmpge
                0x000000000002f82c                __aeabi_dcmpgt
 .text          0x000000000002f840       0x2c /usr/bin/../lib/gcc/arm-none-eabi/7.3.1/thumb/v7e-m/fpv4-sp/hard/libgcc.a(_arm_unorddf2.o)
                0x000000000002f840                __aeabi_dcmpun
                0x000000000002f840                __unorddf2
 .text          0x000000000002f86c       0x50 /usr/bin/../lib/gcc/arm-none-eabi/7.3.1/thumb/v7e-m/fpv4-sp/hard/libgcc.a(_arm_fixdfsi.o)
                0x000000000002f86c                __fixdfsi
                0x000000000002f86c                __aeabi_d2iz
 .text          0x000000000002f8bc       0x30 /usr/bin/../lib/gcc/arm-none-eabi/7.3.1/thumb/v7e-m/fpv4-sp/hard/libgcc.a(_aeabi_uldivmod.o)
                0x000000000002f8bc                __aeabi_uldivmod
 .text          0x000000000002f8ec      0x2cc /usr/bin/../lib/gcc/arm-none-eabi/7.3.1/thumb/v7e-m/fpv4-sp/hard/libgcc.a(_udivmoddi4.o)
                0x000000000002f8ec                __udivmoddi4
 .text          0x000000000002fbb8        0x4 /usr/bin/../lib/gcc/arm-none-eabi/7.3.1/thumb/v7e-m/fpv4-sp/hard/libgcc.a(_dvmd_tls.o)
                0x000000000002fbb8                __aeabi_ldiv0
                0x000000000002fbb8                __aeabi_idiv0
 *(.init)
 .init          0x000000000002fbbc        0x4 /usr/bin/../lib/gcc/arm-none-eabi/7.3.1/thumb/v7e-m/fpv4-sp/hard/crti.o
                0x000000000002fbbc                _init
 .init          0x000000000002fbc0        0x8 /usr/bin/../lib/gcc/arm-none-eabi/7.3.1/thumb/v7e-m/fpv4-sp/hard/crtn.o
 *(.fini)
 .fini          0x000000000002fbc8        0x4 /usr/bin/../lib/gcc/arm-none-eabi/7.3.1/thumb/v7e-m/fpv4-sp/hard/crti.o
                0x000000000002fbc8                _fini
 .fini          0x000000000002fbcc        0x8 /usr/bin/../lib/gcc/arm-none-eabi/7.3.1/thumb/v7e-m/fpv4-sp/hard/crtn.o
 *crtbegin.o(.ctors)
 *crtbegin?.o(.ctors)
 *(EXCLUDE_FILE(*crtend.o *crtend?.o) .ctors)
 *(SORT_BY_NAME(.ctors.*))
 *(.ctors)
 *crtbegin.o(.dtors)
 *crtbegin?.o(.dtors)
 *(EXCLUDE_FILE(*crtend.o *crtend?.o) .dtors)
 *(SORT_BY_NAME(.dtors.*))
 *(.dtors)
 *(.rodata*)
 .rodata.PWM1   0x000000000002fbd4        0x8 _build/main.o
                0x000000000002fbd4                PWM1
 *fill*         0x000000000002fbdc        0x4 
 .rodata.delay_machine_code.8617
                0x000000000002fbe0        0x6 _build/main.o
 *fill*         0x000000000002fbe6        0x2 
 .rodata.m_pwm_PWM1_timer
                0x000000000002fbe8        0x8 _build/main.o
                0x000000000002fbe8                m_pwm_PWM1_timer
 .rodata.main.str1.1
                0x000000000002fbf0        0x7 _build/main.o
 .rodata.app_error_fault_handler.str1.1
                0x000000000002fbf7       0xb7 _build/better_error_handling.o
 *fill*         0x000000000002fcae        0x2 
 .rodata.delay_machine_code.8629
                0x000000000002fcb0        0x6 _build/better_error_handling.o
 .rodata._DoInit.str1.1
                0x000000000002fcb6       0x14 _build/SEGGER_RTT.o
 .rodata.app_pwm_channel_duty_ticks_set.str1.1
                0x000000000002fcca       0x9b _build/app_pwm.o
 .rodata.app_pwm_init.str1.1
                0x000000000002fd65       0x87 _build/app_pwm.o
 *fill*         0x000000000002fdec        0x4 
 .rodata.delay_machine_code.9273
                0x000000000002fdf0        0x6 _build/app_timer.o
 .rodata.app_util_critical_region_enter.str1.1
                0x000000000002fdf6       0x55 _build/app_util_platform.o
 .rodata.HardFault_c_handler.str1.1
                0x000000000002fe4b      0x12e _build/hardfault_implementation.o
 *fill*         0x000000000002ff79        0x3 
 .rodata.cfsr_msgs.9468
                0x000000000002ff7c       0x68 _build/hardfault_implementation.o
 .rodata.str1.1
                0x000000000002ffe4      0x4c0 _build/hardfault_implementation.o
 .rodata.nrf_balloc_init.str1.1
                0x00000000000304a4       0x50 _build/nrf_balloc.o
 .rodata.nrf_drv_clock_uninit.str1.1
                0x00000000000304f4       0x4f _build/nrf_drv_clock.o
 .rodata.str1.1
                0x0000000000030543        0x6 _build/nrf_drv_clock.o
 .rodata.str1.1
                0x0000000000030549        0xd _build/nrf_fstorage.o
 .rodata.buf_prealloc.str1.1
                0x0000000000030556       0x57 _build/nrf_log_frontend.o
 .rodata.nrf_log_frontend_dequeue.str1.1
                0x00000000000305ad       0x11 _build/nrf_log_frontend.o
 .rodata.str1.1
                0x00000000000305be        0x4 _build/nrf_log_frontend.o
 .rodata.memobj_op.str1.1
                0x00000000000305c2       0x50 _build/nrf_memobj.o
 .rodata.str1.1
                0x0000000000030612        0x9 _build/nrf_pwr_mgmt.o
 .rodata.nrf_section_iter_init.str1.1
                0x000000000003061b       0x69 _build/nrf_section_iter.o
 .rodata.m_unknown_str
                0x0000000000030684       0x13 _build/nrf_strerror.o
 *fill*         0x0000000000030697        0x1 
 .rodata.nrf_strerror_array
                0x0000000000030698      0x128 _build/nrf_strerror.o
 .rodata.str1.1
                0x00000000000307c0      0x3ba _build/nrf_strerror.o
 .rodata.nrfx_clock_init.str1.1
                0x0000000000030b7a       0x4d _build/nrfx_clock.o
 .rodata.str1.1
                0x0000000000030bc7        0x6 _build/nrfx_clock.o
 .rodata.nrf_gpio_pin_port_decode.isra.0.part.1.str1.1
                0x0000000000030bcd       0x43 _build/nrfx_gpiote.o
 .rodata.nrfx_gpiote_out_init.str1.1
                0x0000000000030bcd       0x4e _build/nrfx_gpiote.o
 .rodata.str1.1
                0x0000000000030c1b        0x7 _build/nrfx_gpiote.o
 .rodata.str1.1
                0x0000000000030c22        0x4 _build/nrfx_ppi.o
 .rodata.UARTE0_UART0_IRQHandler.str1.1
                0x0000000000030c26       0x4f _build/nrfx_prs.o
 .rodata.str1.1
                0x0000000000030c75        0x4 _build/nrfx_prs.o
 .rodata.str1.1
                0x0000000000030c79        0x4 _build/nrfx_pwm.o
 .rodata.str1.1
                0x0000000000030c7d        0x6 _build/nrfx_saadc.o
 .rodata.SPIM1_SPIS1_TWIM1_TWIS1_SPI1_TWI1_IRQHandler.str1.1
                0x0000000000030c83       0x4c _build/nrfx_spim.o
 .rodata.nrf_gpio_pin_port_decode.isra.0.part.1.str1.1
                0x0000000000030ccf       0x43 _build/nrfx_spim.o
 .rodata.str1.1
                0x0000000000030ccf        0x5 _build/nrfx_spim.o
 .rodata.nrfx_timer_init.str1.1
                0x0000000000030cd4       0x91 _build/nrfx_timer.o
 .rodata.str1.1
                0x0000000000030d65        0x6 _build/nrfx_timer.o
 .rodata.SPIM0_SPIS0_TWIM0_TWIS0_SPI0_TWI0_IRQHandler.str1.1
                0x0000000000030d6b       0x4c _build/nrfx_twim.o
 .rodata.str1.1
                0x0000000000030db7        0x5 _build/nrfx_twim.o
 .rodata.str1.1
                0x0000000000030dbc        0x5 _build/nrfx_uart.o
 .rodata.str1.1
                0x0000000000030dc1        0x6 _build/nrfx_uarte.o
 .rodata.data_length_update.str1.1
                0x0000000000030dc7       0xdf _build/nrf_ble_gatt.o
 .rodata.nrf_ble_gatt_on_ble_evt.str1.1
                0x0000000000030ea6       0x60 _build/nrf_ble_gatt.o
 .rodata.str1.1
                0x0000000000030f06        0xd _build/nrf_ble_gatt.o
 *fill*         0x0000000000030f13        0x1 
 .rodata.sdh_stack_observers
                0x0000000000030f14        0xc _build/nrf_sdh.o
 .rodata.str1.1
                0x0000000000030f20        0x8 _build/nrf_sdh.o
 .rodata.nrf_sdh_ble_evts_poll.part.0.str1.1
                0x0000000000030f28       0x52 _build/nrf_sdh_ble.o
 *fill*         0x0000000000030f7a        0x2 
 .rodata.sdh_ble_observers
                0x0000000000030f7c        0xc _build/nrf_sdh_ble.o
 .rodata.str1.1
                0x0000000000030f88        0xc _build/nrf_sdh_ble.o
 .rodata.assert_nrf_callback.str1.1
                0x0000000000030f94       0x25 _build/simple_ble.o
 .rodata.on_ble_evt.str1.1
                0x0000000000030fb9       0x51 _build/simple_ble.o
 *fill*         0x000000000003100a        0x2 
 .rodata._global_impure_ptr
                0x000000000003100c        0x4 /usr/bin/../lib/gcc/arm-none-eabi/7.3.1/../../../../arm-none-eabi/lib/thumb/v7e-m/fpv4-sp/hard/libc.a(lib_a-impure.o)
                0x000000000003100c                _global_impure_ptr
 .rodata._setlocale_r.str1.4
                0x0000000000031010        0xa /usr/bin/../lib/gcc/arm-none-eabi/7.3.1/../../../../arm-none-eabi/lib/thumb/v7e-m/fpv4-sp/hard/libc.a(lib_a-locale.o)
                                          0xd (size before relaxing)
 *fill*         0x000000000003101a        0x2 
 .rodata.str1.4
                0x000000000003101c        0x2 /usr/bin/../lib/gcc/arm-none-eabi/7.3.1/../../../../arm-none-eabi/lib/thumb/v7e-m/fpv4-sp/hard/libc.a(lib_a-locale.o)
 *fill*         0x000000000003101e        0x2 
 .rodata._vfprintf_r.str1.4
                0x0000000000031020       0x42 /usr/bin/../lib/gcc/arm-none-eabi/7.3.1/../../../../arm-none-eabi/lib/thumb/v7e-m/fpv4-sp/hard/libc.a(lib_a-vfprintf.o)
 *fill*         0x0000000000031062        0x2 
 .rodata.blanks.8605
                0x0000000000031064       0x10 /usr/bin/../lib/gcc/arm-none-eabi/7.3.1/../../../../arm-none-eabi/lib/thumb/v7e-m/fpv4-sp/hard/libc.a(lib_a-vfprintf.o)
 .rodata.zeroes.8606
                0x0000000000031074       0x10 /usr/bin/../lib/gcc/arm-none-eabi/7.3.1/../../../../arm-none-eabi/lib/thumb/v7e-m/fpv4-sp/hard/libc.a(lib_a-vfprintf.o)
 .rodata._ctype_
                0x0000000000031084      0x101 /usr/bin/../lib/gcc/arm-none-eabi/7.3.1/../../../../arm-none-eabi/lib/thumb/v7e-m/fpv4-sp/hard/libc.a(lib_a-ctype_.o)
                0x0000000000031084                _ctype_
 *fill*         0x0000000000031185        0x3 
 .rodata._dtoa_r.str1.4
                0x0000000000031188       0x10 /usr/bin/../lib/gcc/arm-none-eabi/7.3.1/../../../../arm-none-eabi/lib/thumb/v7e-m/fpv4-sp/hard/libc.a(lib_a-dtoa.o)
                                         0x12 (size before relaxing)
 .rodata.__mprec_bigtens
                0x0000000000031198       0x28 /usr/bin/../lib/gcc/arm-none-eabi/7.3.1/../../../../arm-none-eabi/lib/thumb/v7e-m/fpv4-sp/hard/libc.a(lib_a-mprec.o)
                0x0000000000031198                __mprec_bigtens
 .rodata.__mprec_tens
                0x00000000000311c0       0xc8 /usr/bin/../lib/gcc/arm-none-eabi/7.3.1/../../../../arm-none-eabi/lib/thumb/v7e-m/fpv4-sp/hard/libc.a(lib_a-mprec.o)
                0x00000000000311c0                __mprec_tens
 .rodata.p05.7367
                0x0000000000031288        0xc /usr/bin/../lib/gcc/arm-none-eabi/7.3.1/../../../../arm-none-eabi/lib/thumb/v7e-m/fpv4-sp/hard/libc.a(lib_a-mprec.o)
 *(.eh_frame*)
 .eh_frame      0x0000000000031294        0x0 /usr/bin/../lib/gcc/arm-none-eabi/7.3.1/thumb/v7e-m/fpv4-sp/hard/crtbegin.o
 .eh_frame      0x0000000000031294        0x4 /usr/bin/../lib/gcc/arm-none-eabi/7.3.1/thumb/v7e-m/fpv4-sp/hard/crtend.o

.glue_7         0x0000000000031298        0x0
 .glue_7        0x0000000000031298        0x0 linker stubs

.glue_7t        0x0000000000031298        0x0
 .glue_7t       0x0000000000031298        0x0 linker stubs

.vfp11_veneer   0x0000000000031298        0x0
 .vfp11_veneer  0x0000000000031298        0x0 linker stubs

.v4_bx          0x0000000000031298        0x0
 .v4_bx         0x0000000000031298        0x0 linker stubs

.iplt           0x0000000000031298        0x0
 .iplt          0x0000000000031298        0x0 /usr/bin/../lib/gcc/arm-none-eabi/7.3.1/thumb/v7e-m/fpv4-sp/hard/crtbegin.o

.mem_section_dummy_rom

.sdh_soc_observers
                0x0000000000031298       0x10
                [!provide]                        PROVIDE (__start_sdh_soc_observers = .)
 *(SORT_BY_NAME(.sdh_soc_observers*))
 .sdh_soc_observers0
                0x0000000000031298        0x8 _build/nrf_drv_clock.o
 .sdh_soc_observers1
                0x00000000000312a0        0x8 _build/simple_ble.o
                [!provide]                        PROVIDE (__stop_sdh_soc_observers = .)

.crypto_data    0x00000000000312a8        0x0
                [!provide]                        PROVIDE (__start_crypto_data = .)
 *(SORT_BY_NAME(.crypto_data*))
                [!provide]                        PROVIDE (__stop_crypto_data = .)

.log_const_data
                0x00000000000312a8       0x98
                0x00000000000312a8                PROVIDE (__start_log_const_data = .)
 *(SORT_BY_NAME(.log_const_data*))
 .log_const_data_CLOCK
                0x00000000000312a8        0x8 _build/nrfx_clock.o
                0x00000000000312a8                m_nrf_log_CLOCK_logs_data_const
 .log_const_data_GPIOTE
                0x00000000000312b0        0x8 _build/nrfx_gpiote.o
                0x00000000000312b0                m_nrf_log_GPIOTE_logs_data_const
 .log_const_data_PPI
                0x00000000000312b8        0x8 _build/nrfx_ppi.o
                0x00000000000312b8                m_nrf_log_PPI_logs_data_const
 .log_const_data_PRS
                0x00000000000312c0        0x8 _build/nrfx_prs.o
                0x00000000000312c0                m_nrf_log_PRS_logs_data_const
 .log_const_data_PWM
                0x00000000000312c8        0x8 _build/nrfx_pwm.o
                0x00000000000312c8                m_nrf_log_PWM_logs_data_const
 .log_const_data_SAADC
                0x00000000000312d0        0x8 _build/nrfx_saadc.o
                0x00000000000312d0                m_nrf_log_SAADC_logs_data_const
 .log_const_data_SPIM
                0x00000000000312d8        0x8 _build/nrfx_spim.o
                0x00000000000312d8                m_nrf_log_SPIM_logs_data_const
 .log_const_data_TIMER
                0x00000000000312e0        0x8 _build/nrfx_timer.o
                0x00000000000312e0                m_nrf_log_TIMER_logs_data_const
 .log_const_data_TWIM
                0x00000000000312e8        0x8 _build/nrfx_twim.o
                0x00000000000312e8                m_nrf_log_TWIM_logs_data_const
 .log_const_data_UART
                0x00000000000312f0        0x8 _build/nrfx_uart.o
                0x00000000000312f0                m_nrf_log_UART_logs_data_const
 .log_const_data_UARTE
                0x00000000000312f8        0x8 _build/nrfx_uarte.o
                0x00000000000312f8                m_nrf_log_UARTE_logs_data_const
 .log_const_data_app
                0x0000000000031300        0x8 _build/nrf_log_frontend.o
                0x0000000000031300                m_nrf_log_app_logs_data_const
 .log_const_data_clock
                0x0000000000031308        0x8 _build/nrf_drv_clock.o
                0x0000000000031308                m_nrf_log_clock_logs_data_const
 .log_const_data_hardfault
                0x0000000000031310        0x8 _build/hardfault_implementation.o
                0x0000000000031310                m_nrf_log_hardfault_logs_data_const
 .log_const_data_nrf_ble_gatt
                0x0000000000031318        0x8 _build/nrf_ble_gatt.o
                0x0000000000031318                m_nrf_log_nrf_ble_gatt_logs_data_const
 .log_const_data_nrf_fstorage
                0x0000000000031320        0x8 _build/nrf_fstorage.o
                0x0000000000031320                m_nrf_log_nrf_fstorage_logs_data_const
 .log_const_data_nrf_sdh
                0x0000000000031328        0x8 _build/nrf_sdh.o
                0x0000000000031328                m_nrf_log_nrf_sdh_logs_data_const
 .log_const_data_nrf_sdh_ble
                0x0000000000031330        0x8 _build/nrf_sdh_ble.o
                0x0000000000031330                m_nrf_log_nrf_sdh_ble_logs_data_const
 .log_const_data_pwr_mgmt
                0x0000000000031338        0x8 _build/nrf_pwr_mgmt.o
                0x0000000000031338                m_nrf_log_pwr_mgmt_logs_data_const
                0x0000000000031340                PROVIDE (__stop_log_const_data = .)

.nrf_balloc     0x0000000000031340       0x14
                [!provide]                        PROVIDE (__start_nrf_balloc = .)
 *(.nrf_balloc)
 .nrf_balloc    0x0000000000031340       0x14 _build/nrf_log_frontend.o
                0x0000000000031340                log_mempool
                [!provide]                        PROVIDE (__stop_nrf_balloc = .)

.nrf_queue      0x0000000000031354        0x0
                [!provide]                        PROVIDE (__start_nrf_queue = .)
 *(.nrf_queue)
                [!provide]                        PROVIDE (__stop_nrf_queue = .)

.sdh_state_observers
                0x0000000000031354        0x8
                0x0000000000031354                PROVIDE (__start_sdh_state_observers = .)
 *(SORT_BY_NAME(.sdh_state_observers*))
 .sdh_state_observers0
                0x0000000000031354        0x8 _build/nrf_drv_clock.o
                0x000000000003135c                PROVIDE (__stop_sdh_state_observers = .)

.sdh_stack_observers
                0x000000000003135c        0x8
                0x000000000003135c                PROVIDE (__start_sdh_stack_observers = .)
 *(SORT_BY_NAME(.sdh_stack_observers*))
 .sdh_stack_observers0
                0x000000000003135c        0x8 _build/nrf_sdh_ble.o
                0x0000000000031364                PROVIDE (__stop_sdh_stack_observers = .)

.sdh_req_observers
                0x0000000000031364        0x0
                0x0000000000031364                PROVIDE (__start_sdh_req_observers = .)
 *(SORT_BY_NAME(.sdh_req_observers*))
                0x0000000000031364                PROVIDE (__stop_sdh_req_observers = .)

.cli_command    0x0000000000031364        0x0
                [!provide]                        PROVIDE (__start_cli_command = .)
 *(.cli_command)
                [!provide]                        PROVIDE (__stop_cli_command = .)

.pwr_mgmt_data  0x0000000000031364        0x0
                0x0000000000031364                PROVIDE (__start_pwr_mgmt_data = .)
 *(SORT_BY_NAME(.pwr_mgmt_data*))
                0x0000000000031364                PROVIDE (__stop_pwr_mgmt_data = .)

.sdh_ble_observers
                0x0000000000031364       0x28
                0x0000000000031364                PROVIDE (__start_sdh_ble_observers = .)
 *(SORT_BY_NAME(.sdh_ble_observers*))
 .sdh_ble_observers1
                0x0000000000031364        0x8 _build/ble_conn_params.o
 .sdh_ble_observers1
                0x000000000003136c       0x10 _build/simple_ble.o
 .sdh_ble_observers2
                0x000000000003137c        0x8 _build/simple_ble.o
 .sdh_ble_observers3
                0x0000000000031384        0x8 _build/simple_ble.o
                0x000000000003138c                PROVIDE (__stop_sdh_ble_observers = .)

.dfu_trans      0x000000000003138c        0x0
                [!provide]                        PROVIDE (__start_dfu_trans = .)
 *(SORT_BY_NAME(.dfu_trans*))
                [!provide]                        PROVIDE (__stop_dfu_trans = .)

.ARM.extab
 *(.ARM.extab* .gnu.linkonce.armextab.*)
                0x000000000003138c                __exidx_start = .

.ARM.exidx      0x000000000003138c        0x8
 *(.ARM.exidx* .gnu.linkonce.armexidx.*)
 .ARM.exidx     0x000000000003138c        0x8 /usr/bin/../lib/gcc/arm-none-eabi/7.3.1/../../../../arm-none-eabi/lib/thumb/v7e-m/fpv4-sp/hard/crt0.o
 .ARM.exidx     0x0000000000031394        0x0 /usr/bin/../lib/gcc/arm-none-eabi/7.3.1/thumb/v7e-m/fpv4-sp/hard/libgcc.a(_udivmoddi4.o)
                                          0x8 (size before relaxing)
                0x0000000000031394                __exidx_end = .
                0x0000000000031394                __etext = .

.rel.dyn        0x0000000000031394        0x0
 .rel.iplt      0x0000000000031394        0x0 /usr/bin/../lib/gcc/arm-none-eabi/7.3.1/thumb/v7e-m/fpv4-sp/hard/crtbegin.o

.data           0x00000000200098a8      0x9c8 load address 0x0000000000031394
                0x00000000200098a8                __data_start__ = .
 *(vtable)
 *(.data*)
 .data.m_scan_buffer
                0x00000000200098a8        0x8 _build/simple_ble.o
 .data.SystemCoreClock
                0x00000000200098b0        0x4 _build/system_nrf52.o
                0x00000000200098b0                SystemCoreClock
 .data._impure_ptr
                0x00000000200098b4        0x4 /usr/bin/../lib/gcc/arm-none-eabi/7.3.1/../../../../arm-none-eabi/lib/thumb/v7e-m/fpv4-sp/hard/libc.a(lib_a-impure.o)
                0x00000000200098b4                _impure_ptr
 .data.impure_data
                0x00000000200098b8      0x428 /usr/bin/../lib/gcc/arm-none-eabi/7.3.1/../../../../arm-none-eabi/lib/thumb/v7e-m/fpv4-sp/hard/libc.a(lib_a-impure.o)
 .data.__global_locale
                0x0000000020009ce0      0x16c /usr/bin/../lib/gcc/arm-none-eabi/7.3.1/../../../../arm-none-eabi/lib/thumb/v7e-m/fpv4-sp/hard/libc.a(lib_a-locale.o)
                0x0000000020009ce0                __global_locale
 .data.__atexit_recursive_mutex
                0x0000000020009e4c        0x4 /usr/bin/../lib/gcc/arm-none-eabi/7.3.1/../../../../arm-none-eabi/lib/thumb/v7e-m/fpv4-sp/hard/libc.a(lib_a-__call_atexit.o)
                0x0000000020009e4c                __atexit_recursive_mutex
 .data.__malloc_av_
                0x0000000020009e50      0x408 /usr/bin/../lib/gcc/arm-none-eabi/7.3.1/../../../../arm-none-eabi/lib/thumb/v7e-m/fpv4-sp/hard/libc.a(lib_a-mallocr.o)
                0x0000000020009e50                __malloc_av_
 .data.__malloc_sbrk_base
                0x000000002000a258        0x4 /usr/bin/../lib/gcc/arm-none-eabi/7.3.1/../../../../arm-none-eabi/lib/thumb/v7e-m/fpv4-sp/hard/libc.a(lib_a-mallocr.o)
                0x000000002000a258                __malloc_sbrk_base
 .data.__malloc_trim_threshold
                0x000000002000a25c        0x4 /usr/bin/../lib/gcc/arm-none-eabi/7.3.1/../../../../arm-none-eabi/lib/thumb/v7e-m/fpv4-sp/hard/libc.a(lib_a-mallocr.o)
                0x000000002000a25c                __malloc_trim_threshold
                0x000000002000a260                . = ALIGN (0x4)
                0x000000002000a260                PROVIDE (__preinit_array_start = .)
 *(.preinit_array)
                0x000000002000a260                PROVIDE (__preinit_array_end = .)
                0x000000002000a260                . = ALIGN (0x4)
                0x000000002000a260                PROVIDE (__init_array_start = .)
 *(SORT_BY_NAME(.init_array.*))
 .init_array.00000
                0x000000002000a260        0x4 /usr/bin/../lib/gcc/arm-none-eabi/7.3.1/../../../../arm-none-eabi/lib/thumb/v7e-m/fpv4-sp/hard/libc.a(lib_a-__call_atexit.o)
 *(.init_array)
 .init_array    0x000000002000a264        0x4 /usr/bin/../lib/gcc/arm-none-eabi/7.3.1/thumb/v7e-m/fpv4-sp/hard/crtbegin.o
 .init_array    0x000000002000a268        0x4 _build/before_startup.o
                0x000000002000a26c                PROVIDE (__init_array_end = .)
                0x000000002000a26c                . = ALIGN (0x4)
                0x000000002000a26c                PROVIDE (__fini_array_start = .)
 *(SORT_BY_NAME(.fini_array.*))
 *(.fini_array)
 .fini_array    0x000000002000a26c        0x4 /usr/bin/../lib/gcc/arm-none-eabi/7.3.1/thumb/v7e-m/fpv4-sp/hard/crtbegin.o
                0x000000002000a270                PROVIDE (__fini_array_end = .)
 *(.jcr*)
                0x000000002000a270                . = ALIGN (0x4)
                0x000000002000a270                __data_end__ = .
LOAD /usr/bin/../lib/gcc/arm-none-eabi/7.3.1/thumb/v7e-m/fpv4-sp/hard/crti.o
LOAD /usr/bin/../lib/gcc/arm-none-eabi/7.3.1/thumb/v7e-m/fpv4-sp/hard/crtbegin.o
LOAD /usr/bin/../lib/gcc/arm-none-eabi/7.3.1/../../../../arm-none-eabi/lib/thumb/v7e-m/fpv4-sp/hard/crt0.o
START GROUP
LOAD _build/main.o
LOAD _build/display.o
LOAD _build/mpu9250.o
LOAD _build/better_error_handling.o
LOAD _build/bno055.o
LOAD _build/max44009.o
LOAD _build/SEGGER_RTT.o
LOAD _build/SEGGER_RTT_Syscalls_GCC.o
LOAD _build/SEGGER_RTT_printf.o
LOAD _build/app_error.o
LOAD _build/app_error_handler_gcc.o
LOAD _build/app_pwm.o
LOAD _build/app_scheduler.o
LOAD _build/app_timer.o
LOAD _build/app_uart.o
LOAD _build/app_util_platform.o
LOAD _build/before_startup.o
LOAD _build/ff.o
LOAD _build/hardfault_handler_gcc.o
LOAD _build/hardfault_implementation.o
LOAD _build/mmc_nrf.o
LOAD _build/nrf_assert.o
LOAD _build/nrf_atomic.o
LOAD _build/nrf_balloc.o
LOAD _build/nrf_drv_clock.o
LOAD _build/nrf_drv_ppi.o
LOAD _build/nrf_drv_spi.o
LOAD _build/nrf_drv_twi.o
LOAD _build/nrf_drv_uart.o
LOAD _build/nrf_fprintf.o
LOAD _build/nrf_fprintf_format.o
LOAD _build/nrf_fstorage.o
LOAD _build/nrf_log_backend_rtt.o
LOAD _build/nrf_log_backend_serial.o
LOAD _build/nrf_log_backend_uart.o
LOAD _build/nrf_log_default_backends.o
LOAD _build/nrf_log_frontend.o
LOAD _build/nrf_log_str_formatter.o
LOAD _build/nrf_memobj.o
LOAD _build/nrf_pwr_mgmt.o
LOAD _build/nrf_ringbuf.o
LOAD _build/nrf_queue.o
LOAD _build/nrf_section_iter.o
LOAD _build/nrf_serial.o
LOAD _build/nrf_strerror.o
LOAD _build/nrf_twi_mngr.o
LOAD _build/nrfx_clock.o
LOAD _build/nrfx_gpiote.o
LOAD _build/nrfx_ppi.o
LOAD _build/nrfx_prs.o
LOAD _build/nrfx_pwm.o
LOAD _build/nrfx_saadc.o
LOAD _build/nrfx_spi.o
LOAD _build/nrfx_spim.o
LOAD _build/nrfx_timer.o
LOAD _build/nrfx_twi.o
LOAD _build/nrfx_twim.o
LOAD _build/nrfx_uart.o
LOAD _build/nrfx_uarte.o
LOAD _build/simple_logger.o
LOAD _build/ble_advdata.o
LOAD _build/ble_advertising.o
LOAD _build/ble_conn_params.o
LOAD _build/ble_srv_common.o
LOAD _build/nrf_ble_gatt.o
LOAD _build/nrf_ble_qwr.o
LOAD _build/nrf_sdh.o
LOAD _build/nrf_sdh_ble.o
LOAD _build/simple_ble.o
LOAD _build/system_nrf52.o
LOAD _build/app_error_weak.o
LOAD _build/gcc_startup_nrf52.os
LOAD /usr/bin/../lib/gcc/arm-none-eabi/7.3.1/../../../../arm-none-eabi/lib/thumb/v7e-m/fpv4-sp/hard/libc.a
LOAD /usr/bin/../lib/gcc/arm-none-eabi/7.3.1/../../../../arm-none-eabi/lib/thumb/v7e-m/fpv4-sp/hard/libnosys.a
LOAD /usr/bin/../lib/gcc/arm-none-eabi/7.3.1/../../../../arm-none-eabi/lib/thumb/v7e-m/fpv4-sp/hard/libm.a
LOAD /usr/bin/../lib/gcc/arm-none-eabi/7.3.1/../../../../arm-none-eabi/lib/thumb/v7e-m/fpv4-sp/hard/libstdc++.a
END GROUP
START GROUP
LOAD /usr/bin/../lib/gcc/arm-none-eabi/7.3.1/thumb/v7e-m/fpv4-sp/hard/libgcc.a
LOAD /usr/bin/../lib/gcc/arm-none-eabi/7.3.1/../../../../arm-none-eabi/lib/thumb/v7e-m/fpv4-sp/hard/libc.a
END GROUP
LOAD /usr/bin/../lib/gcc/arm-none-eabi/7.3.1/thumb/v7e-m/fpv4-sp/hard/crtend.o
LOAD /usr/bin/../lib/gcc/arm-none-eabi/7.3.1/thumb/v7e-m/fpv4-sp/hard/crtn.o
START GROUP
LOAD /usr/bin/../lib/gcc/arm-none-eabi/7.3.1/thumb/v7e-m/fpv4-sp/hard/libgcc.a
LOAD /usr/bin/../lib/gcc/arm-none-eabi/7.3.1/../../../../arm-none-eabi/lib/thumb/v7e-m/fpv4-sp/hard/libc.a
LOAD /usr/bin/../lib/gcc/arm-none-eabi/7.3.1/../../../../arm-none-eabi/lib/thumb/v7e-m/fpv4-sp/hard/libnosys.a
END GROUP

.igot.plt       0x000000002000a270        0x0 load address 0x0000000000031d5c
 .igot.plt      0x000000002000a270        0x0 /usr/bin/../lib/gcc/arm-none-eabi/7.3.1/thumb/v7e-m/fpv4-sp/hard/crtbegin.o

.bootloader_settings_page
                0x000000000007f000        0x0
                [!provide]                        PROVIDE (__start_bootloader_settings_page = .)
 *(SORT_BY_NAME(.bootloader_settings_page*))
                [!provide]                        PROVIDE (__stop_bootloader_settings_page = .)

.uicr_bootloader_start_address
                0x0000000010001014        0x0
                [!provide]                        PROVIDE (__start_uicr_bootloader_start_address = .)
 *(SORT_BY_NAME(.uicr_bootloader_start_address*))
                [!provide]                        PROVIDE (__stop_uicr_bootloader_start_address = .)
                0x0000000010001014                . = ALIGN (0x4)

.mem_section_dummy_ram

.log_dynamic_data
                0x000000002000a270        0x0
                0x000000002000a270                PROVIDE (__start_log_dynamic_data = .)
 *(SORT_BY_NAME(.log_dynamic_data*))
                [!provide]                        PROVIDE (__stop_log_dynamic_data = .)

.cli_sorted_cmd_ptrs
                0x000000002000a270        0x0
                [!provide]                        PROVIDE (__start_cli_sorted_cmd_ptrs = .)
 *(.cli_sorted_cmd_ptrs)
                [!provide]                        PROVIDE (__stop_cli_sorted_cmd_ptrs = .)

.fs_data        0x000000002000a270        0x0
                0x000000002000a270                PROVIDE (__start_fs_data = .)
 *(.fs_data)
                0x000000002000a270                PROVIDE (__stop_fs_data = .)

.bss            0x000000002000a270      0xdb0 load address 0x0000000000031d5c
                0x000000002000a270                . = ALIGN (0x4)
                0x000000002000a270                __bss_start__ = .
 *(.bss*)
 .bss           0x000000002000a270       0x1c /usr/bin/../lib/gcc/arm-none-eabi/7.3.1/thumb/v7e-m/fpv4-sp/hard/crtbegin.o
 .bss._acDownBuffer
                0x000000002000a28c       0x10 _build/SEGGER_RTT.o
 .bss._acUpBuffer
                0x000000002000a29c      0x200 _build/SEGGER_RTT.o
 .bss.m_instances
                0x000000002000a49c       0x14 _build/app_pwm.o
 .bss.m_pwm_busy
                0x000000002000a4b0        0x5 _build/app_pwm.o
 *fill*         0x000000002000a4b5        0x3 
 .bss.m_pwm_target_value
                0x000000002000a4b8       0x14 _build/app_pwm.o
 .bss.m_use_ppi_delay_workaround
                0x000000002000a4cc        0x1 _build/app_pwm.o
 *fill*         0x000000002000a4cd        0x3 
 .bss.m_op_queue
                0x000000002000a4d0      0x10c _build/app_timer.o
 .bss.m_rtc1_reset
                0x000000002000a5dc        0x1 _build/app_timer.o
 .bss.m_rtc1_running
                0x000000002000a5dd        0x1 _build/app_timer.o
 *fill*         0x000000002000a5de        0x2 
 .bss.m_ticks_elapsed
                0x000000002000a5e0        0x8 _build/app_timer.o
 .bss.m_ticks_elapsed_q_read_ind
                0x000000002000a5e8        0x1 _build/app_timer.o
 .bss.m_ticks_elapsed_q_write_ind
                0x000000002000a5e9        0x1 _build/app_timer.o
 *fill*         0x000000002000a5ea        0x2 
 .bss.m_ticks_latest
                0x000000002000a5ec        0x4 _build/app_timer.o
 .bss.mp_timer_id_head
                0x000000002000a5f0        0x4 _build/app_timer.o
 .bss.m_clock_cb
                0x000000002000a5f4       0x14 _build/nrf_drv_clock.o
 .bss.m_drv_state
                0x000000002000a608        0x1 _build/nrf_drv_ppi.o
 *fill*         0x000000002000a609        0x3 
 .bss.log_mempool_nrf_balloc_cb
                0x000000002000a60c        0x8 _build/nrf_log_frontend.o
 .bss.log_mempool_nrf_balloc_pool_mem
                0x000000002000a614       0xc0 _build/nrf_log_frontend.o
 .bss.log_mempool_nrf_balloc_pool_stack
                0x000000002000a6d4        0x8 _build/nrf_log_frontend.o
 .bss.m_log_data
                0x000000002000a6dc      0x424 _build/nrf_log_frontend.o
 .bss.m_clock_cb
                0x000000002000ab00        0x8 _build/nrfx_clock.o
 .bss.m_cb      0x000000002000ab08       0x5c _build/nrfx_gpiote.o
 .bss.m_channels_allocated
                0x000000002000ab64        0x4 _build/nrfx_ppi.o
 .bss.m_prs_box_4
                0x000000002000ab68        0x8 _build/nrfx_prs.o
 .bss.m_cb      0x000000002000ab70       0x18 _build/nrfx_pwm.o
 .bss.m_cb      0x000000002000ab88       0x30 _build/nrfx_saadc.o
 .bss.m_cb      0x000000002000abb8       0x24 _build/nrfx_spim.o
 .bss.m_cb      0x000000002000abdc       0x24 _build/nrfx_timer.o
 .bss.m_cb      0x000000002000ac00       0x34 _build/nrfx_twim.o
 .bss.m_conn_params_config
                0x000000002000ac34       0x1c _build/ble_conn_params.o
 .bss.m_conn_params_instances
                0x000000002000ac50       0x14 _build/ble_conn_params.o
 .bss.m_preferred_conn_params
                0x000000002000ac64        0x8 _build/ble_conn_params.o
 .bss.m_nrf_sdh_enabled
                0x000000002000ac6c        0x1 _build/nrf_sdh.o
 .bss.m_stack_is_enabled
                0x000000002000ac6d        0x1 _build/nrf_sdh_ble.o
 *fill*         0x000000002000ac6e        0x2 
 .bss.m_advertising
                0x000000002000ac70      0x258 _build/simple_ble.o
 .bss.m_gatt    0x000000002000aec8       0x14 _build/simple_ble.o
 .bss.m_qwr     0x000000002000aedc        0xc _build/simple_ble.o
 .bss.scan_buffer
                0x000000002000aee8       0x1f _build/simple_ble.o
 *fill*         0x000000002000af07        0x1 
 .bss.__malloc_current_mallinfo
                0x000000002000af08       0x28 /usr/bin/../lib/gcc/arm-none-eabi/7.3.1/../../../../arm-none-eabi/lib/thumb/v7e-m/fpv4-sp/hard/libc.a(lib_a-mallocr.o)
                0x000000002000af08                __malloc_current_mallinfo
 .bss.__malloc_max_sbrked_mem
                0x000000002000af30        0x4 /usr/bin/../lib/gcc/arm-none-eabi/7.3.1/../../../../arm-none-eabi/lib/thumb/v7e-m/fpv4-sp/hard/libc.a(lib_a-mallocr.o)
                0x000000002000af30                __malloc_max_sbrked_mem
 .bss.__malloc_max_total_mem
                0x000000002000af34        0x4 /usr/bin/../lib/gcc/arm-none-eabi/7.3.1/../../../../arm-none-eabi/lib/thumb/v7e-m/fpv4-sp/hard/libc.a(lib_a-mallocr.o)
                0x000000002000af34                __malloc_max_total_mem
 .bss.__malloc_top_pad
                0x000000002000af38        0x4 /usr/bin/../lib/gcc/arm-none-eabi/7.3.1/../../../../arm-none-eabi/lib/thumb/v7e-m/fpv4-sp/hard/libc.a(lib_a-mallocr.o)
                0x000000002000af38                __malloc_top_pad
 .bss.heap_end.5377
                0x000000002000af3c        0x4 /usr/bin/../lib/gcc/arm-none-eabi/7.3.1/../../../../arm-none-eabi/lib/thumb/v7e-m/fpv4-sp/hard/libnosys.a(sbrk.o)
 *(COMMON)
 COMMON         0x000000002000af40       0x24 _build/main.o
                0x000000002000af40                m_pwm_PWM1_cb
 COMMON         0x000000002000af64       0x78 _build/SEGGER_RTT.o
                0x000000002000af64                _SEGGER_RTT
 COMMON         0x000000002000afdc        0xa _build/app_pwm.o
                0x000000002000afdc                m_pwm_ready_counter
 *fill*         0x000000002000afe6        0x2 
 COMMON         0x000000002000afe8        0xc _build/app_util_platform.o
                0x000000002000afe8                nrf_nvic_state
 COMMON         0x000000002000aff4        0x2 _build/simple_ble.o
                0x000000002000aff4                app
 *fill*         0x000000002000aff6        0x2 
 COMMON         0x000000002000aff8       0x21 /usr/bin/../lib/gcc/arm-none-eabi/7.3.1/../../../../arm-none-eabi/lib/thumb/v7e-m/fpv4-sp/hard/libc.a(lib_a-lock.o)
                0x000000002000aff8                __lock___atexit_recursive_mutex
                0x000000002000affc                __lock___arc4random_mutex
                0x000000002000b000                __lock___env_recursive_mutex
                0x000000002000b004                __lock___sinit_recursive_mutex
                0x000000002000b008                __lock___malloc_recursive_mutex
                0x000000002000b00c                __lock___at_quick_exit_mutex
                0x000000002000b010                __lock___dd_hash_mutex
                0x000000002000b014                __lock___tz_mutex
                0x000000002000b018                __lock___sfp_recursive_mutex
 *fill*         0x000000002000b019        0x3 
 COMMON         0x000000002000b01c        0x4 /usr/bin/../lib/gcc/arm-none-eabi/7.3.1/../../../../arm-none-eabi/lib/thumb/v7e-m/fpv4-sp/hard/libc.a(lib_a-reent.o)
                0x000000002000b01c                errno
                0x000000002000b020                . = ALIGN (0x4)
                0x000000002000b020                __bss_end__ = .

.heap           0x000000002000b020     0x2000
                0x000000002000b020                __HeapBase = .
                0x000000002000b020                __end__ = .
                0x000000002000b020                PROVIDE (end = .)
 *(.heap*)
 .heap          0x000000002000b020     0x2000 _build/gcc_startup_nrf52.os
                0x000000002000d020                __HeapLimit = .

.stack_dummy    0x000000002000b020     0x2000
 *(.stack*)
 .stack         0x000000002000b020     0x2000 _build/gcc_startup_nrf52.os
                0x0000000020010000                __StackTop = (ORIGIN (RAM) + LENGTH (RAM))
                0x000000002000e000                __StackLimit = (__StackTop - SIZEOF (.stack_dummy))
                0x0000000020010000                PROVIDE (__stack = __StackTop)
                0x0000000000000001                ASSERT ((__StackLimit >= __HeapLimit), region RAM overflowed with stack)
                0x00000000000009c8                DataInitFlashUsed = (__bss_start__ - __data_start__)
                0x000000000000b394                CodeFlashUsed = (__etext - ORIGIN (FLASH))
                0x000000000000bd5c                TotalFlashUsed = (CodeFlashUsed + DataInitFlashUsed)
                0x0000000000000001                ASSERT ((TotalFlashUsed <= LENGTH (FLASH)), region FLASH overflowed with .data and user data)
OUTPUT(_build/servo_test_sdk15_s132.elf elf32-littlearm)

.ARM.attributes
                0x0000000000000000       0x30
 .ARM.attributes
                0x0000000000000000       0x22 /usr/bin/../lib/gcc/arm-none-eabi/7.3.1/thumb/v7e-m/fpv4-sp/hard/crti.o
 .ARM.attributes
                0x0000000000000022       0x34 /usr/bin/../lib/gcc/arm-none-eabi/7.3.1/thumb/v7e-m/fpv4-sp/hard/crtbegin.o
 .ARM.attributes
                0x0000000000000056       0x20 /usr/bin/../lib/gcc/arm-none-eabi/7.3.1/../../../../arm-none-eabi/lib/thumb/v7e-m/fpv4-sp/hard/crt0.o
 .ARM.attributes
                0x0000000000000076       0x39 _build/main.o
 .ARM.attributes
                0x00000000000000af       0x39 _build/better_error_handling.o
 .ARM.attributes
                0x00000000000000e8       0x39 _build/SEGGER_RTT.o
 .ARM.attributes
                0x0000000000000121       0x39 _build/SEGGER_RTT_Syscalls_GCC.o
 .ARM.attributes
                0x000000000000015a       0x39 _build/app_error_handler_gcc.o
 .ARM.attributes
                0x0000000000000193       0x39 _build/app_pwm.o
 .ARM.attributes
                0x00000000000001cc       0x39 _build/app_timer.o
 .ARM.attributes
                0x0000000000000205       0x39 _build/app_util_platform.o
 .ARM.attributes
                0x000000000000023e       0x39 _build/before_startup.o
 .ARM.attributes
                0x0000000000000277       0x39 _build/hardfault_handler_gcc.o
 .ARM.attributes
                0x00000000000002b0       0x39 _build/hardfault_implementation.o
 .ARM.attributes
                0x00000000000002e9       0x39 _build/nrf_atomic.o
 .ARM.attributes
                0x0000000000000322       0x39 _build/nrf_balloc.o
 .ARM.attributes
                0x000000000000035b       0x39 _build/nrf_drv_clock.o
 .ARM.attributes
                0x0000000000000394       0x39 _build/nrf_drv_ppi.o
 .ARM.attributes
                0x00000000000003cd       0x39 _build/nrf_fstorage.o
 .ARM.attributes
                0x0000000000000406       0x39 _build/nrf_log_frontend.o
 .ARM.attributes
                0x000000000000043f       0x39 _build/nrf_memobj.o
 .ARM.attributes
                0x0000000000000478       0x39 _build/nrf_pwr_mgmt.o
 .ARM.attributes
                0x00000000000004b1       0x39 _build/nrf_section_iter.o
 .ARM.attributes
                0x00000000000004ea       0x39 _build/nrf_strerror.o
 .ARM.attributes
                0x0000000000000523       0x39 _build/nrfx_clock.o
 .ARM.attributes
                0x000000000000055c       0x39 _build/nrfx_gpiote.o
 .ARM.attributes
                0x0000000000000595       0x39 _build/nrfx_ppi.o
 .ARM.attributes
                0x00000000000005ce       0x39 _build/nrfx_prs.o
 .ARM.attributes
                0x0000000000000607       0x39 _build/nrfx_pwm.o
 .ARM.attributes
                0x0000000000000640       0x39 _build/nrfx_saadc.o
 .ARM.attributes
                0x0000000000000679       0x39 _build/nrfx_spim.o
 .ARM.attributes
                0x00000000000006b2       0x39 _build/nrfx_timer.o
 .ARM.attributes
                0x00000000000006eb       0x39 _build/nrfx_twim.o
 .ARM.attributes
                0x0000000000000724       0x39 _build/nrfx_uart.o
 .ARM.attributes
                0x000000000000075d       0x39 _build/nrfx_uarte.o
 .ARM.attributes
                0x0000000000000796       0x39 _build/ble_advdata.o
 .ARM.attributes
                0x00000000000007cf       0x39 _build/ble_advertising.o
 .ARM.attributes
                0x0000000000000808       0x39 _build/ble_conn_params.o
 .ARM.attributes
                0x0000000000000841       0x39 _build/ble_srv_common.o
 .ARM.attributes
                0x000000000000087a       0x39 _build/nrf_ble_gatt.o
 .ARM.attributes
                0x00000000000008b3       0x39 _build/nrf_ble_qwr.o
 .ARM.attributes
                0x00000000000008ec       0x39 _build/nrf_sdh.o
 .ARM.attributes
                0x0000000000000925       0x39 _build/nrf_sdh_ble.o
 .ARM.attributes
                0x000000000000095e       0x39 _build/simple_ble.o
 .ARM.attributes
                0x0000000000000997       0x39 _build/system_nrf52.o
 .ARM.attributes
                0x00000000000009d0       0x1c _build/gcc_startup_nrf52.os
 .ARM.attributes
                0x00000000000009ec       0x34 /usr/bin/../lib/gcc/arm-none-eabi/7.3.1/../../../../arm-none-eabi/lib/thumb/v7e-m/fpv4-sp/hard/libc.a(lib_a-exit.o)
 .ARM.attributes
                0x0000000000000a20       0x34 /usr/bin/../lib/gcc/arm-none-eabi/7.3.1/../../../../arm-none-eabi/lib/thumb/v7e-m/fpv4-sp/hard/libc.a(lib_a-impure.o)
 .ARM.attributes
                0x0000000000000a54       0x34 /usr/bin/../lib/gcc/arm-none-eabi/7.3.1/../../../../arm-none-eabi/lib/thumb/v7e-m/fpv4-sp/hard/libc.a(lib_a-init.o)
 .ARM.attributes
                0x0000000000000a88       0x34 /usr/bin/../lib/gcc/arm-none-eabi/7.3.1/../../../../arm-none-eabi/lib/thumb/v7e-m/fpv4-sp/hard/libc.a(lib_a-locale.o)
 .ARM.attributes
                0x0000000000000abc       0x34 /usr/bin/../lib/gcc/arm-none-eabi/7.3.1/../../../../arm-none-eabi/lib/thumb/v7e-m/fpv4-sp/hard/libc.a(lib_a-mbtowc_r.o)
 .ARM.attributes
                0x0000000000000af0       0x20 /usr/bin/../lib/gcc/arm-none-eabi/7.3.1/../../../../arm-none-eabi/lib/thumb/v7e-m/fpv4-sp/hard/libc.a(lib_a-memcpy.o)
 .ARM.attributes
                0x0000000000000b10       0x34 /usr/bin/../lib/gcc/arm-none-eabi/7.3.1/../../../../arm-none-eabi/lib/thumb/v7e-m/fpv4-sp/hard/libc.a(lib_a-memset.o)
 .ARM.attributes
                0x0000000000000b44       0x34 /usr/bin/../lib/gcc/arm-none-eabi/7.3.1/../../../../arm-none-eabi/lib/thumb/v7e-m/fpv4-sp/hard/libc.a(lib_a-printf.o)
 .ARM.attributes
                0x0000000000000b78       0x34 /usr/bin/../lib/gcc/arm-none-eabi/7.3.1/../../../../arm-none-eabi/lib/thumb/v7e-m/fpv4-sp/hard/libc.a(lib_a-setbuf.o)
 .ARM.attributes
                0x0000000000000bac       0x34 /usr/bin/../lib/gcc/arm-none-eabi/7.3.1/../../../../arm-none-eabi/lib/thumb/v7e-m/fpv4-sp/hard/libc.a(lib_a-setvbuf.o)
 .ARM.attributes
                0x0000000000000be0       0x34 /usr/bin/../lib/gcc/arm-none-eabi/7.3.1/../../../../arm-none-eabi/lib/thumb/v7e-m/fpv4-sp/hard/libc.a(lib_a-strcpy.o)
 .ARM.attributes
                0x0000000000000c14       0x20 /usr/bin/../lib/gcc/arm-none-eabi/7.3.1/../../../../arm-none-eabi/lib/thumb/v7e-m/fpv4-sp/hard/libc.a(lib_a-strlen.o)
 .ARM.attributes
                0x0000000000000c34       0x34 /usr/bin/../lib/gcc/arm-none-eabi/7.3.1/../../../../arm-none-eabi/lib/thumb/v7e-m/fpv4-sp/hard/libc.a(lib_a-vfprintf.o)
 .ARM.attributes
                0x0000000000000c68       0x34 /usr/bin/../lib/gcc/arm-none-eabi/7.3.1/../../../../arm-none-eabi/lib/thumb/v7e-m/fpv4-sp/hard/libc.a(lib_a-wctomb_r.o)
 .ARM.attributes
                0x0000000000000c9c       0x34 /usr/bin/../lib/gcc/arm-none-eabi/7.3.1/../../../../arm-none-eabi/lib/thumb/v7e-m/fpv4-sp/hard/libc.a(lib_a-wsetup.o)
 .ARM.attributes
                0x0000000000000cd0       0x34 /usr/bin/../lib/gcc/arm-none-eabi/7.3.1/../../../../arm-none-eabi/lib/thumb/v7e-m/fpv4-sp/hard/libc.a(lib_a-__call_atexit.o)
 .ARM.attributes
                0x0000000000000d04       0x34 /usr/bin/../lib/gcc/arm-none-eabi/7.3.1/../../../../arm-none-eabi/lib/thumb/v7e-m/fpv4-sp/hard/libc.a(lib_a-atexit.o)
 .ARM.attributes
                0x0000000000000d38       0x34 /usr/bin/../lib/gcc/arm-none-eabi/7.3.1/../../../../arm-none-eabi/lib/thumb/v7e-m/fpv4-sp/hard/libc.a(lib_a-ctype_.o)
 .ARM.attributes
                0x0000000000000d6c       0x34 /usr/bin/../lib/gcc/arm-none-eabi/7.3.1/../../../../arm-none-eabi/lib/thumb/v7e-m/fpv4-sp/hard/libc.a(lib_a-dtoa.o)
 .ARM.attributes
                0x0000000000000da0       0x34 /usr/bin/../lib/gcc/arm-none-eabi/7.3.1/../../../../arm-none-eabi/lib/thumb/v7e-m/fpv4-sp/hard/libc.a(lib_a-fflush.o)
 .ARM.attributes
                0x0000000000000dd4       0x34 /usr/bin/../lib/gcc/arm-none-eabi/7.3.1/../../../../arm-none-eabi/lib/thumb/v7e-m/fpv4-sp/hard/libc.a(lib_a-findfp.o)
 .ARM.attributes
                0x0000000000000e08       0x34 /usr/bin/../lib/gcc/arm-none-eabi/7.3.1/../../../../arm-none-eabi/lib/thumb/v7e-m/fpv4-sp/hard/libc.a(lib_a-fini.o)
 .ARM.attributes
                0x0000000000000e3c       0x34 /usr/bin/../lib/gcc/arm-none-eabi/7.3.1/../../../../arm-none-eabi/lib/thumb/v7e-m/fpv4-sp/hard/libc.a(lib_a-freer.o)
 .ARM.attributes