Archive member included to satisfy reference by file (symbol)

/usr/bin/../lib/gcc/arm-none-eabi/7.3.1/../../../../arm-none-eabi/lib/thumb/v7e-m/fpv4-sp/hard/libc.a(lib_a-exit.o)
                              /usr/bin/../lib/gcc/arm-none-eabi/7.3.1/../../../../arm-none-eabi/lib/thumb/v7e-m/fpv4-sp/hard/crt0.o (exit)
/usr/bin/../lib/gcc/arm-none-eabi/7.3.1/../../../../arm-none-eabi/lib/thumb/v7e-m/fpv4-sp/hard/libc.a(lib_a-impure.o)
                              /usr/bin/../lib/gcc/arm-none-eabi/7.3.1/../../../../arm-none-eabi/lib/thumb/v7e-m/fpv4-sp/hard/libc.a(lib_a-exit.o) (_global_impure_ptr)
/usr/bin/../lib/gcc/arm-none-eabi/7.3.1/../../../../arm-none-eabi/lib/thumb/v7e-m/fpv4-sp/hard/libc.a(lib_a-init.o)
                              /usr/bin/../lib/gcc/arm-none-eabi/7.3.1/../../../../arm-none-eabi/lib/thumb/v7e-m/fpv4-sp/hard/crt0.o (__libc_init_array)
/usr/bin/../lib/gcc/arm-none-eabi/7.3.1/../../../../arm-none-eabi/lib/thumb/v7e-m/fpv4-sp/hard/libc.a(lib_a-locale.o)
                              _build/nrf_log_str_formatter.o (__locale_ctype_ptr)
/usr/bin/../lib/gcc/arm-none-eabi/7.3.1/../../../../arm-none-eabi/lib/thumb/v7e-m/fpv4-sp/hard/libc.a(lib_a-mbtowc_r.o)
                              /usr/bin/../lib/gcc/arm-none-eabi/7.3.1/../../../../arm-none-eabi/lib/thumb/v7e-m/fpv4-sp/hard/libc.a(lib_a-locale.o) (__ascii_mbtowc)
/usr/bin/../lib/gcc/arm-none-eabi/7.3.1/../../../../arm-none-eabi/lib/thumb/v7e-m/fpv4-sp/hard/libc.a(lib_a-memcmp.o)
                              _build/nrf_twi_mngr.o (memcmp)
/usr/bin/../lib/gcc/arm-none-eabi/7.3.1/../../../../arm-none-eabi/lib/thumb/v7e-m/fpv4-sp/hard/libc.a(lib_a-memcpy.o)
                              _build/SEGGER_RTT.o (memcpy)
/usr/bin/../lib/gcc/arm-none-eabi/7.3.1/../../../../arm-none-eabi/lib/thumb/v7e-m/fpv4-sp/hard/libc.a(lib_a-memset.o)
                              /usr/bin/../lib/gcc/arm-none-eabi/7.3.1/../../../../arm-none-eabi/lib/thumb/v7e-m/fpv4-sp/hard/crt0.o (memset)
/usr/bin/../lib/gcc/arm-none-eabi/7.3.1/../../../../arm-none-eabi/lib/thumb/v7e-m/fpv4-sp/hard/libc.a(lib_a-printf.o)
                              _build/main.o (printf)
/usr/bin/../lib/gcc/arm-none-eabi/7.3.1/../../../../arm-none-eabi/lib/thumb/v7e-m/fpv4-sp/hard/libc.a(lib_a-setbuf.o)
                              _build/before_startup.o (setbuf)
/usr/bin/../lib/gcc/arm-none-eabi/7.3.1/../../../../arm-none-eabi/lib/thumb/v7e-m/fpv4-sp/hard/libc.a(lib_a-setvbuf.o)
                              /usr/bin/../lib/gcc/arm-none-eabi/7.3.1/../../../../arm-none-eabi/lib/thumb/v7e-m/fpv4-sp/hard/libc.a(lib_a-setbuf.o) (setvbuf)
/usr/bin/../lib/gcc/arm-none-eabi/7.3.1/../../../../arm-none-eabi/lib/thumb/v7e-m/fpv4-sp/hard/libc.a(lib_a-strcmp.o)
                              /usr/bin/../lib/gcc/arm-none-eabi/7.3.1/../../../../arm-none-eabi/lib/thumb/v7e-m/fpv4-sp/hard/libc.a(lib_a-locale.o) (strcmp)
/usr/bin/../lib/gcc/arm-none-eabi/7.3.1/../../../../arm-none-eabi/lib/thumb/v7e-m/fpv4-sp/hard/libc.a(lib_a-strcpy.o)
                              _build/SEGGER_RTT.o (strcpy)
/usr/bin/../lib/gcc/arm-none-eabi/7.3.1/../../../../arm-none-eabi/lib/thumb/v7e-m/fpv4-sp/hard/libc.a(lib_a-strlen.o)
                              _build/display.o (strlen)
/usr/bin/../lib/gcc/arm-none-eabi/7.3.1/../../../../arm-none-eabi/lib/thumb/v7e-m/fpv4-sp/hard/libc.a(lib_a-vfprintf.o)
                              /usr/bin/../lib/gcc/arm-none-eabi/7.3.1/../../../../arm-none-eabi/lib/thumb/v7e-m/fpv4-sp/hard/libc.a(lib_a-printf.o) (_vfprintf_r)
/usr/bin/../lib/gcc/arm-none-eabi/7.3.1/../../../../arm-none-eabi/lib/thumb/v7e-m/fpv4-sp/hard/libc.a(lib_a-vsnprintf.o)
                              _build/simple_logger.o (vsnprintf)
/usr/bin/../lib/gcc/arm-none-eabi/7.3.1/../../../../arm-none-eabi/lib/thumb/v7e-m/fpv4-sp/hard/libc.a(lib_a-wctomb_r.o)
                              /usr/bin/../lib/gcc/arm-none-eabi/7.3.1/../../../../arm-none-eabi/lib/thumb/v7e-m/fpv4-sp/hard/libc.a(lib_a-locale.o) (__ascii_wctomb)
/usr/bin/../lib/gcc/arm-none-eabi/7.3.1/../../../../arm-none-eabi/lib/thumb/v7e-m/fpv4-sp/hard/libc.a(lib_a-wsetup.o)
                              /usr/bin/../lib/gcc/arm-none-eabi/7.3.1/../../../../arm-none-eabi/lib/thumb/v7e-m/fpv4-sp/hard/libc.a(lib_a-vfprintf.o) (__swsetup_r)
/usr/bin/../lib/gcc/arm-none-eabi/7.3.1/../../../../arm-none-eabi/lib/thumb/v7e-m/fpv4-sp/hard/libc.a(lib_a-__call_atexit.o)
                              /usr/bin/../lib/gcc/arm-none-eabi/7.3.1/../../../../arm-none-eabi/lib/thumb/v7e-m/fpv4-sp/hard/libc.a(lib_a-exit.o) (__call_exitprocs)
/usr/bin/../lib/gcc/arm-none-eabi/7.3.1/../../../../arm-none-eabi/lib/thumb/v7e-m/fpv4-sp/hard/libc.a(lib_a-atexit.o)
                              /usr/bin/../lib/gcc/arm-none-eabi/7.3.1/../../../../arm-none-eabi/lib/thumb/v7e-m/fpv4-sp/hard/libc.a(lib_a-__call_atexit.o) (atexit)
/usr/bin/../lib/gcc/arm-none-eabi/7.3.1/../../../../arm-none-eabi/lib/thumb/v7e-m/fpv4-sp/hard/libc.a(lib_a-ctype_.o)
[...]
Memory Configuration

Name             Origin             Length             Attributes
FLASH            0x0000000000026000 0x0000000000059000 xr
RAM              0x00000000200098a8 0x0000000000006758 xrw
bootloader_settings_page 0x000000000007f000 0x0000000000001000 r
uicr_bootloader_start_address 0x0000000010001014 0x0000000000000004 r
*default*        0x0000000000000000 0xffffffffffffffff

Linker script and memory map


.text           0x0000000000026000     0xcc64
 *(.isr_vector)
 .isr_vector    0x0000000000026000      0x200 _build/gcc_startup_nrf52.os
                0x0000000000026000                __isr_vector
 *(.text*)
 .text          0x0000000000026200       0x40 /usr/bin/../lib/gcc/arm-none-eabi/7.3.1/thumb/v7e-m/fpv4-sp/hard/crtbegin.o
 .text          0x0000000000026240       0x74 /usr/bin/../lib/gcc/arm-none-eabi/7.3.1/../../../../arm-none-eabi/lib/thumb/v7e-m/fpv4-sp/hard/crt0.o
                0x0000000000026240                _mainCRTStartup
                0x0000000000026240                _start
 .text.saadc_callback
                0x00000000000262b4        0x2 _build/main.o
                0x00000000000262b4                saadc_callback
 *fill*         0x00000000000262b6        0x2 
 .text.sample_value
                0x00000000000262b8       0x24 _build/main.o
                0x00000000000262b8                sample_value
 *fill*         0x00000000000262dc        0x4 
 .text.startup.main
                0x00000000000262e0      0x30c _build/main.o
                0x00000000000262e0                main
 .text.nrf_delay_ms.part.0
                0x00000000000265ec       0x1c _build/better_error_handling.o
 .text.app_error_fault_handler
                0x0000000000026608      0x128 _build/better_error_handling.o
                0x0000000000026608                app_error_fault_handler
 .text.HardFault_process
                0x0000000000026730       0x9a _build/better_error_handling.o
                0x0000000000026730                HardFault_process
 .text._GetAvailWriteSpace
                0x00000000000267ca       0x1c _build/SEGGER_RTT.o
 .text._WriteNoCheck
                0x00000000000267e6       0x3a _build/SEGGER_RTT.o
 .text._WriteBlocking
                0x0000000000026820       0x52 _build/SEGGER_RTT.o
 *fill*         0x0000000000026872        0x2 
 .text._DoInit  0x0000000000026874       0x60 _build/SEGGER_RTT.o
 .text.SEGGER_RTT_WriteNoLock
                0x00000000000268d4       0x68 _build/SEGGER_RTT.o
                0x00000000000268d4                SEGGER_RTT_WriteNoLock
 .text.SEGGER_RTT_Write
                0x000000000002693c       0x3c _build/SEGGER_RTT.o
                0x000000000002693c                SEGGER_RTT_Write
 .text.SEGGER_RTT_Init
                0x0000000000026978        0x4 _build/SEGGER_RTT.o
                0x0000000000026978                SEGGER_RTT_Init
 .text._write_r
                0x000000000002697c       0x12 _build/SEGGER_RTT_Syscalls_GCC.o
                0x000000000002697c                _write_r
 .text.app_error_handler
                0x000000000002698e       0x1a _build/app_error_handler_gcc.o
                0x000000000002698e                app_error_handler
 .text.pwm_dealloc
                0x00000000000269a8       0x58 _build/app_pwm.o
 .text.pwm_ready_tick
                0x0000000000026a00       0x5c _build/app_pwm.o
                0x0000000000026a00                pwm_ready_tick
 .text.app_pwm_busy_check
                0x0000000000026a5c       0x3c _build/app_pwm.o
                0x0000000000026a5c                app_pwm_busy_check
 .text.app_pwm_channel_duty_ticks_set
                0x0000000000026a98      0x1a0 _build/app_pwm.o
                0x0000000000026a98                app_pwm_channel_duty_ticks_set
 .text.app_pwm_channel_duty_set
                0x0000000000026c38       0x12 _build/app_pwm.o
                0x0000000000026c38                app_pwm_channel_duty_set
 *fill*         0x0000000000026c4a        0x2 
 .text.app_pwm_init
                0x0000000000026c4c      0x344 _build/app_pwm.o
                0x0000000000026c4c                app_pwm_init
 .text.app_pwm_enable
                0x0000000000026f90       0x88 _build/app_pwm.o
                0x0000000000026f90                app_pwm_enable
 .text.user_op_alloc
                0x0000000000027018       0x2c _build/app_timer.o
 .text.timer_stop_op_schedule
                0x0000000000027044       0x50 _build/app_timer.o
 .text.nrfx_coredep_delay_us.constprop.3
                0x0000000000027094       0x10 _build/app_timer.o
 .text.RTC1_IRQHandler
                0x00000000000270a4       0x9c _build/app_timer.o
                0x00000000000270a4                RTC1_IRQHandler
 .text.SWI0_EGU0_IRQHandler
                0x0000000000027140      0x2a4 _build/app_timer.o
                0x0000000000027140                SWI0_EGU0_IRQHandler
 .text.app_timer_start
                0x00000000000273e4       0x88 _build/app_timer.o
                0x00000000000273e4                app_timer_start
 .text.app_timer_stop
                0x000000000002746c       0x20 _build/app_timer.o
                0x000000000002746c                app_timer_stop
 .text.privilege_level_get
                0x000000000002748c       0x1a _build/app_util_platform.o
                0x000000000002748c                privilege_level_get
 *fill*         0x00000000000274a6        0x2 
 .text.app_util_critical_region_enter
                0x00000000000274a8       0x60 _build/app_util_platform.o
                0x00000000000274a8                app_util_critical_region_enter
 .text.app_util_critical_region_exit
                0x0000000000027508       0x40 _build/app_util_platform.o
                0x0000000000027508                app_util_critical_region_exit
 .text.startup.called_first
                0x0000000000027548       0x10 _build/before_startup.o
                0x0000000000027548                called_first
 .text.HardFault_Handler
                0x0000000000027558       0x34 _build/hardfault_handler_gcc.o
                0x0000000000027558                HardFault_Handler
 .text.HardFault_c_handler
                0x000000000002758c      0x104 _build/hardfault_implementation.o
                0x000000000002758c                HardFault_c_handler
 .text.nrf_atomic_u32_fetch_store
                0x0000000000027690       0x14 _build/nrf_atomic.o
                0x0000000000027690                nrf_atomic_u32_fetch_store
 .text.nrf_atomic_u32_or
                0x00000000000276a4       0x16 _build/nrf_atomic.o
                0x00000000000276a4                nrf_atomic_u32_or
 .text.nrf_atomic_u32_fetch_and
                0x00000000000276ba       0x16 _build/nrf_atomic.o
                0x00000000000276ba                nrf_atomic_u32_fetch_and
 .text.nrf_atomic_u32_add
                0x00000000000276d0       0x16 _build/nrf_atomic.o
                0x00000000000276d0                nrf_atomic_u32_add
 .text.nrf_atomic_u32_sub
                0x00000000000276e6       0x16 _build/nrf_atomic.o
                0x00000000000276e6                nrf_atomic_u32_sub
 .text.nrf_atomic_flag_set
                0x00000000000276fc        0x6 _build/nrf_atomic.o
                0x00000000000276fc                nrf_atomic_flag_set
 .text.nrf_atomic_flag_clear_fetch
                0x0000000000027702        0x6 _build/nrf_atomic.o
                0x0000000000027702                nrf_atomic_flag_clear_fetch
 .text.nrf_balloc_init
                0x0000000000027708       0x7c _build/nrf_balloc.o
                0x0000000000027708                nrf_balloc_init
 .text.nrf_balloc_alloc
                0x0000000000027784       0x5c _build/nrf_balloc.o
                0x0000000000027784                nrf_balloc_alloc
 .text.nrf_balloc_free
                0x00000000000277e0       0x50 _build/nrf_balloc.o
                0x00000000000277e0                nrf_balloc_free
 .text.clock_clk_started_notify
                0x0000000000027830       0x28 _build/nrf_drv_clock.o
 .text.clock_irq_handler
                0x0000000000027858       0x1c _build/nrf_drv_clock.o
 .text.soc_evt_handler
                0x0000000000027874       0x14 _build/nrf_drv_clock.o
 .text.nrf_drv_clock_init
                0x0000000000027888       0x38 _build/nrf_drv_clock.o
                0x0000000000027888                nrf_drv_clock_init
 .text.nrf_drv_clock_lfclk_release
                0x00000000000278c0       0x60 _build/nrf_drv_clock.o
                0x00000000000278c0                nrf_drv_clock_lfclk_release
 .text.sd_state_evt_handler
                0x0000000000027920       0x6c _build/nrf_drv_clock.o
 .text.nrf_drv_ppi_init
                0x000000000002798c       0x14 _build/nrf_drv_ppi.o
                0x000000000002798c                nrf_drv_ppi_init
 .text.nrf_fprintf_buffer_flush
                0x00000000000279a0       0x24 _build/nrf_fprintf.o
                0x00000000000279a0                nrf_fprintf_buffer_flush
 .text.nrf_fprintf
                0x00000000000279c4       0x58 _build/nrf_fprintf.o
                0x00000000000279c4                nrf_fprintf
 .text.buffer_add
                0x0000000000027a1c       0x1e _build/nrf_fprintf_format.o
 *fill*         0x0000000000027a3a        0x2 
 .text.unsigned_print
                0x0000000000027a3c       0xac _build/nrf_fprintf_format.o
 .text.nrf_fprintf_fmt
                0x0000000000027ae8      0x2c4 _build/nrf_fprintf_format.o
                0x0000000000027ae8                nrf_fprintf_fmt
 .text.nrf_log_backend_rtt_flush
                0x0000000000027dac        0x2 _build/nrf_log_backend_rtt.o
 *fill*         0x0000000000027dae        0x2 
 .text.nrf_log_backend_rtt_put
                0x0000000000027db0       0x1c _build/nrf_log_backend_rtt.o
 .text.serial_tx
                0x0000000000027dcc       0x50 _build/nrf_log_backend_rtt.o
 .text.nrf_log_backend_rtt_panic_set
                0x0000000000027e1c        0x2 _build/nrf_log_backend_rtt.o
 .text.nrf_log_backend_rtt_init
                0x0000000000027e1e        0x4 _build/nrf_log_backend_rtt.o
                0x0000000000027e1e                nrf_log_backend_rtt_init
 .text.nrf_log_backend_serial_put
                0x0000000000027e22       0xcc _build/nrf_log_backend_serial.o
                0x0000000000027e22                nrf_log_backend_serial_put
 *fill*         0x0000000000027eee        0x2 
 .text.nrf_log_default_backends_init
                0x0000000000027ef0       0x30 _build/nrf_log_default_backends.o
                0x0000000000027ef0                nrf_log_default_backends_init
 .text.invalid_packets_omit
                0x0000000000027f20       0x3a _build/nrf_log_frontend.o
 *fill*         0x0000000000027f5a        0x2 
 .text.buf_prealloc
                0x0000000000027f5c      0x138 _build/nrf_log_frontend.o
 .text.nrf_log_init
                0x0000000000028094       0x3c _build/nrf_log_frontend.o
                0x0000000000028094                nrf_log_init
 .text.nrf_log_module_name_get
                0x00000000000280d0       0x38 _build/nrf_log_frontend.o
                0x00000000000280d0                nrf_log_module_name_get
 .text.nrf_log_color_id_get
                0x0000000000028108       0x2c _build/nrf_log_frontend.o
                0x0000000000028108                nrf_log_color_id_get
 .text.buffer_is_empty
                0x0000000000028134       0x14 _build/nrf_log_frontend.o
                0x0000000000028134                buffer_is_empty
 .text.nrf_log_frontend_dequeue
                0x0000000000028148      0x228 _build/nrf_log_frontend.o
                0x0000000000028148                nrf_log_frontend_dequeue
 .text.std_n    0x0000000000028370       0xd8 _build/nrf_log_frontend.o
 .text.nrf_log_frontend_std_0
                0x0000000000028448        0x8 _build/nrf_log_frontend.o
                0x0000000000028448                nrf_log_frontend_std_0
 .text.nrf_log_frontend_std_1
                0x0000000000028450       0x14 _build/nrf_log_frontend.o
                0x0000000000028450                nrf_log_frontend_std_1
 .text.nrf_log_frontend_std_2
                0x0000000000028464       0x14 _build/nrf_log_frontend.o
                0x0000000000028464                nrf_log_frontend_std_2
 .text.nrf_log_frontend_std_3
                0x0000000000028478       0x18 _build/nrf_log_frontend.o
                0x0000000000028478                nrf_log_frontend_std_3
 .text.nrf_log_frontend_std_4
                0x0000000000028490       0x1c _build/nrf_log_frontend.o
                0x0000000000028490                nrf_log_frontend_std_4
 .text.nrf_log_backend_add
                0x00000000000284ac       0x54 _build/nrf_log_frontend.o
                0x00000000000284ac                nrf_log_backend_add
 .text.nrf_log_panic
                0x0000000000028500       0x2c _build/nrf_log_frontend.o
                0x0000000000028500                nrf_log_panic
 .text.postfix_process
                0x000000000002852c       0x3c _build/nrf_log_str_formatter.o
 .text.prefix_process
                0x0000000000028568       0x78 _build/nrf_log_str_formatter.o
 .text.nrf_log_std_entry_process
                0x00000000000285e0       0xc8 _build/nrf_log_str_formatter.o
                0x00000000000285e0                nrf_log_std_entry_process
 .text.nrf_log_hexdump_entry_process
                0x00000000000286a8       0xbc _build/nrf_log_str_formatter.o
                0x00000000000286a8                nrf_log_hexdump_entry_process
 .text.memobj_op
                0x0000000000028764       0xa4 _build/nrf_memobj.o
 .text.nrf_memobj_pool_init
                0x0000000000028808        0x4 _build/nrf_memobj.o
                0x0000000000028808                nrf_memobj_pool_init
 .text.nrf_memobj_free
                0x000000000002880c       0x2c _build/nrf_memobj.o
                0x000000000002880c                nrf_memobj_free
 .text.nrf_memobj_alloc
                0x0000000000028838       0x5e _build/nrf_memobj.o
                0x0000000000028838                nrf_memobj_alloc
 .text.nrf_memobj_get
                0x0000000000028896        0x8 _build/nrf_memobj.o
                0x0000000000028896                nrf_memobj_get
 .text.nrf_memobj_put
                0x000000000002889e       0x1e _build/nrf_memobj.o
                0x000000000002889e                nrf_memobj_put
 .text.nrf_memobj_write
                0x00000000000288bc       0x2c _build/nrf_memobj.o
                0x00000000000288bc                nrf_memobj_write
 .text.nrf_memobj_read
                0x00000000000288e8       0x2c _build/nrf_memobj.o
                0x00000000000288e8                nrf_memobj_read
 .text.nrf_ringbuf_init
                0x0000000000028914       0x1c _build/nrf_ringbuf.o
                0x0000000000028914                nrf_ringbuf_init
 .text.nrf_section_iter_init
                0x0000000000028930       0x30 _build/nrf_section_iter.o
                0x0000000000028930                nrf_section_iter_init
 .text.nrf_section_iter_next
                0x0000000000028960       0x38 _build/nrf_section_iter.o
                0x0000000000028960                nrf_section_iter_next
 .text.nrf_strerror_find
                0x0000000000028998       0x3c _build/nrf_strerror.o
                0x0000000000028998                nrf_strerror_find
 .text.nrf_strerror_get
                0x00000000000289d4       0x14 _build/nrf_strerror.o
                0x00000000000289d4                nrf_strerror_get
 .text.nrfx_clock_init
                0x00000000000289e8       0x2c _build/nrfx_clock.o
                0x00000000000289e8                nrfx_clock_init
 .text.nrfx_clock_enable
                0x0000000000028a14       0x3c _build/nrfx_clock.o
                0x0000000000028a14                nrfx_clock_enable
 .text.nrfx_clock_lfclk_stop
                0x0000000000028a50       0x30 _build/nrfx_clock.o
                0x0000000000028a50                nrfx_clock_lfclk_stop
 .text.POWER_CLOCK_IRQHandler
                0x0000000000028a80       0x64 _build/nrfx_clock.o
                0x0000000000028a80                POWER_CLOCK_IRQHandler
 .text.nrf_gpiote_event_clear
                0x0000000000028ae4       0x18 _build/nrfx_gpiote.o
 .text.channel_free
                0x0000000000028afc       0x1c _build/nrfx_gpiote.o
 .text.nrf_gpio_pin_port_decode.isra.0.part.1
                0x0000000000028b18       0x10 _build/nrfx_gpiote.o
 .text.nrf_gpio_cfg_sense_set
                0x0000000000028b28       0x2e _build/nrfx_gpiote.o
 *fill*         0x0000000000028b56        0x2 
 .text.nrfx_gpiote_init
                0x0000000000028b58       0x6c _build/nrfx_gpiote.o
                0x0000000000028b58                nrfx_gpiote_init
 .text.nrfx_gpiote_is_init
                0x0000000000028bc4       0x14 _build/nrfx_gpiote.o
                0x0000000000028bc4                nrfx_gpiote_is_init
 .text.nrfx_gpiote_out_init
                0x0000000000028bd8      0x11c _build/nrfx_gpiote.o
                0x0000000000028bd8                nrfx_gpiote_out_init
 .text.nrfx_gpiote_out_uninit
                0x0000000000028cf4       0x90 _build/nrfx_gpiote.o
                0x0000000000028cf4                nrfx_gpiote_out_uninit
 .text.nrfx_gpiote_out_set
                0x0000000000028d84       0x5c _build/nrfx_gpiote.o
                0x0000000000028d84                nrfx_gpiote_out_set
 .text.nrfx_gpiote_out_clear
                0x0000000000028de0       0x5c _build/nrfx_gpiote.o
                0x0000000000028de0                nrfx_gpiote_out_clear
 .text.nrfx_gpiote_out_task_enable
                0x0000000000028e3c       0x64 _build/nrfx_gpiote.o
                0x0000000000028e3c                nrfx_gpiote_out_task_enable
 .text.nrfx_gpiote_set_task_addr_get
                0x0000000000028ea0       0x48 _build/nrfx_gpiote.o
                0x0000000000028ea0                nrfx_gpiote_set_task_addr_get
 .text.nrfx_gpiote_clr_task_addr_get
                0x0000000000028ee8       0x48 _build/nrfx_gpiote.o
                0x0000000000028ee8                nrfx_gpiote_clr_task_addr_get
 .text.nrfx_gpiote_out_task_force
                0x0000000000028f30       0x70 _build/nrfx_gpiote.o
                0x0000000000028f30                nrfx_gpiote_out_task_force
 .text.GPIOTE_IRQHandler
                0x0000000000028fa0      0x18c _build/nrfx_gpiote.o
                0x0000000000028fa0                GPIOTE_IRQHandler
 .text.nrfx_ppi_channel_alloc
                0x000000000002912c       0x68 _build/nrfx_ppi.o
                0x000000000002912c                nrfx_ppi_channel_alloc
 .text.nrfx_ppi_channel_free
                0x0000000000029194       0x44 _build/nrfx_ppi.o
                0x0000000000029194                nrfx_ppi_channel_free
 .text.nrfx_ppi_channel_assign
                0x00000000000291d8       0x40 _build/nrfx_ppi.o
                0x00000000000291d8                nrfx_ppi_channel_assign
 .text.nrfx_ppi_channel_enable
                0x0000000000029218       0x30 _build/nrfx_ppi.o
                0x0000000000029218                nrfx_ppi_channel_enable
 .text.nrfx_ppi_channel_disable
                0x0000000000029248       0x30 _build/nrfx_ppi.o
                0x0000000000029248                nrfx_ppi_channel_disable
 .text.UARTE0_UART0_IRQHandler
                0x0000000000029278       0x20 _build/nrfx_prs.o
                0x0000000000029278                UARTE0_UART0_IRQHandler
 .text.nrf_pwm_event_clear
                0x0000000000029298       0x10 _build/nrfx_pwm.o
 .text.irq_handler
                0x00000000000292a8       0x80 _build/nrfx_pwm.o
 .text.PWM0_IRQHandler
                0x0000000000029328       0x10 _build/nrfx_pwm.o
                0x0000000000029328                PWM0_IRQHandler
 .text.PWM1_IRQHandler
                0x0000000000029338       0x10 _build/nrfx_pwm.o
                0x0000000000029338                PWM1_IRQHandler
 .text.PWM2_IRQHandler
                0x0000000000029348       0x10 _build/nrfx_pwm.o
                0x0000000000029348                PWM2_IRQHandler
 .text.nrf_saadc_event_clear
                0x0000000000029358       0x18 _build/nrfx_saadc.o
 .text.SAADC_IRQHandler
                0x0000000000029370      0x164 _build/nrfx_saadc.o
                0x0000000000029370                SAADC_IRQHandler
 .text.nrfx_saadc_init
                0x00000000000294d4       0xc4 _build/nrfx_saadc.o
                0x00000000000294d4                nrfx_saadc_init
 .text.nrfx_saadc_channel_init
                0x0000000000029598      0x108 _build/nrfx_saadc.o
                0x0000000000029598                nrfx_saadc_channel_init
 .text.nrfx_saadc_sample_convert
                0x00000000000296a0       0xe8 _build/nrfx_saadc.o
                0x00000000000296a0                nrfx_saadc_sample_convert
 .text.nrf_gpio_pin_port_decode.isra.0.part.1
                0x0000000000029788       0x10 _build/nrfx_spim.o
 .text.nrf_gpio_pin_clear
                0x0000000000029798       0x1c _build/nrfx_spim.o
 .text.nrf_gpio_pin_set
                0x00000000000297b4       0x1c _build/nrfx_spim.o
 .text.SPIM1_SPIS1_TWIM1_TWIS1_SPI1_TWI1_IRQHandler
                0x00000000000297d0       0x64 _build/nrfx_spim.o
                0x00000000000297d0                SPIM1_SPIS1_TWIM1_TWIS1_SPI1_TWI1_IRQHandler
 .text.irq_handler.constprop.0
                0x0000000000029834       0x4c _build/nrfx_timer.o
 .text.nrfx_timer_init
                0x0000000000029880      0x170 _build/nrfx_timer.o
                0x0000000000029880                nrfx_timer_init
 .text.nrfx_timer_enable
                0x00000000000299f0       0x38 _build/nrfx_timer.o
                0x00000000000299f0                nrfx_timer_enable
 .text.nrfx_timer_disable
                0x0000000000029a28       0x34 _build/nrfx_timer.o
                0x0000000000029a28                nrfx_timer_disable
 .text.nrfx_timer_uninit
                0x0000000000029a5c       0x50 _build/nrfx_timer.o
                0x0000000000029a5c                nrfx_timer_uninit
 .text.nrfx_timer_clear
                0x0000000000029aac       0x2c _build/nrfx_timer.o
                0x0000000000029aac                nrfx_timer_clear
 .text.nrfx_timer_compare
                0x0000000000029ad8       0x36 _build/nrfx_timer.o
                0x0000000000029ad8                nrfx_timer_compare
 .text.nrfx_timer_extended_compare
                0x0000000000029b0e       0x2e _build/nrfx_timer.o
                0x0000000000029b0e                nrfx_timer_extended_compare
 .text.nrfx_timer_compare_int_enable
                0x0000000000029b3c       0x58 _build/nrfx_timer.o
                0x0000000000029b3c                nrfx_timer_compare_int_enable
 .text.nrfx_timer_compare_int_disable
                0x0000000000029b94       0x44 _build/nrfx_timer.o
                0x0000000000029b94                nrfx_timer_compare_int_disable
 .text.TIMER0_IRQHandler
                0x0000000000029bd8       0x10 _build/nrfx_timer.o
                0x0000000000029bd8                TIMER0_IRQHandler
 .text.TIMER1_IRQHandler
                0x0000000000029be8       0x10 _build/nrfx_timer.o
                0x0000000000029be8                TIMER1_IRQHandler
 .text.TIMER2_IRQHandler
                0x0000000000029bf8       0x10 _build/nrfx_timer.o
                0x0000000000029bf8                TIMER2_IRQHandler
 .text.nrf_twim_event_clear
                0x0000000000029c08       0x10 _build/nrfx_twim.o
 .text.SPIM0_SPIS0_TWIM0_TWIS0_SPI0_TWI0_IRQHandler
                0x0000000000029c18      0x158 _build/nrfx_twim.o
                0x0000000000029c18                SPIM0_SPIS0_TWIM0_TWIS0_SPI0_TWI0_IRQHandler
 .text.ble_advdata_search
                0x0000000000029d70       0x38 _build/ble_advdata.o
                0x0000000000029d70                ble_advdata_search
 .text.ble_advdata_parse
                0x0000000000029da8       0x20 _build/ble_advdata.o
                0x0000000000029da8                ble_advdata_parse
 .text.sd_ble_gap_adv_set_configure
                0x0000000000029dc8        0x4 _build/ble_advertising.o
 .text.sd_ble_gap_adv_start
                0x0000000000029dcc        0x4 _build/ble_advertising.o
 .text.flags_set
                0x0000000000029dd0       0x2c _build/ble_advertising.o
 .text.ble_advertising_start
                0x0000000000029dfc      0x21c _build/ble_advertising.o
                0x0000000000029dfc                ble_advertising_start
 .text.ble_advertising_on_ble_evt
                0x000000000002a018       0x6a _build/ble_advertising.o
                0x000000000002a018                ble_advertising_on_ble_evt
 .text.ble_advertising_on_sys_evt
                0x000000000002a082        0x2 _build/ble_advertising.o
                0x000000000002a082                ble_advertising_on_sys_evt
 .text.instance_get
                0x000000000002a084       0x14 _build/ble_conn_params.o
 .text.send_error_evt
                0x000000000002a098       0x10 _build/ble_conn_params.o
 .text.conn_params_negotiation
                0x000000000002a0a8       0x48 _build/ble_conn_params.o
 .text.is_conn_params_ok.constprop.3
                0x000000000002a0f0       0x3a _build/ble_conn_params.o
 *fill*         0x000000000002a12a        0x2 
 .text.ble_evt_handler
                0x000000000002a12c       0xe0 _build/ble_conn_params.o
 .text.ble_srv_is_notification_enabled
                0x000000000002a20c        0x8 _build/ble_srv_common.o
                0x000000000002a20c                ble_srv_is_notification_enabled
 .text.sd_ble_gap_data_length_update
                0x000000000002a214        0x4 _build/nrf_ble_gatt.o
 .text.sd_ble_gattc_exchange_mtu_request
                0x000000000002a218        0x4 _build/nrf_ble_gatt.o
 .text.sd_ble_gatts_exchange_mtu_reply
                0x000000000002a21c        0x4 _build/nrf_ble_gatt.o
 .text.data_length_update
                0x000000000002a220       0x7c _build/nrf_ble_gatt.o
 .text.nrf_ble_gatt_on_ble_evt
                0x000000000002a29c      0x1b0 _build/nrf_ble_gatt.o
                0x000000000002a29c                nrf_ble_gatt_on_ble_evt
 .text.sd_ble_gatts_rw_authorize_reply
                0x000000000002a44c        0x4 _build/nrf_ble_qwr.o
 .text.sd_ble_user_mem_reply
                0x000000000002a450        0x4 _build/nrf_ble_qwr.o
 .text.user_mem_reply.part.0
                0x000000000002a454       0x24 _build/nrf_ble_qwr.o
 .text.nrf_ble_qwr_conn_handle_assign
                0x000000000002a478       0x16 _build/nrf_ble_qwr.o
                0x000000000002a478                nrf_ble_qwr_conn_handle_assign
 .text.nrf_ble_qwr_on_ble_evt
                0x000000000002a48e       0xa0 _build/nrf_ble_qwr.o
                0x000000000002a48e                nrf_ble_qwr_on_ble_evt
 *fill*         0x000000000002a52e        0x2 
 .text.nrf_sdh_is_enabled
                0x000000000002a530        0xc _build/nrf_sdh.o
                0x000000000002a530                nrf_sdh_is_enabled
 .text.nrf_sdh_evts_poll
                0x000000000002a53c       0x28 _build/nrf_sdh.o
                0x000000000002a53c                nrf_sdh_evts_poll
 .text.SWI2_EGU2_IRQHandler
                0x000000000002a564        0x4 _build/nrf_sdh.o
                0x000000000002a564                SWI2_EGU2_IRQHandler
 .text.sd_ble_evt_get
                0x000000000002a568        0x4 _build/nrf_sdh_ble.o
 .text.nrf_sdh_ble_evts_poll.part.0
                0x000000000002a56c       0x58 _build/nrf_sdh_ble.o
 .text.nrf_sdh_ble_evts_poll
                0x000000000002a5c4       0x10 _build/nrf_sdh_ble.o
 .text.sd_ble_gap_disconnect
                0x000000000002a5d4        0x4 _build/simple_ble.o
 .text.sd_ble_gap_sec_params_reply
                0x000000000002a5d8        0x4 _build/simple_ble.o
 .text.sd_ble_gap_sec_info_reply
                0x000000000002a5dc        0x4 _build/simple_ble.o
 .text.sd_ble_gap_scan_start
                0x000000000002a5e0        0x4 _build/simple_ble.o
 .text.sd_ble_gap_phy_update
                0x000000000002a5e4        0x4 _build/simple_ble.o
 .text.sd_ble_gatts_sys_attr_set
                0x000000000002a5e8        0x4 _build/simple_ble.o
 .text.sd_power_system_off
                0x000000000002a5ec        0x4 _build/simple_ble.o
 .text.on_ble_evt
                0x000000000002a5f0      0x1d0 _build/simple_ble.o
 .text.assert_nrf_callback
                0x000000000002a7c0       0x20 _build/simple_ble.o
                0x000000000002a7c0                assert_nrf_callback
 .text.errata_12
                0x000000000002a7e0       0x40 _build/system_nrf52.o
 .text.errata_16
                0x000000000002a820       0x34 _build/system_nrf52.o
 .text.SystemInit
                0x000000000002a854      0x25c _build/system_nrf52.o
                0x000000000002a854                SystemInit
 .text          0x000000000002aab0       0x3c _build/gcc_startup_nrf52.os
                0x000000000002aab0                Reset_Handler
                0x000000000002aad8                NMI_Handler
                0x000000000002aadc                MemoryManagement_Handler
                0x000000000002aade                BusFault_Handler
                0x000000000002aae0                UsageFault_Handler
                0x000000000002aae2                SVC_Handler
                0x000000000002aae4                DebugMon_Handler
                0x000000000002aae6                PendSV_Handler
                0x000000000002aae8                SysTick_Handler
                0x000000000002aaea                RTC0_IRQHandler
                0x000000000002aaea                RADIO_IRQHandler
                0x000000000002aaea                PDM_IRQHandler
                0x000000000002aaea                TEMP_IRQHandler
                0x000000000002aaea                QDEC_IRQHandler
                0x000000000002aaea                TIMER3_IRQHandler
                0x000000000002aaea                FPU_IRQHandler
                0x000000000002aaea                TIMER4_IRQHandler
                0x000000000002aaea                I2S_IRQHandler
                0x000000000002aaea                SWI4_EGU4_IRQHandler
                0x000000000002aaea                ECB_IRQHandler
                0x000000000002aaea                Default_Handler
                0x000000000002aaea                CCM_AAR_IRQHandler
                0x000000000002aaea                WDT_IRQHandler
                0x000000000002aaea                SWI5_EGU5_IRQHandler
                0x000000000002aaea                RNG_IRQHandler
                0x000000000002aaea                RTC2_IRQHandler
                0x000000000002aaea                SWI3_EGU3_IRQHandler
                0x000000000002aaea                SWI1_EGU1_IRQHandler
                0x000000000002aaea                SPIM2_SPIS2_SPI2_IRQHandler
                0x000000000002aaea                NFCT_IRQHandler
                0x000000000002aaea                MWU_IRQHandler
                0x000000000002aaea                COMP_LPCOMP_IRQHandler
 .text.exit     0x000000000002aaec       0x20 /usr/bin/../lib/gcc/arm-none-eabi/7.3.1/../../../../arm-none-eabi/lib/thumb/v7e-m/fpv4-sp/hard/libc.a(lib_a-exit.o)
                0x000000000002aaec                exit
 .text.__libc_init_array
                0x000000000002ab0c       0x48 /usr/bin/../lib/gcc/arm-none-eabi/7.3.1/../../../../arm-none-eabi/lib/thumb/v7e-m/fpv4-sp/hard/libc.a(lib_a-init.o)
                0x000000000002ab0c                __libc_init_array
 .text.__locale_mb_cur_max
                0x000000000002ab54       0x1c /usr/bin/../lib/gcc/arm-none-eabi/7.3.1/../../../../arm-none-eabi/lib/thumb/v7e-m/fpv4-sp/hard/libc.a(lib_a-locale.o)
                0x000000000002ab54                __locale_mb_cur_max
 .text.__locale_ctype_ptr
                0x000000000002ab70       0x1c /usr/bin/../lib/gcc/arm-none-eabi/7.3.1/../../../../arm-none-eabi/lib/thumb/v7e-m/fpv4-sp/hard/libc.a(lib_a-locale.o)
                0x000000000002ab70                __locale_ctype_ptr
 .text.__ascii_mbtowc
                0x000000000002ab8c       0x2c /usr/bin/../lib/gcc/arm-none-eabi/7.3.1/../../../../arm-none-eabi/lib/thumb/v7e-m/fpv4-sp/hard/libc.a(lib_a-mbtowc_r.o)
                0x000000000002ab8c                __ascii_mbtowc
 .text          0x000000000002abb8      0x134 /usr/bin/../lib/gcc/arm-none-eabi/7.3.1/../../../../arm-none-eabi/lib/thumb/v7e-m/fpv4-sp/hard/libc.a(lib_a-memcpy.o)
                0x000000000002abb8                memcpy
 .text.memset   0x000000000002acec       0x94 /usr/bin/../lib/gcc/arm-none-eabi/7.3.1/../../../../arm-none-eabi/lib/thumb/v7e-m/fpv4-sp/hard/libc.a(lib_a-memset.o)
                0x000000000002acec                memset
 .text.printf   0x000000000002ad80       0x28 /usr/bin/../lib/gcc/arm-none-eabi/7.3.1/../../../../arm-none-eabi/lib/thumb/v7e-m/fpv4-sp/hard/libc.a(lib_a-printf.o)
                0x000000000002ad80                printf
 .text.setbuf   0x000000000002ada8       0x10 /usr/bin/../lib/gcc/arm-none-eabi/7.3.1/../../../../arm-none-eabi/lib/thumb/v7e-m/fpv4-sp/hard/libc.a(lib_a-setbuf.o)
                0x000000000002ada8                setbuf
 .text.setvbuf  0x000000000002adb8      0x180 /usr/bin/../lib/gcc/arm-none-eabi/7.3.1/../../../../arm-none-eabi/lib/thumb/v7e-m/fpv4-sp/hard/libc.a(lib_a-setvbuf.o)
                0x000000000002adb8                setvbuf
 .text.strcpy   0x000000000002af38       0xbc /usr/bin/../lib/gcc/arm-none-eabi/7.3.1/../../../../arm-none-eabi/lib/thumb/v7e-m/fpv4-sp/hard/libc.a(lib_a-strcpy.o)
                0x000000000002af38                strcpy
 *fill*         0x000000000002aff4        0xc 
 .text          0x000000000002b000       0xdc /usr/bin/../lib/gcc/arm-none-eabi/7.3.1/../../../../arm-none-eabi/lib/thumb/v7e-m/fpv4-sp/hard/libc.a(lib_a-strlen.o)
                0x000000000002b000                strlen
 *fill*         0x000000000002b0dc        0x4 
 .text._vfprintf_r
                0x000000000002b0e0     0x1a7c /usr/bin/../lib/gcc/arm-none-eabi/7.3.1/../../../../arm-none-eabi/lib/thumb/v7e-m/fpv4-sp/hard/libc.a(lib_a-vfprintf.o)
                0x000000000002b0e0                _vfprintf_r
 .text.__sbprintf
                0x000000000002cb5c       0x84 /usr/bin/../lib/gcc/arm-none-eabi/7.3.1/../../../../arm-none-eabi/lib/thumb/v7e-m/fpv4-sp/hard/libc.a(lib_a-vfprintf.o)
 .text.__ascii_wctomb
                0x000000000002cbe0       0x1c /usr/bin/../lib/gcc/arm-none-eabi/7.3.1/../../../../arm-none-eabi/lib/thumb/v7e-m/fpv4-sp/hard/libc.a(lib_a-wctomb_r.o)
                0x000000000002cbe0                __ascii_wctomb
 .text.__swsetup_r
                0x000000000002cbfc       0xcc /usr/bin/../lib/gcc/arm-none-eabi/7.3.1/../../../../arm-none-eabi/lib/thumb/v7e-m/fpv4-sp/hard/libc.a(lib_a-wsetup.o)
                0x000000000002cbfc                __swsetup_r
 .text.startup.register_fini
                0x000000000002ccc8       0x14 /usr/bin/../lib/gcc/arm-none-eabi/7.3.1/../../../../arm-none-eabi/lib/thumb/v7e-m/fpv4-sp/hard/libc.a(lib_a-__call_atexit.o)
 .text.__call_exitprocs
                0x000000000002ccdc       0xe8 /usr/bin/../lib/gcc/arm-none-eabi/7.3.1/../../../../arm-none-eabi/lib/thumb/v7e-m/fpv4-sp/hard/libc.a(lib_a-__call_atexit.o)
                0x000000000002ccdc                __call_exitprocs
 .text.atexit   0x000000000002cdc4        0xc /usr/bin/../lib/gcc/arm-none-eabi/7.3.1/../../../../arm-none-eabi/lib/thumb/v7e-m/fpv4-sp/hard/libc.a(lib_a-atexit.o)
                0x000000000002cdc4                atexit
 .text.quorem   0x000000000002cdd0      0x124 /usr/bin/../lib/gcc/arm-none-eabi/7.3.1/../../../../arm-none-eabi/lib/thumb/v7e-m/fpv4-sp/hard/libc.a(lib_a-dtoa.o)
 *fill*         0x000000000002cef4        0x4 
 .text._dtoa_r  0x000000000002cef8      0xe20 /usr/bin/../lib/gcc/arm-none-eabi/7.3.1/../../../../arm-none-eabi/lib/thumb/v7e-m/fpv4-sp/hard/libc.a(lib_a-dtoa.o)
                0x000000000002cef8                _dtoa_r
 .text.__sflush_r
                0x000000000002dd18      0x154 /usr/bin/../lib/gcc/arm-none-eabi/7.3.1/../../../../arm-none-eabi/lib/thumb/v7e-m/fpv4-sp/hard/libc.a(lib_a-fflush.o)
                0x000000000002dd18                __sflush_r
 .text._fflush_r
                0x000000000002de6c       0x5c /usr/bin/../lib/gcc/arm-none-eabi/7.3.1/../../../../arm-none-eabi/lib/thumb/v7e-m/fpv4-sp/hard/libc.a(lib_a-fflush.o)
                0x000000000002de6c                _fflush_r
 .text.std      0x000000000002dec8       0x50 /usr/bin/../lib/gcc/arm-none-eabi/7.3.1/../../../../arm-none-eabi/lib/thumb/v7e-m/fpv4-sp/hard/libc.a(lib_a-findfp.o)
 .text._cleanup_r
                0x000000000002df18        0xc /usr/bin/../lib/gcc/arm-none-eabi/7.3.1/../../../../arm-none-eabi/lib/thumb/v7e-m/fpv4-sp/hard/libc.a(lib_a-findfp.o)
                0x000000000002df18                _cleanup_r
 .text.__sinit  0x000000000002df24       0x58 /usr/bin/../lib/gcc/arm-none-eabi/7.3.1/../../../../arm-none-eabi/lib/thumb/v7e-m/fpv4-sp/hard/libc.a(lib_a-findfp.o)
                0x000000000002df24                __sinit
 .text.__sfp_lock_acquire
                0x000000000002df7c        0xc /usr/bin/../lib/gcc/arm-none-eabi/7.3.1/../../../../arm-none-eabi/lib/thumb/v7e-m/fpv4-sp/hard/libc.a(lib_a-findfp.o)
                0x000000000002df7c                __sfp_lock_acquire
 .text.__sfp_lock_release
                0x000000000002df88        0xc /usr/bin/../lib/gcc/arm-none-eabi/7.3.1/../../../../arm-none-eabi/lib/thumb/v7e-m/fpv4-sp/hard/libc.a(lib_a-findfp.o)
                0x000000000002df88                __sfp_lock_release
 .text.__libc_fini_array
                0x000000000002df94       0x34 /usr/bin/../lib/gcc/arm-none-eabi/7.3.1/../../../../arm-none-eabi/lib/thumb/v7e-m/fpv4-sp/hard/libc.a(lib_a-fini.o)
                0x000000000002df94                __libc_fini_array
 .text._malloc_trim_r
                0x000000000002dfc8       0xa0 /usr/bin/../lib/gcc/arm-none-eabi/7.3.1/../../../../arm-none-eabi/lib/thumb/v7e-m/fpv4-sp/hard/libc.a(lib_a-freer.o)
                0x000000000002dfc8                _malloc_trim_r
 .text._free_r  0x000000000002e068      0x1e8 /usr/bin/../lib/gcc/arm-none-eabi/7.3.1/../../../../arm-none-eabi/lib/thumb/v7e-m/fpv4-sp/hard/libc.a(lib_a-freer.o)
                0x000000000002e068                _free_r
 .text._fwalk_reent
                0x000000000002e250       0x54 /usr/bin/../lib/gcc/arm-none-eabi/7.3.1/../../../../arm-none-eabi/lib/thumb/v7e-m/fpv4-sp/hard/libc.a(lib_a-fwalk.o)
                0x000000000002e250                _fwalk_reent
 .text._localeconv_r
                0x000000000002e2a4       0x1c /usr/bin/../lib/gcc/arm-none-eabi/7.3.1/../../../../arm-none-eabi/lib/thumb/v7e-m/fpv4-sp/hard/libc.a(lib_a-localeconv.o)
                0x000000000002e2a4                _localeconv_r
 .text.__retarget_lock_init_recursive
                0x000000000002e2c0        0x4 /usr/bin/../lib/gcc/arm-none-eabi/7.3.1/../../../../arm-none-eabi/lib/thumb/v7e-m/fpv4-sp/hard/libc.a(lib_a-lock.o)
                0x000000000002e2c0                __retarget_lock_init_recursive
 .text.__retarget_lock_close_recursive
                0x000000000002e2c4        0x4 /usr/bin/../lib/gcc/arm-none-eabi/7.3.1/../../../../arm-none-eabi/lib/thumb/v7e-m/fpv4-sp/hard/libc.a(lib_a-lock.o)
                0x000000000002e2c4                __retarget_lock_close_recursive
 .text.__retarget_lock_acquire_recursive
                0x000000000002e2c8        0x4 /usr/bin/../lib/gcc/arm-none-eabi/7.3.1/../../../../arm-none-eabi/lib/thumb/v7e-m/fpv4-sp/hard/libc.a(lib_a-lock.o)
                0x000000000002e2c8                __retarget_lock_acquire_recursive
 .text.__retarget_lock_release_recursive
                0x000000000002e2cc        0x4 /usr/bin/../lib/gcc/arm-none-eabi/7.3.1/../../../../arm-none-eabi/lib/thumb/v7e-m/fpv4-sp/hard/libc.a(lib_a-lock.o)
                0x000000000002e2cc                __retarget_lock_release_recursive
 .text.__swhatbuf_r
                0x000000000002e2d0       0x5c /usr/bin/../lib/gcc/arm-none-eabi/7.3.1/../../../../arm-none-eabi/lib/thumb/v7e-m/fpv4-sp/hard/libc.a(lib_a-makebuf.o)
                0x000000000002e2d0                __swhatbuf_r
 .text.__smakebuf_r
                0x000000000002e32c       0x94 /usr/bin/../lib/gcc/arm-none-eabi/7.3.1/../../../../arm-none-eabi/lib/thumb/v7e-m/fpv4-sp/hard/libc.a(lib_a-makebuf.o)
                0x000000000002e32c                __smakebuf_r
 .text.malloc   0x000000000002e3c0       0x10 /usr/bin/../lib/gcc/arm-none-eabi/7.3.1/../../../../arm-none-eabi/lib/thumb/v7e-m/fpv4-sp/hard/libc.a(lib_a-malloc.o)
                0x000000000002e3c0                malloc
 .text.free     0x000000000002e3d0       0x10 /usr/bin/../lib/gcc/arm-none-eabi/7.3.1/../../../../arm-none-eabi/lib/thumb/v7e-m/fpv4-sp/hard/libc.a(lib_a-malloc.o)
                0x000000000002e3d0                free
 .text._malloc_r
                0x000000000002e3e0      0x548 /usr/bin/../lib/gcc/arm-none-eabi/7.3.1/../../../../arm-none-eabi/lib/thumb/v7e-m/fpv4-sp/hard/libc.a(lib_a-mallocr.o)
                0x000000000002e3e0                _malloc_r
 *fill*         0x000000000002e928        0x8 
 .text          0x000000000002e930       0xa0 /usr/bin/../lib/gcc/arm-none-eabi/7.3.1/../../../../arm-none-eabi/lib/thumb/v7e-m/fpv4-sp/hard/libc.a(lib_a-memchr.o)
                0x000000000002e930                memchr
 .text.__malloc_lock
                0x000000000002e9d0        0xc /usr/bin/../lib/gcc/arm-none-eabi/7.3.1/../../../../arm-none-eabi/lib/thumb/v7e-m/fpv4-sp/hard/libc.a(lib_a-mlock.o)
                0x000000000002e9d0                __malloc_lock
 .text.__malloc_unlock
                0x000000000002e9dc        0xc /usr/bin/../lib/gcc/arm-none-eabi/7.3.1/../../../../arm-none-eabi/lib/thumb/v7e-m/fpv4-sp/hard/libc.a(lib_a-mlock.o)
                0x000000000002e9dc                __malloc_unlock
 .text._Balloc  0x000000000002e9e8       0x4c /usr/bin/../lib/gcc/arm-none-eabi/7.3.1/../../../../arm-none-eabi/lib/thumb/v7e-m/fpv4-sp/hard/libc.a(lib_a-mprec.o)
                0x000000000002e9e8                _Balloc
 .text._Bfree   0x000000000002ea34       0x14 /usr/bin/../lib/gcc/arm-none-eabi/7.3.1/../../../../arm-none-eabi/lib/thumb/v7e-m/fpv4-sp/hard/libc.a(lib_a-mprec.o)
                0x000000000002ea34                _Bfree
 .text.__multadd
                0x000000000002ea48       0x80 /usr/bin/../lib/gcc/arm-none-eabi/7.3.1/../../../../arm-none-eabi/lib/thumb/v7e-m/fpv4-sp/hard/libc.a(lib_a-mprec.o)
                0x000000000002ea48                __multadd
 .text.__hi0bits
                0x000000000002eac8       0x40 /usr/bin/../lib/gcc/arm-none-eabi/7.3.1/../../../../arm-none-eabi/lib/thumb/v7e-m/fpv4-sp/hard/libc.a(lib_a-mprec.o)
                0x000000000002eac8                __hi0bits
 .text.__lo0bits
                0x000000000002eb08       0x60 /usr/bin/../lib/gcc/arm-none-eabi/7.3.1/../../../../arm-none-eabi/lib/thumb/v7e-m/fpv4-sp/hard/libc.a(lib_a-mprec.o)
                0x000000000002eb08                __lo0bits
 .text.__i2b    0x000000000002eb68       0x14 /usr/bin/../lib/gcc/arm-none-eabi/7.3.1/../../../../arm-none-eabi/lib/thumb/v7e-m/fpv4-sp/hard/libc.a(lib_a-mprec.o)
                0x000000000002eb68                __i2b
 .text.__multiply
                0x000000000002eb7c      0x14c /usr/bin/../lib/gcc/arm-none-eabi/7.3.1/../../../../arm-none-eabi/lib/thumb/v7e-m/fpv4-sp/hard/libc.a(lib_a-mprec.o)
                0x000000000002eb7c                __multiply
 .text.__pow5mult
                0x000000000002ecc8       0xa0 /usr/bin/../lib/gcc/arm-none-eabi/7.3.1/../../../../arm-none-eabi/lib/thumb/v7e-m/fpv4-sp/hard/libc.a(lib_a-mprec.o)
                0x000000000002ecc8                __pow5mult
 .text.__lshift
                0x000000000002ed68       0xac /usr/bin/../lib/gcc/arm-none-eabi/7.3.1/../../../../arm-none-eabi/lib/thumb/v7e-m/fpv4-sp/hard/libc.a(lib_a-mprec.o)
                0x000000000002ed68                __lshift
 .text.__mcmp   0x000000000002ee14       0x38 /usr/bin/../lib/gcc/arm-none-eabi/7.3.1/../../../../arm-none-eabi/lib/thumb/v7e-m/fpv4-sp/hard/libc.a(lib_a-mprec.o)
                0x000000000002ee14                __mcmp
 .text.__mdiff  0x000000000002ee4c       0xec /usr/bin/../lib/gcc/arm-none-eabi/7.3.1/../../../../arm-none-eabi/lib/thumb/v7e-m/fpv4-sp/hard/libc.a(lib_a-mprec.o)
                0x000000000002ee4c                __mdiff
 .text.__d2b    0x000000000002ef38       0xc4 /usr/bin/../lib/gcc/arm-none-eabi/7.3.1/../../../../arm-none-eabi/lib/thumb/v7e-m/fpv4-sp/hard/libc.a(lib_a-mprec.o)
                0x000000000002ef38                __d2b
 .text.frexp    0x000000000002effc       0x68 /usr/bin/../lib/gcc/arm-none-eabi/7.3.1/../../../../arm-none-eabi/lib/thumb/v7e-m/fpv4-sp/hard/libc.a(lib_a-s_frexp.o)
                0x000000000002effc                frexp
 .text._sbrk_r  0x000000000002f064       0x24 /usr/bin/../lib/gcc/arm-none-eabi/7.3.1/../../../../arm-none-eabi/lib/thumb/v7e-m/fpv4-sp/hard/libc.a(lib_a-sbrkr.o)
                0x000000000002f064                _sbrk_r
 .text.__sread  0x000000000002f088       0x24 /usr/bin/../lib/gcc/arm-none-eabi/7.3.1/../../../../arm-none-eabi/lib/thumb/v7e-m/fpv4-sp/hard/libc.a(lib_a-stdio.o)
                0x000000000002f088                __sread
 .text.__swrite
                0x000000000002f0ac       0x3c /usr/bin/../lib/gcc/arm-none-eabi/7.3.1/../../../../arm-none-eabi/lib/thumb/v7e-m/fpv4-sp/hard/libc.a(lib_a-stdio.o)
                0x000000000002f0ac                __swrite
 .text.__sseek  0x000000000002f0e8       0x20 /usr/bin/../lib/gcc/arm-none-eabi/7.3.1/../../../../arm-none-eabi/lib/thumb/v7e-m/fpv4-sp/hard/libc.a(lib_a-stdio.o)
                0x000000000002f0e8                __sseek
 .text.__sclose
                0x000000000002f108        0x8 /usr/bin/../lib/gcc/arm-none-eabi/7.3.1/../../../../arm-none-eabi/lib/thumb/v7e-m/fpv4-sp/hard/libc.a(lib_a-stdio.o)
                0x000000000002f108                __sclose
 .text.strncpy  0x000000000002f110       0x64 /usr/bin/../lib/gcc/arm-none-eabi/7.3.1/../../../../arm-none-eabi/lib/thumb/v7e-m/fpv4-sp/hard/libc.a(lib_a-strncpy.o)
                0x000000000002f110                strncpy
 .text.__sprint_r.part.0
                0x000000000002f174       0x78 /usr/bin/../lib/gcc/arm-none-eabi/7.3.1/../../../../arm-none-eabi/lib/thumb/v7e-m/fpv4-sp/hard/libc.a(lib_a-vfiprintf.o)
 .text.__sprint_r
                0x000000000002f1ec       0x14 /usr/bin/../lib/gcc/arm-none-eabi/7.3.1/../../../../arm-none-eabi/lib/thumb/v7e-m/fpv4-sp/hard/libc.a(lib_a-vfiprintf.o)
                0x000000000002f1ec                __sprint_r
 .text.__register_exitproc
                0x000000000002f200       0xc0 /usr/bin/../lib/gcc/arm-none-eabi/7.3.1/../../../../arm-none-eabi/lib/thumb/v7e-m/fpv4-sp/hard/libc.a(lib_a-__atexit.o)
                0x000000000002f200                __register_exitproc
 .text._calloc_r
                0x000000000002f2c0       0x68 /usr/bin/../lib/gcc/arm-none-eabi/7.3.1/../../../../arm-none-eabi/lib/thumb/v7e-m/fpv4-sp/hard/libc.a(lib_a-callocr.o)
                0x000000000002f2c0                _calloc_r
 .text._close_r
                0x000000000002f328       0x24 /usr/bin/../lib/gcc/arm-none-eabi/7.3.1/../../../../arm-none-eabi/lib/thumb/v7e-m/fpv4-sp/hard/libc.a(lib_a-closer.o)
                0x000000000002f328                _close_r
 .text._fclose_r
                0x000000000002f34c       0xd0 /usr/bin/../lib/gcc/arm-none-eabi/7.3.1/../../../../arm-none-eabi/lib/thumb/v7e-m/fpv4-sp/hard/libc.a(lib_a-fclose.o)
                0x000000000002f34c                _fclose_r
 .text.__fputwc
                0x000000000002f41c       0xa0 /usr/bin/../lib/gcc/arm-none-eabi/7.3.1/../../../../arm-none-eabi/lib/thumb/v7e-m/fpv4-sp/hard/libc.a(lib_a-fputwc.o)
                0x000000000002f41c                __fputwc
 .text._fputwc_r
                0x000000000002f4bc       0x64 /usr/bin/../lib/gcc/arm-none-eabi/7.3.1/../../../../arm-none-eabi/lib/thumb/v7e-m/fpv4-sp/hard/libc.a(lib_a-fputwc.o)
                0x000000000002f4bc                _fputwc_r
 .text._fstat_r
                0x000000000002f520       0x28 /usr/bin/../lib/gcc/arm-none-eabi/7.3.1/../../../../arm-none-eabi/lib/thumb/v7e-m/fpv4-sp/hard/libc.a(lib_a-fstatr.o)
                0x000000000002f520                _fstat_r
 .text.__sfvwrite_r
                0x000000000002f548      0x2fc /usr/bin/../lib/gcc/arm-none-eabi/7.3.1/../../../../arm-none-eabi/lib/thumb/v7e-m/fpv4-sp/hard/libc.a(lib_a-fvwrite.o)
                0x000000000002f548                __sfvwrite_r
 .text._isatty_r
                0x000000000002f844       0x24 /usr/bin/../lib/gcc/arm-none-eabi/7.3.1/../../../../arm-none-eabi/lib/thumb/v7e-m/fpv4-sp/hard/libc.a(lib_a-isattyr.o)
                0x000000000002f844                _isatty_r
 .text._lseek_r
                0x000000000002f868       0x2c /usr/bin/../lib/gcc/arm-none-eabi/7.3.1/../../../../arm-none-eabi/lib/thumb/v7e-m/fpv4-sp/hard/libc.a(lib_a-lseekr.o)
                0x000000000002f868                _lseek_r
 .text.memmove  0x000000000002f894       0xc8 /usr/bin/../lib/gcc/arm-none-eabi/7.3.1/../../../../arm-none-eabi/lib/thumb/v7e-m/fpv4-sp/hard/libc.a(lib_a-memmove.o)
                0x000000000002f894                memmove
 .text._read_r  0x000000000002f95c       0x2c /usr/bin/../lib/gcc/arm-none-eabi/7.3.1/../../../../arm-none-eabi/lib/thumb/v7e-m/fpv4-sp/hard/libc.a(lib_a-readr.o)
                0x000000000002f95c                _read_r
 .text._realloc_r
                0x000000000002f988      0x35c /usr/bin/../lib/gcc/arm-none-eabi/7.3.1/../../../../arm-none-eabi/lib/thumb/v7e-m/fpv4-sp/hard/libc.a(lib_a-reallocr.o)
                0x000000000002f988                _realloc_r
 .text.__swbuf_r
                0x000000000002fce4       0xb0 /usr/bin/../lib/gcc/arm-none-eabi/7.3.1/../../../../arm-none-eabi/lib/thumb/v7e-m/fpv4-sp/hard/libc.a(lib_a-wbuf.o)
                0x000000000002fce4                __swbuf_r
 .text._wcrtomb_r
                0x000000000002fd94       0x50 /usr/bin/../lib/gcc/arm-none-eabi/7.3.1/../../../../arm-none-eabi/lib/thumb/v7e-m/fpv4-sp/hard/libc.a(lib_a-wcrtomb.o)
                0x000000000002fd94                _wcrtomb_r
 .text._close   0x000000000002fde4       0x10 /usr/bin/../lib/gcc/arm-none-eabi/7.3.1/../../../../arm-none-eabi/lib/thumb/v7e-m/fpv4-sp/hard/libnosys.a(close.o)
                0x000000000002fde4                _close
 .text._fstat   0x000000000002fdf4       0x10 /usr/bin/../lib/gcc/arm-none-eabi/7.3.1/../../../../arm-none-eabi/lib/thumb/v7e-m/fpv4-sp/hard/libnosys.a(fstat.o)
                0x000000000002fdf4                _fstat
 .text._isatty  0x000000000002fe04       0x10 /usr/bin/../lib/gcc/arm-none-eabi/7.3.1/../../../../arm-none-eabi/lib/thumb/v7e-m/fpv4-sp/hard/libnosys.a(isatty.o)
                0x000000000002fe04                _isatty
 .text._lseek   0x000000000002fe14       0x10 /usr/bin/../lib/gcc/arm-none-eabi/7.3.1/../../../../arm-none-eabi/lib/thumb/v7e-m/fpv4-sp/hard/libnosys.a(lseek.o)
                0x000000000002fe14                _lseek
 .text._read    0x000000000002fe24       0x10 /usr/bin/../lib/gcc/arm-none-eabi/7.3.1/../../../../arm-none-eabi/lib/thumb/v7e-m/fpv4-sp/hard/libnosys.a(read.o)
                0x000000000002fe24                _read
 .text._sbrk    0x000000000002fe34       0x1c /usr/bin/../lib/gcc/arm-none-eabi/7.3.1/../../../../arm-none-eabi/lib/thumb/v7e-m/fpv4-sp/hard/libnosys.a(sbrk.o)
                0x000000000002fe34                _sbrk
 .text._exit    0x000000000002fe50        0x4 /usr/bin/../lib/gcc/arm-none-eabi/7.3.1/../../../../arm-none-eabi/lib/thumb/v7e-m/fpv4-sp/hard/libnosys.a(_exit.o)
                0x000000000002fe50                _exit
 .text.atan2    0x000000000002fe54        0x4 /usr/bin/../lib/gcc/arm-none-eabi/7.3.1/../../../../arm-none-eabi/lib/thumb/v7e-m/fpv4-sp/hard/libm.a(lib_a-w_atan2.o)
                0x000000000002fe54                atan2
 .text.sqrt     0x000000000002fe58       0xb8 /usr/bin/../lib/gcc/arm-none-eabi/7.3.1/../../../../arm-none-eabi/lib/thumb/v7e-m/fpv4-sp/hard/libm.a(lib_a-w_sqrt.o)
                0x000000000002fe58                sqrt
 .text.__ieee754_atan2
                0x000000000002ff10      0x1c4 /usr/bin/../lib/gcc/arm-none-eabi/7.3.1/../../../../arm-none-eabi/lib/thumb/v7e-m/fpv4-sp/hard/libm.a(lib_a-e_atan2.o)
                0x000000000002ff10                __ieee754_atan2
 .text.__ieee754_sqrt
                0x00000000000300d4      0x194 /usr/bin/../lib/gcc/arm-none-eabi/7.3.1/../../../../arm-none-eabi/lib/thumb/v7e-m/fpv4-sp/hard/libm.a(lib_a-e_sqrt.o)
                0x00000000000300d4                __ieee754_sqrt
 .text.atan     0x0000000000030268      0x358 /usr/bin/../lib/gcc/arm-none-eabi/7.3.1/../../../../arm-none-eabi/lib/thumb/v7e-m/fpv4-sp/hard/libm.a(lib_a-s_atan.o)
                0x0000000000030268                atan
 .text.fabs     0x00000000000305c0       0x14 /usr/bin/../lib/gcc/arm-none-eabi/7.3.1/../../../../arm-none-eabi/lib/thumb/v7e-m/fpv4-sp/hard/libm.a(lib_a-s_fabs.o)
                0x00000000000305c0                fabs
 .text.matherr  0x00000000000305d4        0x4 /usr/bin/../lib/gcc/arm-none-eabi/7.3.1/../../../../arm-none-eabi/lib/thumb/v7e-m/fpv4-sp/hard/libm.a(lib_a-s_matherr.o)
                0x00000000000305d4                matherr
 .text.__errno  0x00000000000305d8        0xc /usr/bin/../lib/gcc/arm-none-eabi/7.3.1/../../../../arm-none-eabi/lib/thumb/v7e-m/fpv4-sp/hard/libc.a(lib_a-errno.o)
                0x00000000000305d8                __errno
 .text          0x00000000000305e4      0x378 /usr/bin/../lib/gcc/arm-none-eabi/7.3.1/thumb/v7e-m/fpv4-sp/hard/libgcc.a(_arm_addsubdf3.o)
                0x00000000000305e4                __aeabi_drsub
                0x00000000000305ec                __aeabi_dsub
                0x00000000000305ec                __subdf3
                0x00000000000305f0                __adddf3
                0x00000000000305f0                __aeabi_dadd
                0x0000000000030868                __aeabi_ui2d
                0x0000000000030868                __floatunsidf
                0x0000000000030888                __floatsidf
                0x0000000000030888                __aeabi_i2d
                0x00000000000308ac                __extendsfdf2
                0x00000000000308ac                __aeabi_f2d
                0x00000000000308f0                __aeabi_ul2d
                0x00000000000308f0                __floatundidf
                0x0000000000030900                __floatdidf
                0x0000000000030900                __aeabi_l2d
 .text          0x000000000003095c      0x424 /usr/bin/../lib/gcc/arm-none-eabi/7.3.1/thumb/v7e-m/fpv4-sp/hard/libgcc.a(_arm_muldivdf3.o)
                0x000000000003095c                __aeabi_dmul
                0x000000000003095c                __muldf3
                0x0000000000030bb0                __aeabi_ddiv
                0x0000000000030bb0                __divdf3
 .text          0x0000000000030d80      0x110 /usr/bin/../lib/gcc/arm-none-eabi/7.3.1/thumb/v7e-m/fpv4-sp/hard/libgcc.a(_arm_cmpdf2.o)
                0x0000000000030d80                __gtdf2
                0x0000000000030d80                __gedf2
                0x0000000000030d88                __ltdf2
                0x0000000000030d88                __ledf2
                0x0000000000030d90                __cmpdf2
                0x0000000000030d90                __eqdf2
                0x0000000000030d90                __nedf2
                0x0000000000030e0c                __aeabi_cdrcmple
                0x0000000000030e1c                __aeabi_cdcmple
                0x0000000000030e1c                __aeabi_cdcmpeq
                0x0000000000030e2c                __aeabi_dcmpeq
                0x0000000000030e40                __aeabi_dcmplt
                0x0000000000030e54                __aeabi_dcmple
                0x0000000000030e68                __aeabi_dcmpge
                0x0000000000030e7c                __aeabi_dcmpgt
 .text          0x0000000000030e90       0x2c /usr/bin/../lib/gcc/arm-none-eabi/7.3.1/thumb/v7e-m/fpv4-sp/hard/libgcc.a(_arm_unorddf2.o)
                0x0000000000030e90                __aeabi_dcmpun
                0x0000000000030e90                __unorddf2
 .text          0x0000000000030ebc       0x50 /usr/bin/../lib/gcc/arm-none-eabi/7.3.1/thumb/v7e-m/fpv4-sp/hard/libgcc.a(_arm_fixdfsi.o)
                0x0000000000030ebc                __fixdfsi
                0x0000000000030ebc                __aeabi_d2iz
 .text          0x0000000000030f0c       0xa0 /usr/bin/../lib/gcc/arm-none-eabi/7.3.1/thumb/v7e-m/fpv4-sp/hard/libgcc.a(_arm_truncdfsf2.o)
                0x0000000000030f0c                __aeabi_d2f
                0x0000000000030f0c                __truncdfsf2
 .text          0x0000000000030fac       0x30 /usr/bin/../lib/gcc/arm-none-eabi/7.3.1/thumb/v7e-m/fpv4-sp/hard/libgcc.a(_aeabi_uldivmod.o)
                0x0000000000030fac                __aeabi_uldivmod
 .text          0x0000000000030fdc      0x2cc /usr/bin/../lib/gcc/arm-none-eabi/7.3.1/thumb/v7e-m/fpv4-sp/hard/libgcc.a(_udivmoddi4.o)
                0x0000000000030fdc                __udivmoddi4
 .text          0x00000000000312a8        0x4 /usr/bin/../lib/gcc/arm-none-eabi/7.3.1/thumb/v7e-m/fpv4-sp/hard/libgcc.a(_dvmd_tls.o)
                0x00000000000312a8                __aeabi_ldiv0
                0x00000000000312a8                __aeabi_idiv0
 *(.init)
 .init          0x00000000000312ac        0x4 /usr/bin/../lib/gcc/arm-none-eabi/7.3.1/thumb/v7e-m/fpv4-sp/hard/crti.o
                0x00000000000312ac                _init
 .init          0x00000000000312b0        0x8 /usr/bin/../lib/gcc/arm-none-eabi/7.3.1/thumb/v7e-m/fpv4-sp/hard/crtn.o
 *(.fini)
 .fini          0x00000000000312b8        0x4 /usr/bin/../lib/gcc/arm-none-eabi/7.3.1/thumb/v7e-m/fpv4-sp/hard/crti.o
                0x00000000000312b8                _fini
 .fini          0x00000000000312bc        0x8 /usr/bin/../lib/gcc/arm-none-eabi/7.3.1/thumb/v7e-m/fpv4-sp/hard/crtn.o
 *crtbegin.o(.ctors)
 *crtbegin?.o(.ctors)
 *(EXCLUDE_FILE(*crtend.o *crtend?.o) .ctors)
 *(SORT_BY_NAME(.ctors.*))
 *(.ctors)
 *crtbegin.o(.dtors)
 *crtbegin?.o(.dtors)
 *(EXCLUDE_FILE(*crtend.o *crtend?.o) .dtors)
 *(SORT_BY_NAME(.dtors.*))
 *(.dtors)
 *(.rodata*)
 .rodata        0x00000000000312c4        0x4 _build/main.o
 .rodata.PWM1   0x00000000000312c8        0x8 _build/main.o
                0x00000000000312c8                PWM1
 .rodata.delay_machine_code.9122
                0x00000000000312d0        0x6 _build/main.o
 *fill*         0x00000000000312d6        0x2 
 .rodata.m_pwm_PWM1_timer
                0x00000000000312d8        0x8 _build/main.o
                0x00000000000312d8                m_pwm_PWM1_timer
 .rodata.main.str1.1
                0x00000000000312e0       0x3f _build/main.o
 .rodata.sample_value.str1.1
                0x000000000003131f        0x7 _build/main.o
 .rodata.app_error_fault_handler.str1.1
                0x0000000000031326       0xb7 _build/better_error_handling.o
 *fill*         0x00000000000313dd        0x3 
 .rodata.delay_machine_code.8629
                0x00000000000313e0        0x6 _build/better_error_handling.o
 .rodata._DoInit.str1.1
                0x00000000000313e6       0x14 _build/SEGGER_RTT.o
 .rodata.app_pwm_channel_duty_ticks_set.str1.1
                0x00000000000313fa       0x9b _build/app_pwm.o
 .rodata.app_pwm_init.str1.1
                0x0000000000031495       0x87 _build/app_pwm.o
 *fill*         0x000000000003151c        0x4 
 .rodata.delay_machine_code.9273
                0x0000000000031520        0x6 _build/app_timer.o
 .rodata.app_util_critical_region_enter.str1.1
                0x0000000000031526       0x55 _build/app_util_platform.o
 .rodata.HardFault_c_handler.str1.1
                0x000000000003157b      0x12e _build/hardfault_implementation.o
 *fill*         0x00000000000316a9        0x3 
 .rodata.cfsr_msgs.9468
                0x00000000000316ac       0x68 _build/hardfault_implementation.o
 .rodata.str1.1
                0x0000000000031714      0x4c0 _build/hardfault_implementation.o
 .rodata.nrf_balloc_init.str1.1
                0x0000000000031bd4       0x50 _build/nrf_balloc.o
 .rodata.nrf_drv_clock_uninit.str1.1
                0x0000000000031c24       0x4f _build/nrf_drv_clock.o
 .rodata.str1.1
                0x0000000000031c73        0x6 _build/nrf_drv_clock.o
 .rodata.nrf_fprintf_buffer_flush.str1.1
                0x0000000000031c79       0x46 _build/nrf_fprintf.o
 .rodata._aV2C.7562
                0x0000000000031cbf       0x10 _build/nrf_fprintf_format.o
 .rodata.nrf_fprintf_fmt.str1.1
                0x0000000000031ccf       0x4d _build/nrf_fprintf_format.o
 .rodata.str1.1
                0x0000000000031d1c        0xd _build/nrf_fstorage.o
 *fill*         0x0000000000031d29        0x7 
 .rodata.delay_machine_code.9549
                0x0000000000031d30        0x6 _build/nrf_log_backend_rtt.o
 *fill*         0x0000000000031d36        0x2 
 .rodata.nrf_log_backend_rtt_api
                0x0000000000031d38        0xc _build/nrf_log_backend_rtt.o
                0x0000000000031d38                nrf_log_backend_rtt_api
 .rodata.nrf_log_default_backends_init.str1.1
                0x0000000000031d44       0x5f _build/nrf_log_default_backends.o
 .rodata.str1.1
                0x0000000000031da3       0x10 _build/nrf_log_default_backends.o
 .rodata.buf_prealloc.str1.1
                0x0000000000031db3       0x57 _build/nrf_log_frontend.o
 *fill*         0x0000000000031e0a        0x2 
 .rodata.m_log_push_ringbuf
                0x0000000000031e0c        0xc _build/nrf_log_frontend.o
 .rodata.nrf_log_frontend_dequeue.str1.1
                0x0000000000031e18       0x11 _build/nrf_log_frontend.o
 .rodata.str1.1
                0x0000000000031e29        0x4 _build/nrf_log_frontend.o
 *fill*         0x0000000000031e2d        0x3 
 .rodata.m_colors
                0x0000000000031e30       0x24 _build/nrf_log_str_formatter.o
 .rodata.nrf_log_hexdump_entry_process.str1.1
                0x0000000000031e54        0xf _build/nrf_log_str_formatter.o
                                         0x11 (size before relaxing)
 .rodata.postfix_process.str1.1
                0x0000000000031e63        0x8 _build/nrf_log_str_formatter.o
                                          0xb (size before relaxing)
 .rodata.prefix_process.str1.1
                0x0000000000031e6b       0x2a _build/nrf_log_str_formatter.o
 *fill*         0x0000000000031e95        0x3 
 .rodata.severity_names
                0x0000000000031e98       0x14 _build/nrf_log_str_formatter.o
 .rodata.str1.1
                0x0000000000031eac       0x4b _build/nrf_log_str_formatter.o
                                         0x51 (size before relaxing)
 .rodata.memobj_op.str1.1
                0x0000000000031ef7       0x50 _build/nrf_memobj.o
 .rodata.str1.1
                0x0000000000031f47        0x9 _build/nrf_pwr_mgmt.o
 .rodata.nrf_section_iter_init.str1.1
                0x0000000000031f50       0x69 _build/nrf_section_iter.o
 .rodata.m_unknown_str
                0x0000000000031fb9       0x13 _build/nrf_strerror.o
 .rodata.nrf_strerror_array
                0x0000000000031fcc      0x128 _build/nrf_strerror.o
 .rodata.str1.1
                0x00000000000320f4      0x3ba _build/nrf_strerror.o
 .rodata.nrfx_clock_init.str1.1
                0x00000000000324ae       0x4d _build/nrfx_clock.o
 .rodata.str1.1
                0x00000000000324fb        0x6 _build/nrfx_clock.o
 .rodata.nrf_gpio_pin_port_decode.isra.0.part.1.str1.1
                0x0000000000032501       0x43 _build/nrfx_gpiote.o
 .rodata.nrfx_gpiote_out_init.str1.1
                0x0000000000032501       0x4e _build/nrfx_gpiote.o
 .rodata.str1.1
                0x000000000003254f        0x7 _build/nrfx_gpiote.o
 .rodata.str1.1
                0x0000000000032556        0x4 _build/nrfx_ppi.o
 .rodata.UARTE0_UART0_IRQHandler.str1.1
                0x000000000003255a       0x4f _build/nrfx_prs.o
 .rodata.str1.1
                0x00000000000325a9        0x4 _build/nrfx_prs.o
 .rodata.str1.1
                0x00000000000325ad        0x4 _build/nrfx_pwm.o
 .rodata.nrfx_saadc_init.str1.1
                0x00000000000325b1       0x91 _build/nrfx_saadc.o
 .rodata.str1.1
                0x0000000000032642        0x6 _build/nrfx_saadc.o
 .rodata.SPIM1_SPIS1_TWIM1_TWIS1_SPI1_TWI1_IRQHandler.str1.1
                0x0000000000032648       0x4c _build/nrfx_spim.o
 .rodata.nrf_gpio_pin_port_decode.isra.0.part.1.str1.1
                0x0000000000032694       0x43 _build/nrfx_spim.o
 .rodata.str1.1
                0x0000000000032694        0x5 _build/nrfx_spim.o
 .rodata.nrfx_timer_init.str1.1
                0x0000000000032699       0x4d _build/nrfx_timer.o
                                         0x91 (size before relaxing)
 .rodata.str1.1
                0x00000000000326e6        0x6 _build/nrfx_timer.o
 .rodata.SPIM0_SPIS0_TWIM0_TWIS0_SPI0_TWI0_IRQHandler.str1.1
                0x00000000000326ec       0x4c _build/nrfx_twim.o
 .rodata.str1.1
                0x0000000000032738        0x5 _build/nrfx_twim.o
 .rodata.str1.1
                0x000000000003273d        0x5 _build/nrfx_uart.o
 .rodata.str1.1
                0x0000000000032742        0x6 _build/nrfx_uarte.o
 .rodata.data_length_update.str1.1
                0x0000000000032748       0xdf _build/nrf_ble_gatt.o
 .rodata.nrf_ble_gatt_on_ble_evt.str1.1
                0x0000000000032827       0x60 _build/nrf_ble_gatt.o
 .rodata.str1.1
                0x0000000000032887        0xd _build/nrf_ble_gatt.o
 .rodata.sdh_stack_observers
                0x0000000000032894        0xc _build/nrf_sdh.o
 .rodata.str1.1
                0x00000000000328a0        0x8 _build/nrf_sdh.o
 .rodata.nrf_sdh_ble_evts_poll.part.0.str1.1
                0x00000000000328a8       0x52 _build/nrf_sdh_ble.o
 *fill*         0x00000000000328fa        0x2 
 .rodata.sdh_ble_observers
                0x00000000000328fc        0xc _build/nrf_sdh_ble.o
 .rodata.str1.1
                0x0000000000032908        0xc _build/nrf_sdh_ble.o
 .rodata.assert_nrf_callback.str1.1
                0x0000000000032914       0x25 _build/simple_ble.o
 .rodata.on_ble_evt.str1.1
                0x0000000000032939       0x51 _build/simple_ble.o
 *fill*         0x000000000003298a        0x2 
 .rodata._global_impure_ptr
                0x000000000003298c        0x4 /usr/bin/../lib/gcc/arm-none-eabi/7.3.1/../../../../arm-none-eabi/lib/thumb/v7e-m/fpv4-sp/hard/libc.a(lib_a-impure.o)
                0x000000000003298c                _global_impure_ptr
 .rodata._setlocale_r.str1.4
                0x0000000000032990        0xa /usr/bin/../lib/gcc/arm-none-eabi/7.3.1/../../../../arm-none-eabi/lib/thumb/v7e-m/fpv4-sp/hard/libc.a(lib_a-locale.o)
                                          0xd (size before relaxing)
 *fill*         0x000000000003299a        0x2 
 .rodata.str1.4
                0x000000000003299c        0x2 /usr/bin/../lib/gcc/arm-none-eabi/7.3.1/../../../../arm-none-eabi/lib/thumb/v7e-m/fpv4-sp/hard/libc.a(lib_a-locale.o)
 *fill*         0x000000000003299e        0x2 
 .rodata._vfprintf_r.str1.4
                0x00000000000329a0       0x42 /usr/bin/../lib/gcc/arm-none-eabi/7.3.1/../../../../arm-none-eabi/lib/thumb/v7e-m/fpv4-sp/hard/libc.a(lib_a-vfprintf.o)
 *fill*         0x00000000000329e2        0x2 
 .rodata.blanks.8605
                0x00000000000329e4       0x10 /usr/bin/../lib/gcc/arm-none-eabi/7.3.1/../../../../arm-none-eabi/lib/thumb/v7e-m/fpv4-sp/hard/libc.a(lib_a-vfprintf.o)
 .rodata.zeroes.8606
                0x00000000000329f4       0x10 /usr/bin/../lib/gcc/arm-none-eabi/7.3.1/../../../../arm-none-eabi/lib/thumb/v7e-m/fpv4-sp/hard/libc.a(lib_a-vfprintf.o)
 .rodata._ctype_
                0x0000000000032a04      0x101 /usr/bin/../lib/gcc/arm-none-eabi/7.3.1/../../../../arm-none-eabi/lib/thumb/v7e-m/fpv4-sp/hard/libc.a(lib_a-ctype_.o)
                0x0000000000032a04                _ctype_
 *fill*         0x0000000000032b05        0x3 
 .rodata._dtoa_r.str1.4
                0x0000000000032b08       0x10 /usr/bin/../lib/gcc/arm-none-eabi/7.3.1/../../../../arm-none-eabi/lib/thumb/v7e-m/fpv4-sp/hard/libc.a(lib_a-dtoa.o)
                                         0x12 (size before relaxing)
 .rodata.__mprec_bigtens
                0x0000000000032b18       0x28 /usr/bin/../lib/gcc/arm-none-eabi/7.3.1/../../../../arm-none-eabi/lib/thumb/v7e-m/fpv4-sp/hard/libc.a(lib_a-mprec.o)
                0x0000000000032b18                __mprec_bigtens
 .rodata.__mprec_tens
                0x0000000000032b40       0xc8 /usr/bin/../lib/gcc/arm-none-eabi/7.3.1/../../../../arm-none-eabi/lib/thumb/v7e-m/fpv4-sp/hard/libc.a(lib_a-mprec.o)
                0x0000000000032b40                __mprec_tens
 .rodata.p05.7367
                0x0000000000032c08        0xc /usr/bin/../lib/gcc/arm-none-eabi/7.3.1/../../../../arm-none-eabi/lib/thumb/v7e-m/fpv4-sp/hard/libc.a(lib_a-mprec.o)
 .rodata.sqrt.str1.4
                0x0000000000032c14        0x8 /usr/bin/../lib/gcc/arm-none-eabi/7.3.1/../../../../arm-none-eabi/lib/thumb/v7e-m/fpv4-sp/hard/libm.a(lib_a-w_sqrt.o)
                                          0x5 (size before relaxing)
 *fill*         0x0000000000032c1c        0x4 
 .rodata.atanhi
                0x0000000000032c20       0x20 /usr/bin/../lib/gcc/arm-none-eabi/7.3.1/../../../../arm-none-eabi/lib/thumb/v7e-m/fpv4-sp/hard/libm.a(lib_a-s_atan.o)
 .rodata.atanlo
                0x0000000000032c40       0x20 /usr/bin/../lib/gcc/arm-none-eabi/7.3.1/../../../../arm-none-eabi/lib/thumb/v7e-m/fpv4-sp/hard/libm.a(lib_a-s_atan.o)
 *(.eh_frame*)
 .eh_frame      0x0000000000032c60        0x0 /usr/bin/../lib/gcc/arm-none-eabi/7.3.1/thumb/v7e-m/fpv4-sp/hard/crtbegin.o
 .eh_frame      0x0000000000032c60        0x4 /usr/bin/../lib/gcc/arm-none-eabi/7.3.1/thumb/v7e-m/fpv4-sp/hard/crtend.o

.glue_7         0x0000000000032c64        0x0
 .glue_7        0x0000000000032c64        0x0 linker stubs

.glue_7t        0x0000000000032c64        0x0
 .glue_7t       0x0000000000032c64        0x0 linker stubs

.vfp11_veneer   0x0000000000032c64        0x0
 .vfp11_veneer  0x0000000000032c64        0x0 linker stubs

.v4_bx          0x0000000000032c64        0x0
 .v4_bx         0x0000000000032c64        0x0 linker stubs

.iplt           0x0000000000032c64        0x0
 .iplt          0x0000000000032c64        0x0 /usr/bin/../lib/gcc/arm-none-eabi/7.3.1/thumb/v7e-m/fpv4-sp/hard/crtbegin.o

.mem_section_dummy_rom

.sdh_soc_observers
                0x0000000000032c64       0x10
                [!provide]                        PROVIDE (__start_sdh_soc_observers = .)
 *(SORT_BY_NAME(.sdh_soc_observers*))
 .sdh_soc_observers0
                0x0000000000032c64        0x8 _build/nrf_drv_clock.o
 .sdh_soc_observers1
                0x0000000000032c6c        0x8 _build/simple_ble.o
                [!provide]                        PROVIDE (__stop_sdh_soc_observers = .)

.crypto_data    0x0000000000032c74        0x0
                [!provide]                        PROVIDE (__start_crypto_data = .)
 *(SORT_BY_NAME(.crypto_data*))
                [!provide]                        PROVIDE (__stop_crypto_data = .)

.log_const_data
                0x0000000000032c74       0x98
                0x0000000000032c74                PROVIDE (__start_log_const_data = .)
 *(SORT_BY_NAME(.log_const_data*))
 .log_const_data_CLOCK
                0x0000000000032c74        0x8 _build/nrfx_clock.o
                0x0000000000032c74                m_nrf_log_CLOCK_logs_data_const
 .log_const_data_GPIOTE
                0x0000000000032c7c        0x8 _build/nrfx_gpiote.o
                0x0000000000032c7c                m_nrf_log_GPIOTE_logs_data_const
 .log_const_data_PPI
                0x0000000000032c84        0x8 _build/nrfx_ppi.o
                0x0000000000032c84                m_nrf_log_PPI_logs_data_const
 .log_const_data_PRS
                0x0000000000032c8c        0x8 _build/nrfx_prs.o
                0x0000000000032c8c                m_nrf_log_PRS_logs_data_const
 .log_const_data_PWM
                0x0000000000032c94        0x8 _build/nrfx_pwm.o
                0x0000000000032c94                m_nrf_log_PWM_logs_data_const
 .log_const_data_SAADC
                0x0000000000032c9c        0x8 _build/nrfx_saadc.o
                0x0000000000032c9c                m_nrf_log_SAADC_logs_data_const
 .log_const_data_SPIM
                0x0000000000032ca4        0x8 _build/nrfx_spim.o
                0x0000000000032ca4                m_nrf_log_SPIM_logs_data_const
 .log_const_data_TIMER
                0x0000000000032cac        0x8 _build/nrfx_timer.o
                0x0000000000032cac                m_nrf_log_TIMER_logs_data_const
 .log_const_data_TWIM
                0x0000000000032cb4        0x8 _build/nrfx_twim.o
                0x0000000000032cb4                m_nrf_log_TWIM_logs_data_const
 .log_const_data_UART
                0x0000000000032cbc        0x8 _build/nrfx_uart.o
                0x0000000000032cbc                m_nrf_log_UART_logs_data_const
 .log_const_data_UARTE
                0x0000000000032cc4        0x8 _build/nrfx_uarte.o
                0x0000000000032cc4                m_nrf_log_UARTE_logs_data_const
 .log_const_data_app
                0x0000000000032ccc        0x8 _build/nrf_log_frontend.o
                0x0000000000032ccc                m_nrf_log_app_logs_data_const
 .log_const_data_clock
                0x0000000000032cd4        0x8 _build/nrf_drv_clock.o
                0x0000000000032cd4                m_nrf_log_clock_logs_data_const
 .log_const_data_hardfault
                0x0000000000032cdc        0x8 _build/hardfault_implementation.o
                0x0000000000032cdc                m_nrf_log_hardfault_logs_data_const
 .log_const_data_nrf_ble_gatt
                0x0000000000032ce4        0x8 _build/nrf_ble_gatt.o
                0x0000000000032ce4                m_nrf_log_nrf_ble_gatt_logs_data_const
 .log_const_data_nrf_fstorage
                0x0000000000032cec        0x8 _build/nrf_fstorage.o
                0x0000000000032cec                m_nrf_log_nrf_fstorage_logs_data_const
 .log_const_data_nrf_sdh
                0x0000000000032cf4        0x8 _build/nrf_sdh.o
                0x0000000000032cf4                m_nrf_log_nrf_sdh_logs_data_const
 .log_const_data_nrf_sdh_ble
                0x0000000000032cfc        0x8 _build/nrf_sdh_ble.o
                0x0000000000032cfc                m_nrf_log_nrf_sdh_ble_logs_data_const
 .log_const_data_pwr_mgmt
                0x0000000000032d04        0x8 _build/nrf_pwr_mgmt.o
                0x0000000000032d04                m_nrf_log_pwr_mgmt_logs_data_const
                0x0000000000032d0c                PROVIDE (__stop_log_const_data = .)

.nrf_balloc     0x0000000000032d0c       0x14
                [!provide]                        PROVIDE (__start_nrf_balloc = .)
 *(.nrf_balloc)
 .nrf_balloc    0x0000000000032d0c       0x14 _build/nrf_log_frontend.o
                0x0000000000032d0c                log_mempool
                [!provide]                        PROVIDE (__stop_nrf_balloc = .)

.nrf_queue      0x0000000000032d20        0x0
                [!provide]                        PROVIDE (__start_nrf_queue = .)
 *(.nrf_queue)
                [!provide]                        PROVIDE (__stop_nrf_queue = .)

.sdh_state_observers
                0x0000000000032d20        0x8
                0x0000000000032d20                PROVIDE (__start_sdh_state_observers = .)
 *(SORT_BY_NAME(.sdh_state_observers*))
 .sdh_state_observers0
                0x0000000000032d20        0x8 _build/nrf_drv_clock.o
                0x0000000000032d28                PROVIDE (__stop_sdh_state_observers = .)

.sdh_stack_observers
                0x0000000000032d28        0x8
                0x0000000000032d28                PROVIDE (__start_sdh_stack_observers = .)
 *(SORT_BY_NAME(.sdh_stack_observers*))
 .sdh_stack_observers0
                0x0000000000032d28        0x8 _build/nrf_sdh_ble.o
                0x0000000000032d30                PROVIDE (__stop_sdh_stack_observers = .)

.sdh_req_observers
                0x0000000000032d30        0x0
                0x0000000000032d30                PROVIDE (__start_sdh_req_observers = .)
 *(SORT_BY_NAME(.sdh_req_observers*))
                0x0000000000032d30                PROVIDE (__stop_sdh_req_observers = .)

.cli_command    0x0000000000032d30        0x0
                [!provide]                        PROVIDE (__start_cli_command = .)
 *(.cli_command)
                [!provide]                        PROVIDE (__stop_cli_command = .)

.pwr_mgmt_data  0x0000000000032d30        0x0
                0x0000000000032d30                PROVIDE (__start_pwr_mgmt_data = .)
 *(SORT_BY_NAME(.pwr_mgmt_data*))
                0x0000000000032d30                PROVIDE (__stop_pwr_mgmt_data = .)

.sdh_ble_observers
                0x0000000000032d30       0x28
                0x0000000000032d30                PROVIDE (__start_sdh_ble_observers = .)
 *(SORT_BY_NAME(.sdh_ble_observers*))
 .sdh_ble_observers1
                0x0000000000032d30        0x8 _build/ble_conn_params.o
 .sdh_ble_observers1
                0x0000000000032d38       0x10 _build/simple_ble.o
 .sdh_ble_observers2
                0x0000000000032d48        0x8 _build/simple_ble.o
 .sdh_ble_observers3
                0x0000000000032d50        0x8 _build/simple_ble.o
                0x0000000000032d58                PROVIDE (__stop_sdh_ble_observers = .)

.log_backends   0x0000000000032d58       0x10
 .log_backends  0x0000000000032d58       0x10 _build/nrf_log_default_backends.o

.dfu_trans      0x0000000000032d68        0x0
                [!provide]                        PROVIDE (__start_dfu_trans = .)
 *(SORT_BY_NAME(.dfu_trans*))
                [!provide]                        PROVIDE (__stop_dfu_trans = .)

.ARM.extab
 *(.ARM.extab* .gnu.linkonce.armextab.*)
                0x0000000000032d68                __exidx_start = .

.ARM.exidx      0x0000000000032d68        0x8
 *(.ARM.exidx* .gnu.linkonce.armexidx.*)
 .ARM.exidx     0x0000000000032d68        0x8 /usr/bin/../lib/gcc/arm-none-eabi/7.3.1/../../../../arm-none-eabi/lib/thumb/v7e-m/fpv4-sp/hard/crt0.o
 .ARM.exidx     0x0000000000032d70        0x0 /usr/bin/../lib/gcc/arm-none-eabi/7.3.1/thumb/v7e-m/fpv4-sp/hard/libgcc.a(_udivmoddi4.o)
                                          0x8 (size before relaxing)
                0x0000000000032d70                __exidx_end = .
                0x0000000000032d70                __etext = .

.rel.dyn        0x0000000000032d70        0x0
 .rel.iplt      0x0000000000032d70        0x0 /usr/bin/../lib/gcc/arm-none-eabi/7.3.1/thumb/v7e-m/fpv4-sp/hard/crtbegin.o

.data           0x00000000200098a8      0x9d4 load address 0x0000000000032d70
                0x00000000200098a8                __data_start__ = .
 *(vtable)
 *(.data*)
 .data.log_backend_cb_rtt_log_backend
                0x00000000200098a8        0x8 _build/nrf_log_default_backends.o
 .data.m_scan_buffer
                0x00000000200098b0        0x8 _build/simple_ble.o
 .data.SystemCoreClock
                0x00000000200098b8        0x4 _build/system_nrf52.o
                0x00000000200098b8                SystemCoreClock
 .data._impure_ptr
                0x00000000200098bc        0x4 /usr/bin/../lib/gcc/arm-none-eabi/7.3.1/../../../../arm-none-eabi/lib/thumb/v7e-m/fpv4-sp/hard/libc.a(lib_a-impure.o)
                0x00000000200098bc                _impure_ptr
 .data.impure_data
                0x00000000200098c0      0x428 /usr/bin/../lib/gcc/arm-none-eabi/7.3.1/../../../../arm-none-eabi/lib/thumb/v7e-m/fpv4-sp/hard/libc.a(lib_a-impure.o)
 .data.__global_locale
                0x0000000020009ce8      0x16c /usr/bin/../lib/gcc/arm-none-eabi/7.3.1/../../../../arm-none-eabi/lib/thumb/v7e-m/fpv4-sp/hard/libc.a(lib_a-locale.o)
                0x0000000020009ce8                __global_locale
 .data.__atexit_recursive_mutex
                0x0000000020009e54        0x4 /usr/bin/../lib/gcc/arm-none-eabi/7.3.1/../../../../arm-none-eabi/lib/thumb/v7e-m/fpv4-sp/hard/libc.a(lib_a-__call_atexit.o)
                0x0000000020009e54                __atexit_recursive_mutex
 .data.__malloc_av_
                0x0000000020009e58      0x408 /usr/bin/../lib/gcc/arm-none-eabi/7.3.1/../../../../arm-none-eabi/lib/thumb/v7e-m/fpv4-sp/hard/libc.a(lib_a-mallocr.o)
                0x0000000020009e58                __malloc_av_
 .data.__malloc_sbrk_base
                0x000000002000a260        0x4 /usr/bin/../lib/gcc/arm-none-eabi/7.3.1/../../../../arm-none-eabi/lib/thumb/v7e-m/fpv4-sp/hard/libc.a(lib_a-mallocr.o)
                0x000000002000a260                __malloc_sbrk_base
 .data.__malloc_trim_threshold
                0x000000002000a264        0x4 /usr/bin/../lib/gcc/arm-none-eabi/7.3.1/../../../../arm-none-eabi/lib/thumb/v7e-m/fpv4-sp/hard/libc.a(lib_a-mallocr.o)
                0x000000002000a264                __malloc_trim_threshold
 .data.__fdlib_version
                0x000000002000a268        0x1 /usr/bin/../lib/gcc/arm-none-eabi/7.3.1/../../../../arm-none-eabi/lib/thumb/v7e-m/fpv4-sp/hard/libm.a(lib_a-s_lib_ver.o)
                0x000000002000a268                __fdlib_version
                0x000000002000a26c                . = ALIGN (0x4)
 *fill*         0x000000002000a269        0x3 
                0x000000002000a26c                PROVIDE (__preinit_array_start = .)
 *(.preinit_array)
                0x000000002000a26c                PROVIDE (__preinit_array_end = .)
                0x000000002000a26c                . = ALIGN (0x4)
                0x000000002000a26c                PROVIDE (__init_array_start = .)
 *(SORT_BY_NAME(.init_array.*))
 .init_array.00000
                0x000000002000a26c        0x4 /usr/bin/../lib/gcc/arm-none-eabi/7.3.1/../../../../arm-none-eabi/lib/thumb/v7e-m/fpv4-sp/hard/libc.a(lib_a-__call_atexit.o)
 *(.init_array)
 .init_array    0x000000002000a270        0x4 /usr/bin/../lib/gcc/arm-none-eabi/7.3.1/thumb/v7e-m/fpv4-sp/hard/crtbegin.o
 .init_array    0x000000002000a274        0x4 _build/before_startup.o
                0x000000002000a278                PROVIDE (__init_array_end = .)
                0x000000002000a278                . = ALIGN (0x4)
                0x000000002000a278                PROVIDE (__fini_array_start = .)
 *(SORT_BY_NAME(.fini_array.*))
 *(.fini_array)
 .fini_array    0x000000002000a278        0x4 /usr/bin/../lib/gcc/arm-none-eabi/7.3.1/thumb/v7e-m/fpv4-sp/hard/crtbegin.o
                0x000000002000a27c                PROVIDE (__fini_array_end = .)
 *(.jcr*)
                0x000000002000a27c                . = ALIGN (0x4)
                0x000000002000a27c                __data_end__ = .
LOAD /usr/bin/../lib/gcc/arm-none-eabi/7.3.1/thumb/v7e-m/fpv4-sp/hard/crti.o
LOAD /usr/bin/../lib/gcc/arm-none-eabi/7.3.1/thumb/v7e-m/fpv4-sp/hard/crtbegin.o
LOAD /usr/bin/../lib/gcc/arm-none-eabi/7.3.1/../../../../arm-none-eabi/lib/thumb/v7e-m/fpv4-sp/hard/crt0.o
START GROUP
LOAD _build/main.o
LOAD _build/display.o
LOAD _build/mpu9250.o
LOAD _build/better_error_handling.o
LOAD _build/bno055.o
LOAD _build/max44009.o
LOAD _build/SEGGER_RTT.o
LOAD _build/SEGGER_RTT_Syscalls_GCC.o
LOAD _build/SEGGER_RTT_printf.o
LOAD _build/app_error.o
LOAD _build/app_error_handler_gcc.o
LOAD _build/app_pwm.o
LOAD _build/app_scheduler.o
LOAD _build/app_timer.o
LOAD _build/app_uart.o
LOAD _build/app_util_platform.o
LOAD _build/before_startup.o
LOAD _build/ff.o
LOAD _build/hardfault_handler_gcc.o
LOAD _build/hardfault_implementation.o
LOAD _build/mmc_nrf.o
LOAD _build/nrf_assert.o
LOAD _build/nrf_atomic.o
LOAD _build/nrf_balloc.o
LOAD _build/nrf_drv_clock.o
LOAD _build/nrf_drv_ppi.o
LOAD _build/nrf_drv_spi.o
LOAD _build/nrf_drv_twi.o
LOAD _build/nrf_drv_uart.o
LOAD _build/nrf_fprintf.o
LOAD _build/nrf_fprintf_format.o
LOAD _build/nrf_fstorage.o
LOAD _build/nrf_log_backend_rtt.o
LOAD _build/nrf_log_backend_serial.o
LOAD _build/nrf_log_backend_uart.o
LOAD _build/nrf_log_default_backends.o
LOAD _build/nrf_log_frontend.o
LOAD _build/nrf_log_str_formatter.o
LOAD _build/nrf_memobj.o
LOAD _build/nrf_pwr_mgmt.o
LOAD _build/nrf_ringbuf.o
LOAD _build/nrf_queue.o
LOAD _build/nrf_section_iter.o
LOAD _build/nrf_serial.o
LOAD _build/nrf_strerror.o
LOAD _build/nrf_twi_mngr.o
LOAD _build/nrfx_clock.o
LOAD _build/nrfx_gpiote.o
LOAD _build/nrfx_ppi.o
LOAD _build/nrfx_prs.o
LOAD _build/nrfx_pwm.o
LOAD _build/nrfx_saadc.o
LOAD _build/nrfx_spi.o
LOAD _build/nrfx_spim.o
LOAD _build/nrfx_timer.o
LOAD _build/nrfx_twi.o
LOAD _build/nrfx_twim.o
LOAD _build/nrfx_uart.o
LOAD _build/nrfx_uarte.o
LOAD _build/simple_logger.o
LOAD _build/ble_advdata.o
LOAD _build/ble_advertising.o
LOAD _build/ble_conn_params.o
LOAD _build/ble_srv_common.o
LOAD _build/nrf_ble_gatt.o
LOAD _build/nrf_ble_qwr.o
LOAD _build/nrf_sdh.o
LOAD _build/nrf_sdh_ble.o
LOAD _build/simple_ble.o
LOAD _build/system_nrf52.o
LOAD _build/app_error_weak.o
LOAD _build/gcc_startup_nrf52.os
LOAD /usr/bin/../lib/gcc/arm-none-eabi/7.3.1/../../../../arm-none-eabi/lib/thumb/v7e-m/fpv4-sp/hard/libc.a
LOAD /usr/bin/../lib/gcc/arm-none-eabi/7.3.1/../../../../arm-none-eabi/lib/thumb/v7e-m/fpv4-sp/hard/libnosys.a
LOAD /usr/bin/../lib/gcc/arm-none-eabi/7.3.1/../../../../arm-none-eabi/lib/thumb/v7e-m/fpv4-sp/hard/libm.a
LOAD /usr/bin/../lib/gcc/arm-none-eabi/7.3.1/../../../../arm-none-eabi/lib/thumb/v7e-m/fpv4-sp/hard/libstdc++.a
END GROUP
START GROUP
LOAD /usr/bin/../lib/gcc/arm-none-eabi/7.3.1/thumb/v7e-m/fpv4-sp/hard/libgcc.a
LOAD /usr/bin/../lib/gcc/arm-none-eabi/7.3.1/../../../../arm-none-eabi/lib/thumb/v7e-m/fpv4-sp/hard/libc.a
END GROUP
LOAD /usr/bin/../lib/gcc/arm-none-eabi/7.3.1/thumb/v7e-m/fpv4-sp/hard/crtend.o
LOAD /usr/bin/../lib/gcc/arm-none-eabi/7.3.1/thumb/v7e-m/fpv4-sp/hard/crtn.o
START GROUP
LOAD /usr/bin/../lib/gcc/arm-none-eabi/7.3.1/thumb/v7e-m/fpv4-sp/hard/libgcc.a
LOAD /usr/bin/../lib/gcc/arm-none-eabi/7.3.1/../../../../arm-none-eabi/lib/thumb/v7e-m/fpv4-sp/hard/libc.a
LOAD /usr/bin/../lib/gcc/arm-none-eabi/7.3.1/../../../../arm-none-eabi/lib/thumb/v7e-m/fpv4-sp/hard/libnosys.a
END GROUP

.igot.plt       0x000000002000a27c        0x0 load address 0x0000000000033744
 .igot.plt      0x000000002000a27c        0x0 /usr/bin/../lib/gcc/arm-none-eabi/7.3.1/thumb/v7e-m/fpv4-sp/hard/crtbegin.o

.bootloader_settings_page
                0x000000000007f000        0x0
                [!provide]                        PROVIDE (__start_bootloader_settings_page = .)
 *(SORT_BY_NAME(.bootloader_settings_page*))
                [!provide]                        PROVIDE (__stop_bootloader_settings_page = .)

.uicr_bootloader_start_address
                0x0000000010001014        0x0
                [!provide]                        PROVIDE (__start_uicr_bootloader_start_address = .)
 *(SORT_BY_NAME(.uicr_bootloader_start_address*))
                [!provide]                        PROVIDE (__stop_uicr_bootloader_start_address = .)
                0x0000000010001014                . = ALIGN (0x4)

.mem_section_dummy_ram

.log_dynamic_data
                0x000000002000a27c        0x0
                0x000000002000a27c                PROVIDE (__start_log_dynamic_data = .)
 *(SORT_BY_NAME(.log_dynamic_data*))
                [!provide]                        PROVIDE (__stop_log_dynamic_data = .)

.cli_sorted_cmd_ptrs
                0x000000002000a27c        0x0
                [!provide]                        PROVIDE (__start_cli_sorted_cmd_ptrs = .)
 *(.cli_sorted_cmd_ptrs)
                [!provide]                        PROVIDE (__stop_cli_sorted_cmd_ptrs = .)

.fs_data        0x000000002000a27c        0x0
                0x000000002000a27c                PROVIDE (__start_fs_data = .)
 *(.fs_data)
                0x000000002000a27c                PROVIDE (__stop_fs_data = .)

.bss            0x000000002000a27c      0xe88 load address 0x0000000000033744
                0x000000002000a27c                . = ALIGN (0x4)
                0x000000002000a27c                __bss_start__ = .
 *(.bss*)
 .bss           0x000000002000a27c       0x1c /usr/bin/../lib/gcc/arm-none-eabi/7.3.1/thumb/v7e-m/fpv4-sp/hard/crtbegin.o
 .bss._acDownBuffer
                0x000000002000a298       0x10 _build/SEGGER_RTT.o
 .bss._acUpBuffer
                0x000000002000a2a8      0x200 _build/SEGGER_RTT.o
 .bss.m_instances
                0x000000002000a4a8       0x14 _build/app_pwm.o
 .bss.m_pwm_busy
                0x000000002000a4bc        0x5 _build/app_pwm.o
 *fill*         0x000000002000a4c1        0x3 
 .bss.m_pwm_target_value
                0x000000002000a4c4       0x14 _build/app_pwm.o
 .bss.m_use_ppi_delay_workaround
                0x000000002000a4d8        0x1 _build/app_pwm.o
 *fill*         0x000000002000a4d9        0x3 
 .bss.m_op_queue
                0x000000002000a4dc      0x10c _build/app_timer.o
 .bss.m_rtc1_reset
                0x000000002000a5e8        0x1 _build/app_timer.o
 .bss.m_rtc1_running
                0x000000002000a5e9        0x1 _build/app_timer.o
 *fill*         0x000000002000a5ea        0x2 
 .bss.m_ticks_elapsed
                0x000000002000a5ec        0x8 _build/app_timer.o
 .bss.m_ticks_elapsed_q_read_ind
                0x000000002000a5f4        0x1 _build/app_timer.o
 .bss.m_ticks_elapsed_q_write_ind
                0x000000002000a5f5        0x1 _build/app_timer.o
 *fill*         0x000000002000a5f6        0x2 
 .bss.m_ticks_latest
                0x000000002000a5f8        0x4 _build/app_timer.o
 .bss.mp_timer_id_head
                0x000000002000a5fc        0x4 _build/app_timer.o
 .bss.m_clock_cb
                0x000000002000a600       0x14 _build/nrf_drv_clock.o
 .bss.m_drv_state
                0x000000002000a614        0x1 _build/nrf_drv_ppi.o
 .bss.m_host_present
                0x000000002000a615        0x1 _build/nrf_log_backend_rtt.o
 .bss.m_string_buff
                0x000000002000a616       0x40 _build/nrf_log_backend_rtt.o
 *fill*         0x000000002000a656        0x2 
 .bss.log_mempool_nrf_balloc_cb
                0x000000002000a658        0x8 _build/nrf_log_frontend.o
 .bss.log_mempool_nrf_balloc_pool_mem
                0x000000002000a660       0xc0 _build/nrf_log_frontend.o
 .bss.log_mempool_nrf_balloc_pool_stack
                0x000000002000a720        0x8 _build/nrf_log_frontend.o
 .bss.m_log_data
                0x000000002000a728      0x424 _build/nrf_log_frontend.o
 .bss.m_log_push_ringbuf_buf
                0x000000002000ab4c       0x80 _build/nrf_log_frontend.o
 .bss.m_log_push_ringbuf_cb
                0x000000002000abcc       0x18 _build/nrf_log_frontend.o
 .bss.m_clock_cb
                0x000000002000abe4        0x8 _build/nrfx_clock.o
 .bss.m_cb      0x000000002000abec       0x5c _build/nrfx_gpiote.o
 .bss.m_channels_allocated
                0x000000002000ac48        0x4 _build/nrfx_ppi.o
 .bss.m_prs_box_4
                0x000000002000ac4c        0x8 _build/nrfx_prs.o
 .bss.m_cb      0x000000002000ac54       0x18 _build/nrfx_pwm.o
 .bss.m_cb      0x000000002000ac6c       0x30 _build/nrfx_saadc.o
 .bss.m_cb      0x000000002000ac9c       0x24 _build/nrfx_spim.o
 .bss.m_cb      0x000000002000acc0       0x24 _build/nrfx_timer.o
 .bss.m_cb      0x000000002000ace4       0x34 _build/nrfx_twim.o
 .bss.m_conn_params_config
                0x000000002000ad18       0x1c _build/ble_conn_params.o
 .bss.m_conn_params_instances
                0x000000002000ad34       0x14 _build/ble_conn_params.o
 .bss.m_preferred_conn_params
                0x000000002000ad48        0x8 _build/ble_conn_params.o
 .bss.m_nrf_sdh_enabled
                0x000000002000ad50        0x1 _build/nrf_sdh.o
 .bss.m_stack_is_enabled
                0x000000002000ad51        0x1 _build/nrf_sdh_ble.o
 *fill*         0x000000002000ad52        0x2 
 .bss.m_advertising
                0x000000002000ad54      0x258 _build/simple_ble.o
 .bss.m_gatt    0x000000002000afac       0x14 _build/simple_ble.o
 .bss.m_qwr     0x000000002000afc0        0xc _build/simple_ble.o
 .bss.scan_buffer
                0x000000002000afcc       0x1f _build/simple_ble.o
 *fill*         0x000000002000afeb        0x1 
 .bss.__malloc_current_mallinfo
                0x000000002000afec       0x28 /usr/bin/../lib/gcc/arm-none-eabi/7.3.1/../../../../arm-none-eabi/lib/thumb/v7e-m/fpv4-sp/hard/libc.a(lib_a-mallocr.o)
                0x000000002000afec                __malloc_current_mallinfo
 .bss.__malloc_max_sbrked_mem
                0x000000002000b014        0x4 /usr/bin/../lib/gcc/arm-none-eabi/7.3.1/../../../../arm-none-eabi/lib/thumb/v7e-m/fpv4-sp/hard/libc.a(lib_a-mallocr.o)
                0x000000002000b014                __malloc_max_sbrked_mem
 .bss.__malloc_max_total_mem
                0x000000002000b018        0x4 /usr/bin/../lib/gcc/arm-none-eabi/7.3.1/../../../../arm-none-eabi/lib/thumb/v7e-m/fpv4-sp/hard/libc.a(lib_a-mallocr.o)
                0x000000002000b018                __malloc_max_total_mem
 .bss.__malloc_top_pad
                0x000000002000b01c        0x4 /usr/bin/../lib/gcc/arm-none-eabi/7.3.1/../../../../arm-none-eabi/lib/thumb/v7e-m/fpv4-sp/hard/libc.a(lib_a-mallocr.o)
                0x000000002000b01c                __malloc_top_pad
 .bss.heap_end.5377
                0x000000002000b020        0x4 /usr/bin/../lib/gcc/arm-none-eabi/7.3.1/../../../../arm-none-eabi/lib/thumb/v7e-m/fpv4-sp/hard/libnosys.a(sbrk.o)
 *(COMMON)
 COMMON         0x000000002000b024       0x24 _build/main.o
                0x000000002000b024                m_pwm_PWM1_cb
 COMMON         0x000000002000b048       0x78 _build/SEGGER_RTT.o
                0x000000002000b048                _SEGGER_RTT
 COMMON         0x000000002000b0c0        0xa _build/app_pwm.o
                0x000000002000b0c0                m_pwm_ready_counter
 *fill*         0x000000002000b0ca        0x2 
 COMMON         0x000000002000b0cc        0xc _build/app_util_platform.o
                0x000000002000b0cc                nrf_nvic_state
 COMMON         0x000000002000b0d8        0x2 _build/simple_ble.o
                0x000000002000b0d8                app
 *fill*         0x000000002000b0da        0x2 
 COMMON         0x000000002000b0dc       0x21 /usr/bin/../lib/gcc/arm-none-eabi/7.3.1/../../../../arm-none-eabi/lib/thumb/v7e-m/fpv4-sp/hard/libc.a(lib_a-lock.o)
                0x000000002000b0dc                __lock___atexit_recursive_mutex
                0x000000002000b0e0                __lock___arc4random_mutex
                0x000000002000b0e4                __lock___env_recursive_mutex