Archive member included to satisfy reference by file (symbol)

/usr/bin/../lib/gcc/arm-none-eabi/7.3.1/../../../../arm-none-eabi/lib/thumb/v7e-m/fpv4-sp/hard/libc.a(lib_a-exit.o)
                              /usr/bin/../lib/gcc/arm-none-eabi/7.3.1/../../../../arm-none-eabi/lib/thumb/v7e-m/fpv4-sp/hard/crt0.o (exit)
/usr/bin/../lib/gcc/arm-none-eabi/7.3.1/../../../../arm-none-eabi/lib/thumb/v7e-m/fpv4-sp/hard/libc.a(lib_a-impure.o)
                              /usr/bin/../lib/gcc/arm-none-eabi/7.3.1/../../../../arm-none-eabi/lib/thumb/v7e-m/fpv4-sp/hard/libc.a(lib_a-exit.o) (_global_impure_ptr)
/usr/bin/../lib/gcc/arm-none-eabi/7.3.1/../../../../arm-none-eabi/lib/thumb/v7e-m/fpv4-sp/hard/libc.a(lib_a-init.o)
                              /usr/bin/../lib/gcc/arm-none-eabi/7.3.1/../../../../arm-none-eabi/lib/thumb/v7e-m/fpv4-sp/hard/crt0.o (__libc_init_array)
/usr/bin/../lib/gcc/arm-none-eabi/7.3.1/../../../../arm-none-eabi/lib/thumb/v7e-m/fpv4-sp/hard/libc.a(lib_a-locale.o)
                              _build/nrf_log_str_formatter.o (__locale_ctype_ptr)
/usr/bin/../lib/gcc/arm-none-eabi/7.3.1/../../../../arm-none-eabi/lib/thumb/v7e-m/fpv4-sp/hard/libc.a(lib_a-mbtowc_r.o)
                              /usr/bin/../lib/gcc/arm-none-eabi/7.3.1/../../../../arm-none-eabi/lib/thumb/v7e-m/fpv4-sp/hard/libc.a(lib_a-locale.o) (__ascii_mbtowc)
/usr/bin/../lib/gcc/arm-none-eabi/7.3.1/../../../../arm-none-eabi/lib/thumb/v7e-m/fpv4-sp/hard/libc.a(lib_a-memcmp.o)
                              _build/nrf_twi_mngr.o (memcmp)
/usr/bin/../lib/gcc/arm-none-eabi/7.3.1/../../../../arm-none-eabi/lib/thumb/v7e-m/fpv4-sp/hard/libc.a(lib_a-memcpy.o)
                              _build/SEGGER_RTT.o (memcpy)
/usr/bin/../lib/gcc/arm-none-eabi/7.3.1/../../../../arm-none-eabi/lib/thumb/v7e-m/fpv4-sp/hard/libc.a(lib_a-memset.o)
                              /usr/bin/../lib/gcc/arm-none-eabi/7.3.1/../../../../arm-none-eabi/lib/thumb/v7e-m/fpv4-sp/hard/crt0.o (memset)
/usr/bin/../lib/gcc/arm-none-eabi/7.3.1/../../../../arm-none-eabi/lib/thumb/v7e-m/fpv4-sp/hard/libc.a(lib_a-printf.o)
                              _build/main.o (printf)
/usr/bin/../lib/gcc/arm-none-eabi/7.3.1/../../../../arm-none-eabi/lib/thumb/v7e-m/fpv4-sp/hard/libc.a(lib_a-setbuf.o)
                              _build/before_startup.o (setbuf)
/usr/bin/../lib/gcc/arm-none-eabi/7.3.1/../../../../arm-none-eabi/lib/thumb/v7e-m/fpv4-sp/hard/libc.a(lib_a-setvbuf.o)
                              /usr/bin/../lib/gcc/arm-none-eabi/7.3.1/../../../../arm-none-eabi/lib/thumb/v7e-m/fpv4-sp/hard/libc.a(lib_a-setbuf.o) (setvbuf)
/usr/bin/../lib/gcc/arm-none-eabi/7.3.1/../../../../arm-none-eabi/lib/thumb/v7e-m/fpv4-sp/hard/libc.a(lib_a-strcmp.o)
                              /usr/bin/../lib/gcc/arm-none-eabi/7.3.1/../../../../arm-none-eabi/lib/thumb/v7e-m/fpv4-sp/hard/libc.a(lib_a-locale.o) (strcmp)
/usr/bin/../lib/gcc/arm-none-eabi/7.3.1/../../../../arm-none-eabi/lib/thumb/v7e-m/fpv4-sp/hard/libc.a(lib_a-strcpy.o)
                              _build/SEGGER_RTT.o (strcpy)
/usr/bin/../lib/gcc/arm-none-eabi/7.3.1/../../../../arm-none-eabi/lib/thumb/v7e-m/fpv4-sp/hard/libc.a(lib_a-strlen.o)
                              _build/display.o (strlen)
/usr/bin/../lib/gcc/arm-none-eabi/7.3.1/../../../../arm-none-eabi/lib/thumb/v7e-m/fpv4-sp/hard/libc.a(lib_a-vfprintf.o)
                              /usr/bin/../lib/gcc/arm-none-eabi/7.3.1/../../../../arm-none-eabi/lib/thumb/v7e-m/fpv4-sp/hard/libc.a(lib_a-printf.o) (_vfprintf_r)
/usr/bin/../lib/gcc/arm-none-eabi/7.3.1/../../../../arm-none-eabi/lib/thumb/v7e-m/fpv4-sp/hard/libc.a(lib_a-vsnprintf.o)
                              _build/simple_logger.o (vsnprintf)
/usr/bin/../lib/gcc/arm-none-eabi/7.3.1/../../../../arm-none-eabi/lib/thumb/v7e-m/fpv4-sp/hard/libc.a(lib_a-wctomb_r.o)
                              /usr/bin/../lib/gcc/arm-none-eabi/7.3.1/../../../../arm-none-eabi/lib/thumb/v7e-m/fpv4-sp/hard/libc.a(lib_a-locale.o) (__ascii_wctomb)
/usr/bin/../lib/gcc/arm-none-eabi/7.3.1/../../../../arm-none-eabi/lib/thumb/v7e-m/fpv4-sp/hard/libc.a(lib_a-wsetup.o)
                              /usr/bin/../lib/gcc/arm-none-eabi/7.3.1/../../../../arm-none-eabi/lib/thumb/v7e-m/fpv4-sp/hard/libc.a(lib_a-vfprintf.o) (__swsetup_r)
/usr/bin/../lib/gcc/arm-none-eabi/7.3.1/../../../../arm-none-eabi/lib/thumb/v7e-m/fpv4-sp/hard/libc.a(lib_a-__call_atexit.o)
                              /usr/bin/../lib/gcc/arm-none-eabi/7.3.1/../../../../arm-none-eabi/lib/thumb/v7e-m/fpv4-sp/hard/libc.a(lib_a-exit.o) (__call_exitprocs)
/usr/bin/../lib/gcc/arm-none-eabi/7.3.1/../../../../arm-none-eabi/lib/thumb/v7e-m/fpv4-sp/hard/libc.a(lib_a-atexit.o)
                              /usr/bin/../lib/gcc/arm-none-eabi/7.3.1/../../../../arm-none-eabi/lib/thumb/v7e-m/fpv4-sp/hard/libc.a(lib_a-__call_atexit.o) (atexit)
/usr/bin/../lib/gcc/arm-none-eabi/7.3.1/../../../../arm-none-eabi/lib/thumb/v7e-m/fpv4-sp/hard/libc.a(lib_a-ctype_.o)
[...]
Memory Configuration

Name             Origin             Length             Attributes
FLASH            0x0000000000026000 0x0000000000059000 xr
RAM              0x00000000200098a8 0x0000000000006758 xrw
bootloader_settings_page 0x000000000007f000 0x0000000000001000 r
uicr_bootloader_start_address 0x0000000010001014 0x0000000000000004 r
*default*        0x0000000000000000 0xffffffffffffffff

Linker script and memory map


.text           0x0000000000026000     0xe568
 *(.isr_vector)
 .isr_vector    0x0000000000026000      0x200 _build/gcc_startup_nrf52.os
                0x0000000000026000                __isr_vector
 *(.text*)
 .text          0x0000000000026200       0x40 /usr/bin/../lib/gcc/arm-none-eabi/7.3.1/thumb/v7e-m/fpv4-sp/hard/crtbegin.o
 .text          0x0000000000026240       0x74 /usr/bin/../lib/gcc/arm-none-eabi/7.3.1/../../../../arm-none-eabi/lib/thumb/v7e-m/fpv4-sp/hard/crt0.o
                0x0000000000026240                _mainCRTStartup
                0x0000000000026240                _start
 .text.startup.main
                0x00000000000262b4       0xe8 _build/main.o
                0x00000000000262b4                main
 .text.nrf_delay_ms.part.0
                0x000000000002639c       0x1c _build/better_error_handling.o
 .text.app_error_fault_handler
                0x00000000000263b8      0x128 _build/better_error_handling.o
                0x00000000000263b8                app_error_fault_handler
 .text.HardFault_process
                0x00000000000264e0       0x9a _build/better_error_handling.o
                0x00000000000264e0                HardFault_process
 .text._GetAvailWriteSpace
                0x000000000002657a       0x1c _build/SEGGER_RTT.o
 .text._WriteNoCheck
                0x0000000000026596       0x3a _build/SEGGER_RTT.o
 .text._WriteBlocking
                0x00000000000265d0       0x52 _build/SEGGER_RTT.o
 *fill*         0x0000000000026622        0x2 
 .text._DoInit  0x0000000000026624       0x60 _build/SEGGER_RTT.o
 .text.SEGGER_RTT_WriteNoLock
                0x0000000000026684       0x68 _build/SEGGER_RTT.o
                0x0000000000026684                SEGGER_RTT_WriteNoLock
 .text.SEGGER_RTT_Write
                0x00000000000266ec       0x3c _build/SEGGER_RTT.o
                0x00000000000266ec                SEGGER_RTT_Write
 .text._write_r
                0x0000000000026728       0x12 _build/SEGGER_RTT_Syscalls_GCC.o
                0x0000000000026728                _write_r
 .text.app_error_handler
                0x000000000002673a       0x1a _build/app_error_handler_gcc.o
                0x000000000002673a                app_error_handler
 .text.user_op_alloc
                0x0000000000026754       0x2c _build/app_timer.o
 .text.timer_stop_op_schedule
                0x0000000000026780       0x50 _build/app_timer.o
 .text.nrfx_coredep_delay_us.constprop.3
                0x00000000000267d0       0x10 _build/app_timer.o
 .text.RTC1_IRQHandler
                0x00000000000267e0       0x9c _build/app_timer.o
                0x00000000000267e0                RTC1_IRQHandler
 .text.SWI0_EGU0_IRQHandler
                0x000000000002687c      0x2a4 _build/app_timer.o
                0x000000000002687c                SWI0_EGU0_IRQHandler
 .text.app_timer_init
                0x0000000000026b20       0x88 _build/app_timer.o
                0x0000000000026b20                app_timer_init
 .text.app_timer_create
                0x0000000000026ba8       0x24 _build/app_timer.o
                0x0000000000026ba8                app_timer_create
 .text.app_timer_start
                0x0000000000026bcc       0x88 _build/app_timer.o
                0x0000000000026bcc                app_timer_start
 .text.app_timer_stop
                0x0000000000026c54       0x20 _build/app_timer.o
                0x0000000000026c54                app_timer_stop
 .text.privilege_level_get
                0x0000000000026c74       0x1a _build/app_util_platform.o
                0x0000000000026c74                privilege_level_get
 *fill*         0x0000000000026c8e        0x2 
 .text.app_util_critical_region_enter
                0x0000000000026c90       0x60 _build/app_util_platform.o
                0x0000000000026c90                app_util_critical_region_enter
 .text.app_util_critical_region_exit
                0x0000000000026cf0       0x40 _build/app_util_platform.o
                0x0000000000026cf0                app_util_critical_region_exit
 .text.startup.called_first
                0x0000000000026d30       0x10 _build/before_startup.o
                0x0000000000026d30                called_first
 .text.ld_dword
                0x0000000000026d40       0x10 _build/ff.o
 .text.st_dword
                0x0000000000026d50       0x10 _build/ff.o
 .text.mem_set  0x0000000000026d60        0xc _build/ff.o
 .text.mem_cmp  0x0000000000026d6c       0x1c _build/ff.o
 .text.clst2sect
                0x0000000000026d88       0x16 _build/ff.o
 *fill*         0x0000000000026d9e        0x2 
 .text.get_ldnumber
                0x0000000000026da0       0x40 _build/ff.o
 .text.validate
                0x0000000000026de0       0x34 _build/ff.o
 .text.mem_cpy.part.0
                0x0000000000026e14       0x12 _build/ff.o
 .text.ld_clust.isra.3
                0x0000000000026e26       0x1c _build/ff.o
 .text.st_clust.isra.4
                0x0000000000026e42       0x18 _build/ff.o
 .text.sync_window.part.6
                0x0000000000026e5a       0x40 _build/ff.o
 .text.move_window
                0x0000000000026e9a       0x3c _build/ff.o
 *fill*         0x0000000000026ed6        0x2 
 .text.check_fs
                0x0000000000026ed8       0x70 _build/ff.o
 .text.find_volume
                0x0000000000026f48      0x28c _build/ff.o
 .text.put_fat  0x00000000000271d4       0xf8 _build/ff.o
 .text.get_fat.isra.10
                0x00000000000272cc       0xb4 _build/ff.o
 .text.dir_sdi  0x0000000000027380       0x7a _build/ff.o
 .text.create_chain
                0x00000000000273fa       0xe8 _build/ff.o
 .text.remove_chain
                0x00000000000274e2       0x6e _build/ff.o
 .text.sync_fs  0x0000000000027550       0x9e _build/ff.o
 .text.dir_clear
                0x00000000000275ee       0x58 _build/ff.o
 .text.dir_next
                0x0000000000027646       0xaa _build/ff.o
 .text.follow_path
                0x00000000000276f0      0x1cc _build/ff.o
 .text.dir_alloc.constprop.13
                0x00000000000278bc       0x34 _build/ff.o
 .text.dir_register
                0x00000000000278f0       0x38 _build/ff.o
 .text.f_mount  0x0000000000027928       0x4c _build/ff.o
                0x0000000000027928                f_mount
 .text.f_open   0x0000000000027974      0x1d2 _build/ff.o
                0x0000000000027974                f_open
 .text.f_write  0x0000000000027b46      0x18a _build/ff.o
                0x0000000000027b46                f_write
 .text.putc_bfd
                0x0000000000027cd0       0x38 _build/ff.o
 .text.putc_flush
                0x0000000000027d08       0x2e _build/ff.o
 .text.f_sync   0x0000000000027d36       0x8e _build/ff.o
                0x0000000000027d36                f_sync
 .text.f_close  0x0000000000027dc4       0x1a _build/ff.o
                0x0000000000027dc4                f_close
 .text.f_lseek  0x0000000000027dde      0x134 _build/ff.o
                0x0000000000027dde                f_lseek
 *fill*         0x0000000000027f12        0x2 
 .text.f_mkfs   0x0000000000027f14      0x56c _build/ff.o
                0x0000000000027f14                f_mkfs
 .text.f_puts   0x0000000000028480       0x2c _build/ff.o
                0x0000000000028480                f_puts
 .text.HardFault_Handler
                0x00000000000284ac       0x34 _build/hardfault_handler_gcc.o
                0x00000000000284ac                HardFault_Handler
 .text.HardFault_c_handler
                0x00000000000284e0      0x104 _build/hardfault_implementation.o
                0x00000000000284e0                HardFault_c_handler
 .text.xchg_spi
                0x00000000000285e4       0x1e _build/mmc_nrf.o
 *fill*         0x0000000000028602        0x2 
 .text.wait_ready
                0x0000000000028604       0x24 _build/mmc_nrf.o
 .text.deselect_sd
                0x0000000000028628       0x12 _build/mmc_nrf.o
 .text.select_sd
                0x000000000002863a       0x2c _build/mmc_nrf.o
 .text.send_cmd
                0x0000000000028666       0x84 _build/mmc_nrf.o
 *fill*         0x00000000000286ea        0x2 
 .text.rcvr_datablock
                0x00000000000286ec       0x48 _build/mmc_nrf.o
 .text.xmit_datablock.part.1
                0x0000000000028734       0x32 _build/mmc_nrf.o
 *fill*         0x0000000000028766        0x2 
 .text.disk_initialize
                0x0000000000028768      0x17c _build/mmc_nrf.o
                0x0000000000028768                disk_initialize
 .text.disk_status
                0x00000000000288e4       0x14 _build/mmc_nrf.o
                0x00000000000288e4                disk_status
 .text.disk_read
                0x00000000000288f8       0xa4 _build/mmc_nrf.o
                0x00000000000288f8                disk_read
 .text.disk_write
                0x000000000002899c       0xec _build/mmc_nrf.o
                0x000000000002899c                disk_write
 .text.disk_ioctl
                0x0000000000028a88      0x1fc _build/mmc_nrf.o
                0x0000000000028a88                disk_ioctl
 .text.disk_restart
                0x0000000000028c84       0x34 _build/mmc_nrf.o
                0x0000000000028c84                disk_restart
 .text.disk_timerproc
                0x0000000000028cb8       0x34 _build/mmc_nrf.o
                0x0000000000028cb8                disk_timerproc
 .text.nrf_atomic_u32_fetch_store
                0x0000000000028cec       0x14 _build/nrf_atomic.o
                0x0000000000028cec                nrf_atomic_u32_fetch_store
 .text.nrf_atomic_u32_or
                0x0000000000028d00       0x16 _build/nrf_atomic.o
                0x0000000000028d00                nrf_atomic_u32_or
 .text.nrf_atomic_u32_fetch_and
                0x0000000000028d16       0x16 _build/nrf_atomic.o
                0x0000000000028d16                nrf_atomic_u32_fetch_and
 .text.nrf_atomic_u32_add
                0x0000000000028d2c       0x16 _build/nrf_atomic.o
                0x0000000000028d2c                nrf_atomic_u32_add
 .text.nrf_atomic_u32_sub
                0x0000000000028d42       0x16 _build/nrf_atomic.o
                0x0000000000028d42                nrf_atomic_u32_sub
 .text.nrf_atomic_flag_set
                0x0000000000028d58        0x6 _build/nrf_atomic.o
                0x0000000000028d58                nrf_atomic_flag_set
 .text.nrf_atomic_flag_clear_fetch
                0x0000000000028d5e        0x6 _build/nrf_atomic.o
                0x0000000000028d5e                nrf_atomic_flag_clear_fetch
 .text.nrf_balloc_alloc
                0x0000000000028d64       0x5c _build/nrf_balloc.o
                0x0000000000028d64                nrf_balloc_alloc
 .text.nrf_balloc_free
                0x0000000000028dc0       0x50 _build/nrf_balloc.o
                0x0000000000028dc0                nrf_balloc_free
 .text.clock_clk_started_notify
                0x0000000000028e10       0x28 _build/nrf_drv_clock.o
 .text.clock_irq_handler
                0x0000000000028e38       0x1c _build/nrf_drv_clock.o
 .text.soc_evt_handler
                0x0000000000028e54       0x14 _build/nrf_drv_clock.o
 .text.nrf_drv_clock_init
                0x0000000000028e68       0x38 _build/nrf_drv_clock.o
                0x0000000000028e68                nrf_drv_clock_init
 .text.nrf_drv_clock_lfclk_release
                0x0000000000028ea0       0x60 _build/nrf_drv_clock.o
                0x0000000000028ea0                nrf_drv_clock_lfclk_release
 .text.sd_state_evt_handler
                0x0000000000028f00       0x6c _build/nrf_drv_clock.o
 .text.invalid_packets_omit
                0x0000000000028f6c       0x3a _build/nrf_log_frontend.o
 *fill*         0x0000000000028fa6        0x2 
 .text.buf_prealloc
                0x0000000000028fa8      0x138 _build/nrf_log_frontend.o
 .text.buffer_is_empty
                0x00000000000290e0       0x14 _build/nrf_log_frontend.o
                0x00000000000290e0                buffer_is_empty
 .text.nrf_log_frontend_dequeue
                0x00000000000290f4      0x228 _build/nrf_log_frontend.o
                0x00000000000290f4                nrf_log_frontend_dequeue
 .text.std_n    0x000000000002931c       0xd8 _build/nrf_log_frontend.o
 .text.nrf_log_frontend_std_0
                0x00000000000293f4        0x8 _build/nrf_log_frontend.o
                0x00000000000293f4                nrf_log_frontend_std_0
 .text.nrf_log_frontend_std_1
                0x00000000000293fc       0x14 _build/nrf_log_frontend.o
                0x00000000000293fc                nrf_log_frontend_std_1
 .text.nrf_log_frontend_std_2
                0x0000000000029410       0x14 _build/nrf_log_frontend.o
                0x0000000000029410                nrf_log_frontend_std_2
 .text.nrf_log_frontend_std_3
                0x0000000000029424       0x18 _build/nrf_log_frontend.o
                0x0000000000029424                nrf_log_frontend_std_3
 .text.nrf_log_frontend_std_4
                0x000000000002943c       0x1c _build/nrf_log_frontend.o
                0x000000000002943c                nrf_log_frontend_std_4
 .text.nrf_log_panic
                0x0000000000029458       0x2c _build/nrf_log_frontend.o
                0x0000000000029458                nrf_log_panic
 .text.memobj_op
                0x0000000000029484       0xa4 _build/nrf_memobj.o
 .text.nrf_memobj_free
                0x0000000000029528       0x2c _build/nrf_memobj.o
                0x0000000000029528                nrf_memobj_free
 .text.nrf_memobj_alloc
                0x0000000000029554       0x5e _build/nrf_memobj.o
                0x0000000000029554                nrf_memobj_alloc
 .text.nrf_memobj_get
                0x00000000000295b2        0x8 _build/nrf_memobj.o
                0x00000000000295b2                nrf_memobj_get
 .text.nrf_memobj_put
                0x00000000000295ba       0x1e _build/nrf_memobj.o
                0x00000000000295ba                nrf_memobj_put
 .text.nrf_memobj_write
                0x00000000000295d8       0x2c _build/nrf_memobj.o
                0x00000000000295d8                nrf_memobj_write
 .text.nrf_section_iter_init
                0x0000000000029604       0x30 _build/nrf_section_iter.o
                0x0000000000029604                nrf_section_iter_init
 .text.nrf_section_iter_next
                0x0000000000029634       0x38 _build/nrf_section_iter.o
                0x0000000000029634                nrf_section_iter_next
 .text.nrf_strerror_find
                0x000000000002966c       0x3c _build/nrf_strerror.o
                0x000000000002966c                nrf_strerror_find
 .text.nrf_strerror_get
                0x00000000000296a8       0x14 _build/nrf_strerror.o
                0x00000000000296a8                nrf_strerror_get
 .text.nrfx_clock_init
                0x00000000000296bc       0x2c _build/nrfx_clock.o
                0x00000000000296bc                nrfx_clock_init
 .text.nrfx_clock_enable
                0x00000000000296e8       0x3c _build/nrfx_clock.o
                0x00000000000296e8                nrfx_clock_enable
 .text.nrfx_clock_lfclk_stop
                0x0000000000029724       0x30 _build/nrfx_clock.o
                0x0000000000029724                nrfx_clock_lfclk_stop
 .text.POWER_CLOCK_IRQHandler
                0x0000000000029754       0x64 _build/nrfx_clock.o
                0x0000000000029754                POWER_CLOCK_IRQHandler
 .text.nrf_gpiote_event_clear
                0x00000000000297b8       0x18 _build/nrfx_gpiote.o
 .text.channel_free
                0x00000000000297d0       0x1c _build/nrfx_gpiote.o
 .text.nrf_gpio_pin_port_decode.isra.0.part.1
                0x00000000000297ec       0x10 _build/nrfx_gpiote.o
 .text.nrf_gpio_cfg_sense_set
                0x00000000000297fc       0x2e _build/nrfx_gpiote.o
 *fill*         0x000000000002982a        0x2 
 .text.nrfx_gpiote_init
                0x000000000002982c       0x6c _build/nrfx_gpiote.o
                0x000000000002982c                nrfx_gpiote_init
 .text.nrfx_gpiote_is_init
                0x0000000000029898       0x14 _build/nrfx_gpiote.o
                0x0000000000029898                nrfx_gpiote_is_init
 .text.nrfx_gpiote_out_init
                0x00000000000298ac      0x11c _build/nrfx_gpiote.o
                0x00000000000298ac                nrfx_gpiote_out_init
 .text.nrfx_gpiote_out_set
                0x00000000000299c8       0x5c _build/nrfx_gpiote.o
                0x00000000000299c8                nrfx_gpiote_out_set
 .text.nrfx_gpiote_out_clear
                0x0000000000029a24       0x5c _build/nrfx_gpiote.o
                0x0000000000029a24                nrfx_gpiote_out_clear
 .text.GPIOTE_IRQHandler
                0x0000000000029a80      0x18c _build/nrfx_gpiote.o
                0x0000000000029a80                GPIOTE_IRQHandler
 .text.UARTE0_UART0_IRQHandler
                0x0000000000029c0c       0x20 _build/nrfx_prs.o
                0x0000000000029c0c                UARTE0_UART0_IRQHandler
 .text.nrf_pwm_event_clear
                0x0000000000029c2c       0x10 _build/nrfx_pwm.o
 .text.irq_handler
                0x0000000000029c3c       0x80 _build/nrfx_pwm.o
 .text.PWM0_IRQHandler
                0x0000000000029cbc       0x10 _build/nrfx_pwm.o
                0x0000000000029cbc                PWM0_IRQHandler
 .text.PWM1_IRQHandler
                0x0000000000029ccc       0x10 _build/nrfx_pwm.o
                0x0000000000029ccc                PWM1_IRQHandler
 .text.PWM2_IRQHandler
                0x0000000000029cdc       0x10 _build/nrfx_pwm.o
                0x0000000000029cdc                PWM2_IRQHandler
 .text.nrf_saadc_event_clear
                0x0000000000029cec       0x18 _build/nrfx_saadc.o
 .text.SAADC_IRQHandler
                0x0000000000029d04      0x164 _build/nrfx_saadc.o
                0x0000000000029d04                SAADC_IRQHandler
 .text.nrf_gpio_pin_port_decode.isra.0.part.1
                0x0000000000029e68       0x10 _build/nrfx_spim.o
 .text.nrf_gpio_pin_clear
                0x0000000000029e78       0x1c _build/nrfx_spim.o
 .text.nrf_gpio_pin_set
                0x0000000000029e94       0x1c _build/nrfx_spim.o
 .text.SPIM1_SPIS1_TWIM1_TWIS1_SPI1_TWI1_IRQHandler
                0x0000000000029eb0       0x64 _build/nrfx_spim.o
                0x0000000000029eb0                SPIM1_SPIS1_TWIM1_TWIS1_SPI1_TWI1_IRQHandler
 .text.irq_handler.constprop.0
                0x0000000000029f14       0x4c _build/nrfx_timer.o
 .text.TIMER0_IRQHandler
                0x0000000000029f60       0x10 _build/nrfx_timer.o
                0x0000000000029f60                TIMER0_IRQHandler
 .text.TIMER1_IRQHandler
                0x0000000000029f70       0x10 _build/nrfx_timer.o
                0x0000000000029f70                TIMER1_IRQHandler
 .text.TIMER2_IRQHandler
                0x0000000000029f80       0x10 _build/nrfx_timer.o
                0x0000000000029f80                TIMER2_IRQHandler
 .text.nrf_twim_event_clear
                0x0000000000029f90       0x10 _build/nrfx_twim.o
 .text.SPIM0_SPIS0_TWIM0_TWIS0_SPI0_TWI0_IRQHandler
                0x0000000000029fa0      0x158 _build/nrfx_twim.o
                0x0000000000029fa0                SPIM0_SPIS0_TWIM0_TWIS0_SPI0_TWI0_IRQHandler
 .text.heartbeat
                0x000000000002a0f8        0x4 _build/simple_logger.o
 .text.logger_init
                0x000000000002a0fc      0x16c _build/simple_logger.o
 .text.error    0x000000000002a268       0x20 _build/simple_logger.o
 .text.simple_logger_init
                0x000000000002a288       0xb0 _build/simple_logger.o
                0x000000000002a288                simple_logger_init
 .text.simple_logger_log_header
                0x000000000002a338       0x60 _build/simple_logger.o
                0x000000000002a338                simple_logger_log_header
 .text.simple_logger_log
                0x000000000002a398       0x5c _build/simple_logger.o
                0x000000000002a398                simple_logger_log
 .text.ble_advdata_search
                0x000000000002a3f4       0x38 _build/ble_advdata.o
                0x000000000002a3f4                ble_advdata_search
 .text.ble_advdata_parse
                0x000000000002a42c       0x20 _build/ble_advdata.o
                0x000000000002a42c                ble_advdata_parse
 .text.sd_ble_gap_adv_set_configure
                0x000000000002a44c        0x4 _build/ble_advertising.o
 .text.sd_ble_gap_adv_start
                0x000000000002a450        0x4 _build/ble_advertising.o
 .text.flags_set
                0x000000000002a454       0x2c _build/ble_advertising.o
 .text.ble_advertising_start
                0x000000000002a480      0x21c _build/ble_advertising.o
                0x000000000002a480                ble_advertising_start
 .text.ble_advertising_on_ble_evt
                0x000000000002a69c       0x6a _build/ble_advertising.o
                0x000000000002a69c                ble_advertising_on_ble_evt
 .text.ble_advertising_on_sys_evt
                0x000000000002a706        0x2 _build/ble_advertising.o
                0x000000000002a706                ble_advertising_on_sys_evt
 .text.instance_get
                0x000000000002a708       0x14 _build/ble_conn_params.o
 .text.send_error_evt
                0x000000000002a71c       0x10 _build/ble_conn_params.o
 .text.conn_params_negotiation
                0x000000000002a72c       0x48 _build/ble_conn_params.o
 .text.is_conn_params_ok.constprop.3
                0x000000000002a774       0x3a _build/ble_conn_params.o
 *fill*         0x000000000002a7ae        0x2 
 .text.ble_evt_handler
                0x000000000002a7b0       0xe0 _build/ble_conn_params.o
 .text.ble_srv_is_notification_enabled
                0x000000000002a890        0x8 _build/ble_srv_common.o
                0x000000000002a890                ble_srv_is_notification_enabled
 .text.sd_ble_gap_data_length_update
                0x000000000002a898        0x4 _build/nrf_ble_gatt.o
 .text.sd_ble_gattc_exchange_mtu_request
                0x000000000002a89c        0x4 _build/nrf_ble_gatt.o
 .text.sd_ble_gatts_exchange_mtu_reply
                0x000000000002a8a0        0x4 _build/nrf_ble_gatt.o
 .text.data_length_update
                0x000000000002a8a4       0x7c _build/nrf_ble_gatt.o
 .text.nrf_ble_gatt_on_ble_evt
                0x000000000002a920      0x1b0 _build/nrf_ble_gatt.o
                0x000000000002a920                nrf_ble_gatt_on_ble_evt
 .text.sd_ble_gatts_rw_authorize_reply
                0x000000000002aad0        0x4 _build/nrf_ble_qwr.o
 .text.sd_ble_user_mem_reply
                0x000000000002aad4        0x4 _build/nrf_ble_qwr.o
 .text.user_mem_reply.part.0
                0x000000000002aad8       0x24 _build/nrf_ble_qwr.o
 .text.nrf_ble_qwr_conn_handle_assign
                0x000000000002aafc       0x16 _build/nrf_ble_qwr.o
                0x000000000002aafc                nrf_ble_qwr_conn_handle_assign
 .text.nrf_ble_qwr_on_ble_evt
                0x000000000002ab12       0xa0 _build/nrf_ble_qwr.o
                0x000000000002ab12                nrf_ble_qwr_on_ble_evt
 .text.sd_softdevice_enable
                0x000000000002abb2        0x4 _build/nrf_sdh.o
 *fill*         0x000000000002abb6        0x2 
 .text.sdh_request_observer_notify
                0x000000000002abb8       0x30 _build/nrf_sdh.o
 .text.sdh_state_observer_notify
                0x000000000002abe8       0x28 _build/nrf_sdh.o
 .text.softdevices_evt_irq_enable
                0x000000000002ac10       0x40 _build/nrf_sdh.o
 .text.nrf_sdh_enable_request
                0x000000000002ac50       0x78 _build/nrf_sdh.o
                0x000000000002ac50                nrf_sdh_enable_request
 .text.nrf_sdh_is_enabled
                0x000000000002acc8        0xc _build/nrf_sdh.o
                0x000000000002acc8                nrf_sdh_is_enabled
 .text.nrf_sdh_evts_poll
                0x000000000002acd4       0x28 _build/nrf_sdh.o
                0x000000000002acd4                nrf_sdh_evts_poll
 .text.SWI2_EGU2_IRQHandler
                0x000000000002acfc        0x4 _build/nrf_sdh.o
                0x000000000002acfc                SWI2_EGU2_IRQHandler
 .text.sd_ble_evt_get
                0x000000000002ad00        0x4 _build/nrf_sdh_ble.o
 .text.nrf_sdh_ble_evts_poll.part.0
                0x000000000002ad04       0x58 _build/nrf_sdh_ble.o
 .text.nrf_sdh_ble_evts_poll
                0x000000000002ad5c       0x10 _build/nrf_sdh_ble.o
 .text.sd_ble_gap_disconnect
                0x000000000002ad6c        0x4 _build/simple_ble.o
 .text.sd_ble_gap_sec_params_reply
                0x000000000002ad70        0x4 _build/simple_ble.o
 .text.sd_ble_gap_sec_info_reply
                0x000000000002ad74        0x4 _build/simple_ble.o
 .text.sd_ble_gap_scan_start
                0x000000000002ad78        0x4 _build/simple_ble.o
 .text.sd_ble_gap_phy_update
                0x000000000002ad7c        0x4 _build/simple_ble.o
 .text.sd_ble_gatts_sys_attr_set
                0x000000000002ad80        0x4 _build/simple_ble.o
 .text.sd_power_system_off
                0x000000000002ad84        0x4 _build/simple_ble.o
 .text.on_ble_evt
                0x000000000002ad88      0x1d0 _build/simple_ble.o
 .text.assert_nrf_callback
                0x000000000002af58       0x20 _build/simple_ble.o
                0x000000000002af58                assert_nrf_callback
 .text.errata_12
                0x000000000002af78       0x40 _build/system_nrf52.o
 .text.errata_16
                0x000000000002afb8       0x34 _build/system_nrf52.o
 .text.SystemInit
                0x000000000002afec      0x25c _build/system_nrf52.o
                0x000000000002afec                SystemInit
 .text          0x000000000002b248       0x3c _build/gcc_startup_nrf52.os
                0x000000000002b248                Reset_Handler
                0x000000000002b270                NMI_Handler
                0x000000000002b274                MemoryManagement_Handler
                0x000000000002b276                BusFault_Handler
                0x000000000002b278                UsageFault_Handler
                0x000000000002b27a                SVC_Handler
                0x000000000002b27c                DebugMon_Handler
                0x000000000002b27e                PendSV_Handler
                0x000000000002b280                SysTick_Handler
                0x000000000002b282                RTC0_IRQHandler
                0x000000000002b282                RADIO_IRQHandler
                0x000000000002b282                PDM_IRQHandler
                0x000000000002b282                TEMP_IRQHandler
                0x000000000002b282                QDEC_IRQHandler
                0x000000000002b282                TIMER3_IRQHandler
                0x000000000002b282                FPU_IRQHandler
                0x000000000002b282                TIMER4_IRQHandler
                0x000000000002b282                I2S_IRQHandler
                0x000000000002b282                SWI4_EGU4_IRQHandler
                0x000000000002b282                ECB_IRQHandler
                0x000000000002b282                Default_Handler
                0x000000000002b282                CCM_AAR_IRQHandler
                0x000000000002b282                WDT_IRQHandler
                0x000000000002b282                SWI5_EGU5_IRQHandler
                0x000000000002b282                RNG_IRQHandler
                0x000000000002b282                RTC2_IRQHandler
                0x000000000002b282                SWI3_EGU3_IRQHandler
                0x000000000002b282                SWI1_EGU1_IRQHandler
                0x000000000002b282                SPIM2_SPIS2_SPI2_IRQHandler
                0x000000000002b282                NFCT_IRQHandler
                0x000000000002b282                MWU_IRQHandler
                0x000000000002b282                COMP_LPCOMP_IRQHandler
 .text.exit     0x000000000002b284       0x20 /usr/bin/../lib/gcc/arm-none-eabi/7.3.1/../../../../arm-none-eabi/lib/thumb/v7e-m/fpv4-sp/hard/libc.a(lib_a-exit.o)
                0x000000000002b284                exit
 .text.__libc_init_array
                0x000000000002b2a4       0x48 /usr/bin/../lib/gcc/arm-none-eabi/7.3.1/../../../../arm-none-eabi/lib/thumb/v7e-m/fpv4-sp/hard/libc.a(lib_a-init.o)
                0x000000000002b2a4                __libc_init_array
 .text.__locale_mb_cur_max
                0x000000000002b2ec       0x1c /usr/bin/../lib/gcc/arm-none-eabi/7.3.1/../../../../arm-none-eabi/lib/thumb/v7e-m/fpv4-sp/hard/libc.a(lib_a-locale.o)
                0x000000000002b2ec                __locale_mb_cur_max
 .text.__ascii_mbtowc
                0x000000000002b308       0x2c /usr/bin/../lib/gcc/arm-none-eabi/7.3.1/../../../../arm-none-eabi/lib/thumb/v7e-m/fpv4-sp/hard/libc.a(lib_a-mbtowc_r.o)
                0x000000000002b308                __ascii_mbtowc
 .text          0x000000000002b334      0x134 /usr/bin/../lib/gcc/arm-none-eabi/7.3.1/../../../../arm-none-eabi/lib/thumb/v7e-m/fpv4-sp/hard/libc.a(lib_a-memcpy.o)
                0x000000000002b334                memcpy
 .text.memset   0x000000000002b468       0x94 /usr/bin/../lib/gcc/arm-none-eabi/7.3.1/../../../../arm-none-eabi/lib/thumb/v7e-m/fpv4-sp/hard/libc.a(lib_a-memset.o)
                0x000000000002b468                memset
 .text.printf   0x000000000002b4fc       0x28 /usr/bin/../lib/gcc/arm-none-eabi/7.3.1/../../../../arm-none-eabi/lib/thumb/v7e-m/fpv4-sp/hard/libc.a(lib_a-printf.o)
                0x000000000002b4fc                printf
 .text.setbuf   0x000000000002b524       0x10 /usr/bin/../lib/gcc/arm-none-eabi/7.3.1/../../../../arm-none-eabi/lib/thumb/v7e-m/fpv4-sp/hard/libc.a(lib_a-setbuf.o)
                0x000000000002b524                setbuf
 .text.setvbuf  0x000000000002b534      0x180 /usr/bin/../lib/gcc/arm-none-eabi/7.3.1/../../../../arm-none-eabi/lib/thumb/v7e-m/fpv4-sp/hard/libc.a(lib_a-setvbuf.o)
                0x000000000002b534                setvbuf
 .text.strcpy   0x000000000002b6b4       0xbc /usr/bin/../lib/gcc/arm-none-eabi/7.3.1/../../../../arm-none-eabi/lib/thumb/v7e-m/fpv4-sp/hard/libc.a(lib_a-strcpy.o)
                0x000000000002b6b4                strcpy
 *fill*         0x000000000002b770       0x10 
 .text          0x000000000002b780       0xdc /usr/bin/../lib/gcc/arm-none-eabi/7.3.1/../../../../arm-none-eabi/lib/thumb/v7e-m/fpv4-sp/hard/libc.a(lib_a-strlen.o)
                0x000000000002b780                strlen
 *fill*         0x000000000002b85c        0x4 
 .text._vfprintf_r
                0x000000000002b860     0x1a7c /usr/bin/../lib/gcc/arm-none-eabi/7.3.1/../../../../arm-none-eabi/lib/thumb/v7e-m/fpv4-sp/hard/libc.a(lib_a-vfprintf.o)
                0x000000000002b860                _vfprintf_r
 .text.__sbprintf
                0x000000000002d2dc       0x84 /usr/bin/../lib/gcc/arm-none-eabi/7.3.1/../../../../arm-none-eabi/lib/thumb/v7e-m/fpv4-sp/hard/libc.a(lib_a-vfprintf.o)
 .text._vsnprintf_r
                0x000000000002d360       0x70 /usr/bin/../lib/gcc/arm-none-eabi/7.3.1/../../../../arm-none-eabi/lib/thumb/v7e-m/fpv4-sp/hard/libc.a(lib_a-vsnprintf.o)
                0x000000000002d360                _vsnprintf_r
 .text.vsnprintf
                0x000000000002d3d0       0x20 /usr/bin/../lib/gcc/arm-none-eabi/7.3.1/../../../../arm-none-eabi/lib/thumb/v7e-m/fpv4-sp/hard/libc.a(lib_a-vsnprintf.o)
                0x000000000002d3d0                vsnprintf
 .text.__ascii_wctomb
                0x000000000002d3f0       0x1c /usr/bin/../lib/gcc/arm-none-eabi/7.3.1/../../../../arm-none-eabi/lib/thumb/v7e-m/fpv4-sp/hard/libc.a(lib_a-wctomb_r.o)
                0x000000000002d3f0                __ascii_wctomb
 .text.__swsetup_r
                0x000000000002d40c       0xcc /usr/bin/../lib/gcc/arm-none-eabi/7.3.1/../../../../arm-none-eabi/lib/thumb/v7e-m/fpv4-sp/hard/libc.a(lib_a-wsetup.o)
                0x000000000002d40c                __swsetup_r
 .text.startup.register_fini
                0x000000000002d4d8       0x14 /usr/bin/../lib/gcc/arm-none-eabi/7.3.1/../../../../arm-none-eabi/lib/thumb/v7e-m/fpv4-sp/hard/libc.a(lib_a-__call_atexit.o)
 .text.__call_exitprocs
                0x000000000002d4ec       0xe8 /usr/bin/../lib/gcc/arm-none-eabi/7.3.1/../../../../arm-none-eabi/lib/thumb/v7e-m/fpv4-sp/hard/libc.a(lib_a-__call_atexit.o)
                0x000000000002d4ec                __call_exitprocs
 .text.atexit   0x000000000002d5d4        0xc /usr/bin/../lib/gcc/arm-none-eabi/7.3.1/../../../../arm-none-eabi/lib/thumb/v7e-m/fpv4-sp/hard/libc.a(lib_a-atexit.o)
                0x000000000002d5d4                atexit
 .text.quorem   0x000000000002d5e0      0x124 /usr/bin/../lib/gcc/arm-none-eabi/7.3.1/../../../../arm-none-eabi/lib/thumb/v7e-m/fpv4-sp/hard/libc.a(lib_a-dtoa.o)
 *fill*         0x000000000002d704        0x4 
 .text._dtoa_r  0x000000000002d708      0xe20 /usr/bin/../lib/gcc/arm-none-eabi/7.3.1/../../../../arm-none-eabi/lib/thumb/v7e-m/fpv4-sp/hard/libc.a(lib_a-dtoa.o)
                0x000000000002d708                _dtoa_r
 .text.__sflush_r
                0x000000000002e528      0x154 /usr/bin/../lib/gcc/arm-none-eabi/7.3.1/../../../../arm-none-eabi/lib/thumb/v7e-m/fpv4-sp/hard/libc.a(lib_a-fflush.o)
                0x000000000002e528                __sflush_r
 .text._fflush_r
                0x000000000002e67c       0x5c /usr/bin/../lib/gcc/arm-none-eabi/7.3.1/../../../../arm-none-eabi/lib/thumb/v7e-m/fpv4-sp/hard/libc.a(lib_a-fflush.o)
                0x000000000002e67c                _fflush_r
 .text.std      0x000000000002e6d8       0x50 /usr/bin/../lib/gcc/arm-none-eabi/7.3.1/../../../../arm-none-eabi/lib/thumb/v7e-m/fpv4-sp/hard/libc.a(lib_a-findfp.o)
 .text._cleanup_r
                0x000000000002e728        0xc /usr/bin/../lib/gcc/arm-none-eabi/7.3.1/../../../../arm-none-eabi/lib/thumb/v7e-m/fpv4-sp/hard/libc.a(lib_a-findfp.o)
                0x000000000002e728                _cleanup_r
 .text.__sinit  0x000000000002e734       0x58 /usr/bin/../lib/gcc/arm-none-eabi/7.3.1/../../../../arm-none-eabi/lib/thumb/v7e-m/fpv4-sp/hard/libc.a(lib_a-findfp.o)
                0x000000000002e734                __sinit
 .text.__sfp_lock_acquire
                0x000000000002e78c        0xc /usr/bin/../lib/gcc/arm-none-eabi/7.3.1/../../../../arm-none-eabi/lib/thumb/v7e-m/fpv4-sp/hard/libc.a(lib_a-findfp.o)
                0x000000000002e78c                __sfp_lock_acquire
 .text.__sfp_lock_release
                0x000000000002e798        0xc /usr/bin/../lib/gcc/arm-none-eabi/7.3.1/../../../../arm-none-eabi/lib/thumb/v7e-m/fpv4-sp/hard/libc.a(lib_a-findfp.o)
                0x000000000002e798                __sfp_lock_release
 .text.__libc_fini_array
                0x000000000002e7a4       0x34 /usr/bin/../lib/gcc/arm-none-eabi/7.3.1/../../../../arm-none-eabi/lib/thumb/v7e-m/fpv4-sp/hard/libc.a(lib_a-fini.o)
                0x000000000002e7a4                __libc_fini_array
 .text._malloc_trim_r
                0x000000000002e7d8       0xa0 /usr/bin/../lib/gcc/arm-none-eabi/7.3.1/../../../../arm-none-eabi/lib/thumb/v7e-m/fpv4-sp/hard/libc.a(lib_a-freer.o)
                0x000000000002e7d8                _malloc_trim_r
 .text._free_r  0x000000000002e878      0x1e8 /usr/bin/../lib/gcc/arm-none-eabi/7.3.1/../../../../arm-none-eabi/lib/thumb/v7e-m/fpv4-sp/hard/libc.a(lib_a-freer.o)
                0x000000000002e878                _free_r
 .text._fwalk_reent
                0x000000000002ea60       0x54 /usr/bin/../lib/gcc/arm-none-eabi/7.3.1/../../../../arm-none-eabi/lib/thumb/v7e-m/fpv4-sp/hard/libc.a(lib_a-fwalk.o)
                0x000000000002ea60                _fwalk_reent
 .text._localeconv_r
                0x000000000002eab4       0x1c /usr/bin/../lib/gcc/arm-none-eabi/7.3.1/../../../../arm-none-eabi/lib/thumb/v7e-m/fpv4-sp/hard/libc.a(lib_a-localeconv.o)
                0x000000000002eab4                _localeconv_r
 .text.__retarget_lock_init_recursive
                0x000000000002ead0        0x4 /usr/bin/../lib/gcc/arm-none-eabi/7.3.1/../../../../arm-none-eabi/lib/thumb/v7e-m/fpv4-sp/hard/libc.a(lib_a-lock.o)
                0x000000000002ead0                __retarget_lock_init_recursive
 .text.__retarget_lock_close_recursive
                0x000000000002ead4        0x4 /usr/bin/../lib/gcc/arm-none-eabi/7.3.1/../../../../arm-none-eabi/lib/thumb/v7e-m/fpv4-sp/hard/libc.a(lib_a-lock.o)
                0x000000000002ead4                __retarget_lock_close_recursive
 .text.__retarget_lock_acquire_recursive
                0x000000000002ead8        0x4 /usr/bin/../lib/gcc/arm-none-eabi/7.3.1/../../../../arm-none-eabi/lib/thumb/v7e-m/fpv4-sp/hard/libc.a(lib_a-lock.o)
                0x000000000002ead8                __retarget_lock_acquire_recursive
 .text.__retarget_lock_release_recursive
                0x000000000002eadc        0x4 /usr/bin/../lib/gcc/arm-none-eabi/7.3.1/../../../../arm-none-eabi/lib/thumb/v7e-m/fpv4-sp/hard/libc.a(lib_a-lock.o)
                0x000000000002eadc                __retarget_lock_release_recursive
 .text.__swhatbuf_r
                0x000000000002eae0       0x5c /usr/bin/../lib/gcc/arm-none-eabi/7.3.1/../../../../arm-none-eabi/lib/thumb/v7e-m/fpv4-sp/hard/libc.a(lib_a-makebuf.o)
                0x000000000002eae0                __swhatbuf_r
 .text.__smakebuf_r
                0x000000000002eb3c       0x94 /usr/bin/../lib/gcc/arm-none-eabi/7.3.1/../../../../arm-none-eabi/lib/thumb/v7e-m/fpv4-sp/hard/libc.a(lib_a-makebuf.o)
                0x000000000002eb3c                __smakebuf_r
 .text.malloc   0x000000000002ebd0       0x10 /usr/bin/../lib/gcc/arm-none-eabi/7.3.1/../../../../arm-none-eabi/lib/thumb/v7e-m/fpv4-sp/hard/libc.a(lib_a-malloc.o)
                0x000000000002ebd0                malloc
 .text.free     0x000000000002ebe0       0x10 /usr/bin/../lib/gcc/arm-none-eabi/7.3.1/../../../../arm-none-eabi/lib/thumb/v7e-m/fpv4-sp/hard/libc.a(lib_a-malloc.o)
                0x000000000002ebe0                free
 .text._malloc_r
                0x000000000002ebf0      0x548 /usr/bin/../lib/gcc/arm-none-eabi/7.3.1/../../../../arm-none-eabi/lib/thumb/v7e-m/fpv4-sp/hard/libc.a(lib_a-mallocr.o)
                0x000000000002ebf0                _malloc_r
 *fill*         0x000000000002f138        0x8 
 .text          0x000000000002f140       0xa0 /usr/bin/../lib/gcc/arm-none-eabi/7.3.1/../../../../arm-none-eabi/lib/thumb/v7e-m/fpv4-sp/hard/libc.a(lib_a-memchr.o)
                0x000000000002f140                memchr
 .text.__malloc_lock
                0x000000000002f1e0        0xc /usr/bin/../lib/gcc/arm-none-eabi/7.3.1/../../../../arm-none-eabi/lib/thumb/v7e-m/fpv4-sp/hard/libc.a(lib_a-mlock.o)
                0x000000000002f1e0                __malloc_lock
 .text.__malloc_unlock
                0x000000000002f1ec        0xc /usr/bin/../lib/gcc/arm-none-eabi/7.3.1/../../../../arm-none-eabi/lib/thumb/v7e-m/fpv4-sp/hard/libc.a(lib_a-mlock.o)
                0x000000000002f1ec                __malloc_unlock
 .text._Balloc  0x000000000002f1f8       0x4c /usr/bin/../lib/gcc/arm-none-eabi/7.3.1/../../../../arm-none-eabi/lib/thumb/v7e-m/fpv4-sp/hard/libc.a(lib_a-mprec.o)
                0x000000000002f1f8                _Balloc
 .text._Bfree   0x000000000002f244       0x14 /usr/bin/../lib/gcc/arm-none-eabi/7.3.1/../../../../arm-none-eabi/lib/thumb/v7e-m/fpv4-sp/hard/libc.a(lib_a-mprec.o)
                0x000000000002f244                _Bfree
 .text.__multadd
                0x000000000002f258       0x80 /usr/bin/../lib/gcc/arm-none-eabi/7.3.1/../../../../arm-none-eabi/lib/thumb/v7e-m/fpv4-sp/hard/libc.a(lib_a-mprec.o)
                0x000000000002f258                __multadd
 .text.__hi0bits
                0x000000000002f2d8       0x40 /usr/bin/../lib/gcc/arm-none-eabi/7.3.1/../../../../arm-none-eabi/lib/thumb/v7e-m/fpv4-sp/hard/libc.a(lib_a-mprec.o)
                0x000000000002f2d8                __hi0bits
 .text.__lo0bits
                0x000000000002f318       0x60 /usr/bin/../lib/gcc/arm-none-eabi/7.3.1/../../../../arm-none-eabi/lib/thumb/v7e-m/fpv4-sp/hard/libc.a(lib_a-mprec.o)
                0x000000000002f318                __lo0bits
 .text.__i2b    0x000000000002f378       0x14 /usr/bin/../lib/gcc/arm-none-eabi/7.3.1/../../../../arm-none-eabi/lib/thumb/v7e-m/fpv4-sp/hard/libc.a(lib_a-mprec.o)
                0x000000000002f378                __i2b
 .text.__multiply
                0x000000000002f38c      0x14c /usr/bin/../lib/gcc/arm-none-eabi/7.3.1/../../../../arm-none-eabi/lib/thumb/v7e-m/fpv4-sp/hard/libc.a(lib_a-mprec.o)
                0x000000000002f38c                __multiply
 .text.__pow5mult
                0x000000000002f4d8       0xa0 /usr/bin/../lib/gcc/arm-none-eabi/7.3.1/../../../../arm-none-eabi/lib/thumb/v7e-m/fpv4-sp/hard/libc.a(lib_a-mprec.o)
                0x000000000002f4d8                __pow5mult
 .text.__lshift
                0x000000000002f578       0xac /usr/bin/../lib/gcc/arm-none-eabi/7.3.1/../../../../arm-none-eabi/lib/thumb/v7e-m/fpv4-sp/hard/libc.a(lib_a-mprec.o)
                0x000000000002f578                __lshift
 .text.__mcmp   0x000000000002f624       0x38 /usr/bin/../lib/gcc/arm-none-eabi/7.3.1/../../../../arm-none-eabi/lib/thumb/v7e-m/fpv4-sp/hard/libc.a(lib_a-mprec.o)
                0x000000000002f624                __mcmp
 .text.__mdiff  0x000000000002f65c       0xec /usr/bin/../lib/gcc/arm-none-eabi/7.3.1/../../../../arm-none-eabi/lib/thumb/v7e-m/fpv4-sp/hard/libc.a(lib_a-mprec.o)
                0x000000000002f65c                __mdiff
 .text.__d2b    0x000000000002f748       0xc4 /usr/bin/../lib/gcc/arm-none-eabi/7.3.1/../../../../arm-none-eabi/lib/thumb/v7e-m/fpv4-sp/hard/libc.a(lib_a-mprec.o)
                0x000000000002f748                __d2b
 .text.frexp    0x000000000002f80c       0x68 /usr/bin/../lib/gcc/arm-none-eabi/7.3.1/../../../../arm-none-eabi/lib/thumb/v7e-m/fpv4-sp/hard/libc.a(lib_a-s_frexp.o)
                0x000000000002f80c                frexp
 .text._sbrk_r  0x000000000002f874       0x24 /usr/bin/../lib/gcc/arm-none-eabi/7.3.1/../../../../arm-none-eabi/lib/thumb/v7e-m/fpv4-sp/hard/libc.a(lib_a-sbrkr.o)
                0x000000000002f874                _sbrk_r
 .text.__sread  0x000000000002f898       0x24 /usr/bin/../lib/gcc/arm-none-eabi/7.3.1/../../../../arm-none-eabi/lib/thumb/v7e-m/fpv4-sp/hard/libc.a(lib_a-stdio.o)
                0x000000000002f898                __sread
 .text.__swrite
                0x000000000002f8bc       0x3c /usr/bin/../lib/gcc/arm-none-eabi/7.3.1/../../../../arm-none-eabi/lib/thumb/v7e-m/fpv4-sp/hard/libc.a(lib_a-stdio.o)
                0x000000000002f8bc                __swrite
 .text.__sseek  0x000000000002f8f8       0x20 /usr/bin/../lib/gcc/arm-none-eabi/7.3.1/../../../../arm-none-eabi/lib/thumb/v7e-m/fpv4-sp/hard/libc.a(lib_a-stdio.o)
                0x000000000002f8f8                __sseek
 .text.__sclose
                0x000000000002f918        0x8 /usr/bin/../lib/gcc/arm-none-eabi/7.3.1/../../../../arm-none-eabi/lib/thumb/v7e-m/fpv4-sp/hard/libc.a(lib_a-stdio.o)
                0x000000000002f918                __sclose
 .text.strncpy  0x000000000002f920       0x64 /usr/bin/../lib/gcc/arm-none-eabi/7.3.1/../../../../arm-none-eabi/lib/thumb/v7e-m/fpv4-sp/hard/libc.a(lib_a-strncpy.o)
                0x000000000002f920                strncpy
 *fill*         0x000000000002f984        0x4 
 .text._svfprintf_r
                0x000000000002f988     0x19cc /usr/bin/../lib/gcc/arm-none-eabi/7.3.1/../../../../arm-none-eabi/lib/thumb/v7e-m/fpv4-sp/hard/libc.a(lib_a-svfprintf.o)
                0x000000000002f988                _svfprintf_r
 .text.__sprint_r.part.0
                0x0000000000031354       0x78 /usr/bin/../lib/gcc/arm-none-eabi/7.3.1/../../../../arm-none-eabi/lib/thumb/v7e-m/fpv4-sp/hard/libc.a(lib_a-vfiprintf.o)
 .text.__sprint_r
                0x00000000000313cc       0x14 /usr/bin/../lib/gcc/arm-none-eabi/7.3.1/../../../../arm-none-eabi/lib/thumb/v7e-m/fpv4-sp/hard/libc.a(lib_a-vfiprintf.o)
                0x00000000000313cc                __sprint_r
 .text.__register_exitproc
                0x00000000000313e0       0xc0 /usr/bin/../lib/gcc/arm-none-eabi/7.3.1/../../../../arm-none-eabi/lib/thumb/v7e-m/fpv4-sp/hard/libc.a(lib_a-__atexit.o)
                0x00000000000313e0                __register_exitproc
 .text._calloc_r
                0x00000000000314a0       0x68 /usr/bin/../lib/gcc/arm-none-eabi/7.3.1/../../../../arm-none-eabi/lib/thumb/v7e-m/fpv4-sp/hard/libc.a(lib_a-callocr.o)
                0x00000000000314a0                _calloc_r
 .text._close_r
                0x0000000000031508       0x24 /usr/bin/../lib/gcc/arm-none-eabi/7.3.1/../../../../arm-none-eabi/lib/thumb/v7e-m/fpv4-sp/hard/libc.a(lib_a-closer.o)
                0x0000000000031508                _close_r
 .text._fclose_r
                0x000000000003152c       0xd0 /usr/bin/../lib/gcc/arm-none-eabi/7.3.1/../../../../arm-none-eabi/lib/thumb/v7e-m/fpv4-sp/hard/libc.a(lib_a-fclose.o)
                0x000000000003152c                _fclose_r
 .text.__fputwc
                0x00000000000315fc       0xa0 /usr/bin/../lib/gcc/arm-none-eabi/7.3.1/../../../../arm-none-eabi/lib/thumb/v7e-m/fpv4-sp/hard/libc.a(lib_a-fputwc.o)
                0x00000000000315fc                __fputwc
 .text._fputwc_r
                0x000000000003169c       0x64 /usr/bin/../lib/gcc/arm-none-eabi/7.3.1/../../../../arm-none-eabi/lib/thumb/v7e-m/fpv4-sp/hard/libc.a(lib_a-fputwc.o)
                0x000000000003169c                _fputwc_r
 .text._fstat_r
                0x0000000000031700       0x28 /usr/bin/../lib/gcc/arm-none-eabi/7.3.1/../../../../arm-none-eabi/lib/thumb/v7e-m/fpv4-sp/hard/libc.a(lib_a-fstatr.o)
                0x0000000000031700                _fstat_r
 .text.__sfvwrite_r
                0x0000000000031728      0x2fc /usr/bin/../lib/gcc/arm-none-eabi/7.3.1/../../../../arm-none-eabi/lib/thumb/v7e-m/fpv4-sp/hard/libc.a(lib_a-fvwrite.o)
                0x0000000000031728                __sfvwrite_r
 .text._isatty_r
                0x0000000000031a24       0x24 /usr/bin/../lib/gcc/arm-none-eabi/7.3.1/../../../../arm-none-eabi/lib/thumb/v7e-m/fpv4-sp/hard/libc.a(lib_a-isattyr.o)
                0x0000000000031a24                _isatty_r
 .text._lseek_r
                0x0000000000031a48       0x2c /usr/bin/../lib/gcc/arm-none-eabi/7.3.1/../../../../arm-none-eabi/lib/thumb/v7e-m/fpv4-sp/hard/libc.a(lib_a-lseekr.o)
                0x0000000000031a48                _lseek_r
 .text.memmove  0x0000000000031a74       0xc8 /usr/bin/../lib/gcc/arm-none-eabi/7.3.1/../../../../arm-none-eabi/lib/thumb/v7e-m/fpv4-sp/hard/libc.a(lib_a-memmove.o)
                0x0000000000031a74                memmove
 .text._read_r  0x0000000000031b3c       0x2c /usr/bin/../lib/gcc/arm-none-eabi/7.3.1/../../../../arm-none-eabi/lib/thumb/v7e-m/fpv4-sp/hard/libc.a(lib_a-readr.o)
                0x0000000000031b3c                _read_r
 .text._realloc_r
                0x0000000000031b68      0x35c /usr/bin/../lib/gcc/arm-none-eabi/7.3.1/../../../../arm-none-eabi/lib/thumb/v7e-m/fpv4-sp/hard/libc.a(lib_a-reallocr.o)
                0x0000000000031b68                _realloc_r
 .text.__ssprint_r
                0x0000000000031ec4       0xf4 /usr/bin/../lib/gcc/arm-none-eabi/7.3.1/../../../../arm-none-eabi/lib/thumb/v7e-m/fpv4-sp/hard/libc.a(lib_a-svfiprintf.o)
                0x0000000000031ec4                __ssprint_r
 .text.__swbuf_r
                0x0000000000031fb8       0xb0 /usr/bin/../lib/gcc/arm-none-eabi/7.3.1/../../../../arm-none-eabi/lib/thumb/v7e-m/fpv4-sp/hard/libc.a(lib_a-wbuf.o)
                0x0000000000031fb8                __swbuf_r
 .text._wcrtomb_r
                0x0000000000032068       0x50 /usr/bin/../lib/gcc/arm-none-eabi/7.3.1/../../../../arm-none-eabi/lib/thumb/v7e-m/fpv4-sp/hard/libc.a(lib_a-wcrtomb.o)
                0x0000000000032068                _wcrtomb_r
 .text._close   0x00000000000320b8       0x10 /usr/bin/../lib/gcc/arm-none-eabi/7.3.1/../../../../arm-none-eabi/lib/thumb/v7e-m/fpv4-sp/hard/libnosys.a(close.o)
                0x00000000000320b8                _close
 .text._fstat   0x00000000000320c8       0x10 /usr/bin/../lib/gcc/arm-none-eabi/7.3.1/../../../../arm-none-eabi/lib/thumb/v7e-m/fpv4-sp/hard/libnosys.a(fstat.o)
                0x00000000000320c8                _fstat
 .text._isatty  0x00000000000320d8       0x10 /usr/bin/../lib/gcc/arm-none-eabi/7.3.1/../../../../arm-none-eabi/lib/thumb/v7e-m/fpv4-sp/hard/libnosys.a(isatty.o)
                0x00000000000320d8                _isatty
 .text._lseek   0x00000000000320e8       0x10 /usr/bin/../lib/gcc/arm-none-eabi/7.3.1/../../../../arm-none-eabi/lib/thumb/v7e-m/fpv4-sp/hard/libnosys.a(lseek.o)
                0x00000000000320e8                _lseek
 .text._read    0x00000000000320f8       0x10 /usr/bin/../lib/gcc/arm-none-eabi/7.3.1/../../../../arm-none-eabi/lib/thumb/v7e-m/fpv4-sp/hard/libnosys.a(read.o)
                0x00000000000320f8                _read
 .text._sbrk    0x0000000000032108       0x1c /usr/bin/../lib/gcc/arm-none-eabi/7.3.1/../../../../arm-none-eabi/lib/thumb/v7e-m/fpv4-sp/hard/libnosys.a(sbrk.o)
                0x0000000000032108                _sbrk
 .text._exit    0x0000000000032124        0x4 /usr/bin/../lib/gcc/arm-none-eabi/7.3.1/../../../../arm-none-eabi/lib/thumb/v7e-m/fpv4-sp/hard/libnosys.a(_exit.o)
                0x0000000000032124                _exit
 .text          0x0000000000032128      0x378 /usr/bin/../lib/gcc/arm-none-eabi/7.3.1/thumb/v7e-m/fpv4-sp/hard/libgcc.a(_arm_addsubdf3.o)
                0x0000000000032128                __aeabi_drsub
                0x0000000000032130                __aeabi_dsub
                0x0000000000032130                __subdf3
                0x0000000000032134                __adddf3
                0x0000000000032134                __aeabi_dadd
                0x00000000000323ac                __aeabi_ui2d
                0x00000000000323ac                __floatunsidf
                0x00000000000323cc                __floatsidf
                0x00000000000323cc                __aeabi_i2d
                0x00000000000323f0                __extendsfdf2
                0x00000000000323f0                __aeabi_f2d
                0x0000000000032434                __aeabi_ul2d
                0x0000000000032434                __floatundidf
                0x0000000000032444                __floatdidf
                0x0000000000032444                __aeabi_l2d
 .text          0x00000000000324a0      0x424 /usr/bin/../lib/gcc/arm-none-eabi/7.3.1/thumb/v7e-m/fpv4-sp/hard/libgcc.a(_arm_muldivdf3.o)
                0x00000000000324a0                __aeabi_dmul
                0x00000000000324a0                __muldf3
                0x00000000000326f4                __aeabi_ddiv
                0x00000000000326f4                __divdf3
 .text          0x00000000000328c4      0x110 /usr/bin/../lib/gcc/arm-none-eabi/7.3.1/thumb/v7e-m/fpv4-sp/hard/libgcc.a(_arm_cmpdf2.o)
                0x00000000000328c4                __gtdf2
                0x00000000000328c4                __gedf2
                0x00000000000328cc                __ltdf2
                0x00000000000328cc                __ledf2
                0x00000000000328d4                __cmpdf2
                0x00000000000328d4                __eqdf2
                0x00000000000328d4                __nedf2
                0x0000000000032950                __aeabi_cdrcmple
                0x0000000000032960                __aeabi_cdcmple
                0x0000000000032960                __aeabi_cdcmpeq
                0x0000000000032970                __aeabi_dcmpeq
                0x0000000000032984                __aeabi_dcmplt
                0x0000000000032998                __aeabi_dcmple
                0x00000000000329ac                __aeabi_dcmpge
                0x00000000000329c0                __aeabi_dcmpgt
 .text          0x00000000000329d4       0x2c /usr/bin/../lib/gcc/arm-none-eabi/7.3.1/thumb/v7e-m/fpv4-sp/hard/libgcc.a(_arm_unorddf2.o)
                0x00000000000329d4                __aeabi_dcmpun
                0x00000000000329d4                __unorddf2
 .text          0x0000000000032a00       0x50 /usr/bin/../lib/gcc/arm-none-eabi/7.3.1/thumb/v7e-m/fpv4-sp/hard/libgcc.a(_arm_fixdfsi.o)
                0x0000000000032a00                __fixdfsi
                0x0000000000032a00                __aeabi_d2iz
 .text          0x0000000000032a50       0x30 /usr/bin/../lib/gcc/arm-none-eabi/7.3.1/thumb/v7e-m/fpv4-sp/hard/libgcc.a(_aeabi_uldivmod.o)
                0x0000000000032a50                __aeabi_uldivmod
 .text          0x0000000000032a80      0x2cc /usr/bin/../lib/gcc/arm-none-eabi/7.3.1/thumb/v7e-m/fpv4-sp/hard/libgcc.a(_udivmoddi4.o)
                0x0000000000032a80                __udivmoddi4
 .text          0x0000000000032d4c        0x4 /usr/bin/../lib/gcc/arm-none-eabi/7.3.1/thumb/v7e-m/fpv4-sp/hard/libgcc.a(_dvmd_tls.o)
                0x0000000000032d4c                __aeabi_ldiv0
                0x0000000000032d4c                __aeabi_idiv0
 *(.init)
 .init          0x0000000000032d50        0x4 /usr/bin/../lib/gcc/arm-none-eabi/7.3.1/thumb/v7e-m/fpv4-sp/hard/crti.o
                0x0000000000032d50                _init
 .init          0x0000000000032d54        0x8 /usr/bin/../lib/gcc/arm-none-eabi/7.3.1/thumb/v7e-m/fpv4-sp/hard/crtn.o
 *(.fini)
 .fini          0x0000000000032d5c        0x4 /usr/bin/../lib/gcc/arm-none-eabi/7.3.1/thumb/v7e-m/fpv4-sp/hard/crti.o
                0x0000000000032d5c                _fini
 .fini          0x0000000000032d60        0x8 /usr/bin/../lib/gcc/arm-none-eabi/7.3.1/thumb/v7e-m/fpv4-sp/hard/crtn.o
 *crtbegin.o(.ctors)
 *crtbegin?.o(.ctors)
 *(EXCLUDE_FILE(*crtend.o *crtend?.o) .ctors)
 *(SORT_BY_NAME(.ctors.*))
 *(.ctors)
 *crtbegin.o(.dtors)
 *crtbegin?.o(.dtors)
 *(EXCLUDE_FILE(*crtend.o *crtend?.o) .dtors)
 *(SORT_BY_NAME(.dtors.*))
 *(.dtors)
 *(.rodata*)
 .rodata.main.str1.1
                0x0000000000032d68       0xbb _build/main.o
 .rodata.app_error_fault_handler.str1.1
                0x0000000000032e23       0xb7 _build/better_error_handling.o
 *fill*         0x0000000000032eda        0x6 
 .rodata.delay_machine_code.8629
                0x0000000000032ee0        0x6 _build/better_error_handling.o
 .rodata._DoInit.str1.1
                0x0000000000032ee6       0x14 _build/SEGGER_RTT.o
 *fill*         0x0000000000032efa        0x6 
 .rodata.delay_machine_code.9273
                0x0000000000032f00        0x6 _build/app_timer.o
 .rodata.app_util_critical_region_enter.str1.1
                0x0000000000032f06       0x55 _build/app_util_platform.o
 .rodata.ExCvt  0x0000000000032f5b       0x80 _build/ff.o
 .rodata.check_fs.str1.1
                0x0000000000032fdb        0xa _build/ff.o
 *fill*         0x0000000000032fe5        0x1 
 .rodata.cst.5722
                0x0000000000032fe6        0xe _build/ff.o
 .rodata.cst32.5723
                0x0000000000032ff4        0xe _build/ff.o
 .rodata.f_mkfs.str1.1
                0x0000000000033002       0x34 _build/ff.o
 .rodata.follow_path.str1.1
                0x0000000000033036        0xf _build/ff.o
 .rodata.HardFault_c_handler.str1.1
                0x0000000000033045      0x12e _build/hardfault_implementation.o
 *fill*         0x0000000000033173        0x1 
 .rodata.cfsr_msgs.9468
                0x0000000000033174       0x68 _build/hardfault_implementation.o
 .rodata.str1.1
                0x00000000000331dc      0x4c0 _build/hardfault_implementation.o
 *fill*         0x000000000003369c        0x4 
 .rodata.delay_machine_code.8617
                0x00000000000336a0        0x6 _build/mmc_nrf.o
 .rodata.nrf_balloc_init.str1.1
                0x00000000000336a6       0x50 _build/nrf_balloc.o
 .rodata.nrf_drv_clock_uninit.str1.1
                0x00000000000336f6       0x4f _build/nrf_drv_clock.o
 .rodata.str1.1
                0x0000000000033745        0x6 _build/nrf_drv_clock.o
 .rodata.str1.1
                0x000000000003374b        0xd _build/nrf_fstorage.o
 .rodata.buf_prealloc.str1.1
                0x0000000000033758       0x57 _build/nrf_log_frontend.o
 .rodata.nrf_log_frontend_dequeue.str1.1
                0x00000000000337af       0x11 _build/nrf_log_frontend.o
 .rodata.str1.1
                0x00000000000337c0        0x4 _build/nrf_log_frontend.o
 .rodata.memobj_op.str1.1
                0x00000000000337c4       0x50 _build/nrf_memobj.o
 .rodata.str1.1
                0x0000000000033814        0x9 _build/nrf_pwr_mgmt.o
 .rodata.nrf_section_iter_init.str1.1
                0x000000000003381d       0x69 _build/nrf_section_iter.o
 .rodata.m_unknown_str
                0x0000000000033886       0x13 _build/nrf_strerror.o
 *fill*         0x0000000000033899        0x3 
 .rodata.nrf_strerror_array
                0x000000000003389c      0x128 _build/nrf_strerror.o
 .rodata.str1.1
                0x00000000000339c4      0x3ba _build/nrf_strerror.o
 .rodata.nrfx_clock_init.str1.1
                0x0000000000033d7e       0x4d _build/nrfx_clock.o
 .rodata.str1.1
                0x0000000000033dcb        0x6 _build/nrfx_clock.o
 .rodata.nrf_gpio_pin_port_decode.isra.0.part.1.str1.1
                0x0000000000033dd1       0x43 _build/nrfx_gpiote.o
 .rodata.nrfx_gpiote_out_init.str1.1
                0x0000000000033e14       0x4e _build/nrfx_gpiote.o
 .rodata.str1.1
                0x0000000000033e62        0x7 _build/nrfx_gpiote.o
 .rodata.str1.1
                0x0000000000033e69        0x4 _build/nrfx_ppi.o
 .rodata.UARTE0_UART0_IRQHandler.str1.1
                0x0000000000033e6d       0x4f _build/nrfx_prs.o
 .rodata.str1.1
                0x0000000000033ebc        0x4 _build/nrfx_prs.o
 .rodata.str1.1
                0x0000000000033ec0        0x4 _build/nrfx_pwm.o
 .rodata.str1.1
                0x0000000000033ec4        0x6 _build/nrfx_saadc.o
 .rodata.SPIM1_SPIS1_TWIM1_TWIS1_SPI1_TWI1_IRQHandler.str1.1
                0x0000000000033eca       0x4c _build/nrfx_spim.o
 .rodata.nrf_gpio_pin_port_decode.isra.0.part.1.str1.1
                0x0000000000033f16       0x43 _build/nrfx_spim.o
 .rodata.str1.1
                0x0000000000033f16        0x5 _build/nrfx_spim.o
 .rodata.str1.1
                0x0000000000033f1b        0x6 _build/nrfx_timer.o
 .rodata.SPIM0_SPIS0_TWIM0_TWIS0_SPI0_TWI0_IRQHandler.str1.1
                0x0000000000033f21       0x4c _build/nrfx_twim.o
 .rodata.str1.1
                0x0000000000033f6d        0x5 _build/nrfx_twim.o
 .rodata.str1.1
                0x0000000000033f72        0x5 _build/nrfx_uart.o
 .rodata.str1.1
                0x0000000000033f77        0x6 _build/nrfx_uarte.o
 *fill*         0x0000000000033f7d        0x3 
 .rodata.clock_timer
                0x0000000000033f80        0x4 _build/simple_logger.o
 .rodata.logger_init.str1.1
                0x0000000000033f84       0x52 _build/simple_logger.o
                                         0x53 (size before relaxing)
 .rodata.simple_logger_init.str1.1
                0x0000000000033fd6       0x35 _build/simple_logger.o
 .rodata.data_length_update.str1.1
                0x000000000003400b       0xdf _build/nrf_ble_gatt.o
 .rodata.nrf_ble_gatt_on_ble_evt.str1.1
                0x00000000000340ea       0x60 _build/nrf_ble_gatt.o
 .rodata.str1.1
                0x000000000003414a        0xd _build/nrf_ble_gatt.o
 .rodata        0x0000000000034157        0x4 _build/nrf_sdh.o
 *fill*         0x000000000003415b        0x1 
 .rodata.sdh_req_observers
                0x000000000003415c        0xc _build/nrf_sdh.o
 .rodata.sdh_stack_observers
                0x0000000000034168        0xc _build/nrf_sdh.o
 .rodata.sdh_state_observers
                0x0000000000034174        0xc _build/nrf_sdh.o
 .rodata.softdevices_evt_irq_enable.str1.1
                0x0000000000034180       0x4e _build/nrf_sdh.o
 .rodata.str1.1
                0x00000000000341ce        0x8 _build/nrf_sdh.o
 .rodata.nrf_sdh_ble_evts_poll.part.0.str1.1
                0x00000000000341d6       0x52 _build/nrf_sdh_ble.o
 .rodata.sdh_ble_observers
                0x0000000000034228        0xc _build/nrf_sdh_ble.o
 .rodata.str1.1
                0x0000000000034234        0xc _build/nrf_sdh_ble.o
 .rodata.assert_nrf_callback.str1.1
                0x0000000000034240       0x25 _build/simple_ble.o
 .rodata.on_ble_evt.str1.1
                0x0000000000034265       0x51 _build/simple_ble.o
 *fill*         0x00000000000342b6        0x2 
 .rodata._global_impure_ptr
                0x00000000000342b8        0x4 /usr/bin/../lib/gcc/arm-none-eabi/7.3.1/../../../../arm-none-eabi/lib/thumb/v7e-m/fpv4-sp/hard/libc.a(lib_a-impure.o)
                0x00000000000342b8                _global_impure_ptr
 .rodata._setlocale_r.str1.4
                0x00000000000342bc        0xa /usr/bin/../lib/gcc/arm-none-eabi/7.3.1/../../../../arm-none-eabi/lib/thumb/v7e-m/fpv4-sp/hard/libc.a(lib_a-locale.o)
                                          0xd (size before relaxing)
 *fill*         0x00000000000342c6        0x2 
 .rodata.str1.4
                0x00000000000342c8        0x2 /usr/bin/../lib/gcc/arm-none-eabi/7.3.1/../../../../arm-none-eabi/lib/thumb/v7e-m/fpv4-sp/hard/libc.a(lib_a-locale.o)
 *fill*         0x00000000000342ca        0x2 
 .rodata._vfprintf_r.str1.4
                0x00000000000342cc       0x42 /usr/bin/../lib/gcc/arm-none-eabi/7.3.1/../../../../arm-none-eabi/lib/thumb/v7e-m/fpv4-sp/hard/libc.a(lib_a-vfprintf.o)
 *fill*         0x000000000003430e        0x2 
 .rodata.blanks.8605
                0x0000000000034310       0x10 /usr/bin/../lib/gcc/arm-none-eabi/7.3.1/../../../../arm-none-eabi/lib/thumb/v7e-m/fpv4-sp/hard/libc.a(lib_a-vfprintf.o)
 .rodata.zeroes.8606
                0x0000000000034320       0x10 /usr/bin/../lib/gcc/arm-none-eabi/7.3.1/../../../../arm-none-eabi/lib/thumb/v7e-m/fpv4-sp/hard/libc.a(lib_a-vfprintf.o)
 .rodata._ctype_
                0x0000000000034330      0x101 /usr/bin/../lib/gcc/arm-none-eabi/7.3.1/../../../../arm-none-eabi/lib/thumb/v7e-m/fpv4-sp/hard/libc.a(lib_a-ctype_.o)
                0x0000000000034330                _ctype_
 *fill*         0x0000000000034431        0x3 
 .rodata._dtoa_r.str1.4
                0x0000000000034434       0x10 /usr/bin/../lib/gcc/arm-none-eabi/7.3.1/../../../../arm-none-eabi/lib/thumb/v7e-m/fpv4-sp/hard/libc.a(lib_a-dtoa.o)
                                         0x12 (size before relaxing)
 *fill*         0x0000000000034444        0x4 
 .rodata.__mprec_bigtens
                0x0000000000034448       0x28 /usr/bin/../lib/gcc/arm-none-eabi/7.3.1/../../../../arm-none-eabi/lib/thumb/v7e-m/fpv4-sp/hard/libc.a(lib_a-mprec.o)
                0x0000000000034448                __mprec_bigtens
 .rodata.__mprec_tens
                0x0000000000034470       0xc8 /usr/bin/../lib/gcc/arm-none-eabi/7.3.1/../../../../arm-none-eabi/lib/thumb/v7e-m/fpv4-sp/hard/libc.a(lib_a-mprec.o)
                0x0000000000034470                __mprec_tens
 .rodata.p05.7367
                0x0000000000034538        0xc /usr/bin/../lib/gcc/arm-none-eabi/7.3.1/../../../../arm-none-eabi/lib/thumb/v7e-m/fpv4-sp/hard/libc.a(lib_a-mprec.o)
 .rodata._svfprintf_r.str1.4
                0x0000000000034544       0x42 /usr/bin/../lib/gcc/arm-none-eabi/7.3.1/../../../../arm-none-eabi/lib/thumb/v7e-m/fpv4-sp/hard/libc.a(lib_a-svfprintf.o)
 .rodata.blanks.8590
                0x0000000000034544       0x10 /usr/bin/../lib/gcc/arm-none-eabi/7.3.1/../../../../arm-none-eabi/lib/thumb/v7e-m/fpv4-sp/hard/libc.a(lib_a-svfprintf.o)
 .rodata.zeroes.8591
                0x0000000000034554       0x10 /usr/bin/../lib/gcc/arm-none-eabi/7.3.1/../../../../arm-none-eabi/lib/thumb/v7e-m/fpv4-sp/hard/libc.a(lib_a-svfprintf.o)
 *(.eh_frame*)
 .eh_frame      0x0000000000034564        0x0 /usr/bin/../lib/gcc/arm-none-eabi/7.3.1/thumb/v7e-m/fpv4-sp/hard/crtbegin.o
 .eh_frame      0x0000000000034564        0x4 /usr/bin/../lib/gcc/arm-none-eabi/7.3.1/thumb/v7e-m/fpv4-sp/hard/crtend.o

.glue_7         0x0000000000034568        0x0
 .glue_7        0x0000000000034568        0x0 linker stubs

.glue_7t        0x0000000000034568        0x0
 .glue_7t       0x0000000000034568        0x0 linker stubs

.vfp11_veneer   0x0000000000034568        0x0
 .vfp11_veneer  0x0000000000034568        0x0 linker stubs

.v4_bx          0x0000000000034568        0x0
 .v4_bx         0x0000000000034568        0x0 linker stubs

.iplt           0x0000000000034568        0x0
 .iplt          0x0000000000034568        0x0 /usr/bin/../lib/gcc/arm-none-eabi/7.3.1/thumb/v7e-m/fpv4-sp/hard/crtbegin.o

.mem_section_dummy_rom

.sdh_soc_observers
                0x0000000000034568       0x10
                [!provide]                        PROVIDE (__start_sdh_soc_observers = .)
 *(SORT_BY_NAME(.sdh_soc_observers*))
 .sdh_soc_observers0
                0x0000000000034568        0x8 _build/nrf_drv_clock.o
 .sdh_soc_observers1
                0x0000000000034570        0x8 _build/simple_ble.o
                [!provide]                        PROVIDE (__stop_sdh_soc_observers = .)

.crypto_data    0x0000000000034578        0x0
                [!provide]                        PROVIDE (__start_crypto_data = .)
 *(SORT_BY_NAME(.crypto_data*))
                [!provide]                        PROVIDE (__stop_crypto_data = .)

.log_const_data
                0x0000000000034578       0x98
                0x0000000000034578                PROVIDE (__start_log_const_data = .)
 *(SORT_BY_NAME(.log_const_data*))
 .log_const_data_CLOCK
                0x0000000000034578        0x8 _build/nrfx_clock.o
                0x0000000000034578                m_nrf_log_CLOCK_logs_data_const
 .log_const_data_GPIOTE
                0x0000000000034580        0x8 _build/nrfx_gpiote.o
                0x0000000000034580                m_nrf_log_GPIOTE_logs_data_const
 .log_const_data_PPI
                0x0000000000034588        0x8 _build/nrfx_ppi.o
                0x0000000000034588                m_nrf_log_PPI_logs_data_const
 .log_const_data_PRS
                0x0000000000034590        0x8 _build/nrfx_prs.o
                0x0000000000034590                m_nrf_log_PRS_logs_data_const
 .log_const_data_PWM
                0x0000000000034598        0x8 _build/nrfx_pwm.o
                0x0000000000034598                m_nrf_log_PWM_logs_data_const
 .log_const_data_SAADC
                0x00000000000345a0        0x8 _build/nrfx_saadc.o
                0x00000000000345a0                m_nrf_log_SAADC_logs_data_const
 .log_const_data_SPIM
                0x00000000000345a8        0x8 _build/nrfx_spim.o
                0x00000000000345a8                m_nrf_log_SPIM_logs_data_const
 .log_const_data_TIMER
                0x00000000000345b0        0x8 _build/nrfx_timer.o
                0x00000000000345b0                m_nrf_log_TIMER_logs_data_const
 .log_const_data_TWIM
                0x00000000000345b8        0x8 _build/nrfx_twim.o
                0x00000000000345b8                m_nrf_log_TWIM_logs_data_const
 .log_const_data_UART
                0x00000000000345c0        0x8 _build/nrfx_uart.o
                0x00000000000345c0                m_nrf_log_UART_logs_data_const
 .log_const_data_UARTE
                0x00000000000345c8        0x8 _build/nrfx_uarte.o
                0x00000000000345c8                m_nrf_log_UARTE_logs_data_const
 .log_const_data_app
                0x00000000000345d0        0x8 _build/nrf_log_frontend.o
                0x00000000000345d0                m_nrf_log_app_logs_data_const
 .log_const_data_clock
                0x00000000000345d8        0x8 _build/nrf_drv_clock.o
                0x00000000000345d8                m_nrf_log_clock_logs_data_const
 .log_const_data_hardfault
                0x00000000000345e0        0x8 _build/hardfault_implementation.o
                0x00000000000345e0                m_nrf_log_hardfault_logs_data_const
 .log_const_data_nrf_ble_gatt
                0x00000000000345e8        0x8 _build/nrf_ble_gatt.o
                0x00000000000345e8                m_nrf_log_nrf_ble_gatt_logs_data_const
 .log_const_data_nrf_fstorage
                0x00000000000345f0        0x8 _build/nrf_fstorage.o
                0x00000000000345f0                m_nrf_log_nrf_fstorage_logs_data_const
 .log_const_data_nrf_sdh
                0x00000000000345f8        0x8 _build/nrf_sdh.o
                0x00000000000345f8                m_nrf_log_nrf_sdh_logs_data_const
 .log_const_data_nrf_sdh_ble
                0x0000000000034600        0x8 _build/nrf_sdh_ble.o
                0x0000000000034600                m_nrf_log_nrf_sdh_ble_logs_data_const
 .log_const_data_pwr_mgmt
                0x0000000000034608        0x8 _build/nrf_pwr_mgmt.o
                0x0000000000034608                m_nrf_log_pwr_mgmt_logs_data_const
                0x0000000000034610                PROVIDE (__stop_log_const_data = .)

.nrf_balloc     0x0000000000034610       0x14
                [!provide]                        PROVIDE (__start_nrf_balloc = .)
 *(.nrf_balloc)
 .nrf_balloc    0x0000000000034610       0x14 _build/nrf_log_frontend.o
                0x0000000000034610                log_mempool
                [!provide]                        PROVIDE (__stop_nrf_balloc = .)

.nrf_queue      0x0000000000034624        0x0
                [!provide]                        PROVIDE (__start_nrf_queue = .)
 *(.nrf_queue)
                [!provide]                        PROVIDE (__stop_nrf_queue = .)

.sdh_state_observers
                0x0000000000034624        0x8
                0x0000000000034624                PROVIDE (__start_sdh_state_observers = .)
 *(SORT_BY_NAME(.sdh_state_observers*))
 .sdh_state_observers0
                0x0000000000034624        0x8 _build/nrf_drv_clock.o
                0x000000000003462c                PROVIDE (__stop_sdh_state_observers = .)

.sdh_stack_observers
                0x000000000003462c        0x8
                0x000000000003462c                PROVIDE (__start_sdh_stack_observers = .)
 *(SORT_BY_NAME(.sdh_stack_observers*))
 .sdh_stack_observers0
                0x000000000003462c        0x8 _build/nrf_sdh_ble.o
                0x0000000000034634                PROVIDE (__stop_sdh_stack_observers = .)

.sdh_req_observers
                0x0000000000034634        0x0
                0x0000000000034634                PROVIDE (__start_sdh_req_observers = .)
 *(SORT_BY_NAME(.sdh_req_observers*))
                0x0000000000034634                PROVIDE (__stop_sdh_req_observers = .)

.cli_command    0x0000000000034634        0x0
                [!provide]                        PROVIDE (__start_cli_command = .)
 *(.cli_command)
                [!provide]                        PROVIDE (__stop_cli_command = .)

.pwr_mgmt_data  0x0000000000034634        0x0
                0x0000000000034634                PROVIDE (__start_pwr_mgmt_data = .)
 *(SORT_BY_NAME(.pwr_mgmt_data*))
                0x0000000000034634                PROVIDE (__stop_pwr_mgmt_data = .)

.sdh_ble_observers
                0x0000000000034634       0x28
                0x0000000000034634                PROVIDE (__start_sdh_ble_observers = .)
 *(SORT_BY_NAME(.sdh_ble_observers*))
 .sdh_ble_observers1
                0x0000000000034634        0x8 _build/ble_conn_params.o
 .sdh_ble_observers1
                0x000000000003463c       0x10 _build/simple_ble.o
 .sdh_ble_observers2
                0x000000000003464c        0x8 _build/simple_ble.o
 .sdh_ble_observers3
                0x0000000000034654        0x8 _build/simple_ble.o
                0x000000000003465c                PROVIDE (__stop_sdh_ble_observers = .)

.dfu_trans      0x000000000003465c        0x0
                [!provide]                        PROVIDE (__start_dfu_trans = .)
 *(SORT_BY_NAME(.dfu_trans*))
                [!provide]                        PROVIDE (__stop_dfu_trans = .)

.ARM.extab
 *(.ARM.extab* .gnu.linkonce.armextab.*)
                0x000000000003465c                __exidx_start = .

.ARM.exidx      0x000000000003465c        0x8
 *(.ARM.exidx* .gnu.linkonce.armexidx.*)
 .ARM.exidx     0x000000000003465c        0x8 /usr/bin/../lib/gcc/arm-none-eabi/7.3.1/../../../../arm-none-eabi/lib/thumb/v7e-m/fpv4-sp/hard/crt0.o
 .ARM.exidx     0x0000000000034664        0x0 /usr/bin/../lib/gcc/arm-none-eabi/7.3.1/thumb/v7e-m/fpv4-sp/hard/libgcc.a(_udivmoddi4.o)
                                          0x8 (size before relaxing)
                0x0000000000034664                __exidx_end = .
                0x0000000000034664                __etext = .

.rel.dyn        0x0000000000034664        0x0
 .rel.iplt      0x0000000000034664        0x0 /usr/bin/../lib/gcc/arm-none-eabi/7.3.1/thumb/v7e-m/fpv4-sp/hard/crtbegin.o

.data           0x00000000200098a8      0x9d0 load address 0x0000000000034664
                0x00000000200098a8                __data_start__ = .
 *(vtable)
 *(.data*)
 .data.Stat     0x00000000200098a8        0x1 _build/mmc_nrf.o
 *fill*         0x00000000200098a9        0x3 
 .data.m_scan_buffer
                0x00000000200098ac        0x8 _build/simple_ble.o
 .data.SystemCoreClock
                0x00000000200098b4        0x4 _build/system_nrf52.o
                0x00000000200098b4                SystemCoreClock
 .data._impure_ptr
                0x00000000200098b8        0x4 /usr/bin/../lib/gcc/arm-none-eabi/7.3.1/../../../../arm-none-eabi/lib/thumb/v7e-m/fpv4-sp/hard/libc.a(lib_a-impure.o)
                0x00000000200098b8                _impure_ptr
 *fill*         0x00000000200098bc        0x4 
 .data.impure_data
                0x00000000200098c0      0x428 /usr/bin/../lib/gcc/arm-none-eabi/7.3.1/../../../../arm-none-eabi/lib/thumb/v7e-m/fpv4-sp/hard/libc.a(lib_a-impure.o)
 .data.__global_locale
                0x0000000020009ce8      0x16c /usr/bin/../lib/gcc/arm-none-eabi/7.3.1/../../../../arm-none-eabi/lib/thumb/v7e-m/fpv4-sp/hard/libc.a(lib_a-locale.o)
                0x0000000020009ce8                __global_locale
 .data.__atexit_recursive_mutex
                0x0000000020009e54        0x4 /usr/bin/../lib/gcc/arm-none-eabi/7.3.1/../../../../arm-none-eabi/lib/thumb/v7e-m/fpv4-sp/hard/libc.a(lib_a-__call_atexit.o)
                0x0000000020009e54                __atexit_recursive_mutex
 .data.__malloc_av_
                0x0000000020009e58      0x408 /usr/bin/../lib/gcc/arm-none-eabi/7.3.1/../../../../arm-none-eabi/lib/thumb/v7e-m/fpv4-sp/hard/libc.a(lib_a-mallocr.o)
                0x0000000020009e58                __malloc_av_
 .data.__malloc_sbrk_base
                0x000000002000a260        0x4 /usr/bin/../lib/gcc/arm-none-eabi/7.3.1/../../../../arm-none-eabi/lib/thumb/v7e-m/fpv4-sp/hard/libc.a(lib_a-mallocr.o)
                0x000000002000a260                __malloc_sbrk_base
 .data.__malloc_trim_threshold
                0x000000002000a264        0x4 /usr/bin/../lib/gcc/arm-none-eabi/7.3.1/../../../../arm-none-eabi/lib/thumb/v7e-m/fpv4-sp/hard/libc.a(lib_a-mallocr.o)
                0x000000002000a264                __malloc_trim_threshold
                0x000000002000a268                . = ALIGN (0x4)
                0x000000002000a268                PROVIDE (__preinit_array_start = .)
 *(.preinit_array)
                0x000000002000a268                PROVIDE (__preinit_array_end = .)
                0x000000002000a268                . = ALIGN (0x4)
                0x000000002000a268                PROVIDE (__init_array_start = .)
 *(SORT_BY_NAME(.init_array.*))
 .init_array.00000
                0x000000002000a268        0x4 /usr/bin/../lib/gcc/arm-none-eabi/7.3.1/../../../../arm-none-eabi/lib/thumb/v7e-m/fpv4-sp/hard/libc.a(lib_a-__call_atexit.o)
 *(.init_array)
 .init_array    0x000000002000a26c        0x4 /usr/bin/../lib/gcc/arm-none-eabi/7.3.1/thumb/v7e-m/fpv4-sp/hard/crtbegin.o
 .init_array    0x000000002000a270        0x4 _build/before_startup.o
                0x000000002000a274                PROVIDE (__init_array_end = .)
                0x000000002000a274                . = ALIGN (0x4)
                0x000000002000a274                PROVIDE (__fini_array_start = .)
 *(SORT_BY_NAME(.fini_array.*))
 *(.fini_array)
 .fini_array    0x000000002000a274        0x4 /usr/bin/../lib/gcc/arm-none-eabi/7.3.1/thumb/v7e-m/fpv4-sp/hard/crtbegin.o
                0x000000002000a278                PROVIDE (__fini_array_end = .)
 *(.jcr*)
                0x000000002000a278                . = ALIGN (0x4)
                0x000000002000a278                __data_end__ = .
LOAD /usr/bin/../lib/gcc/arm-none-eabi/7.3.1/thumb/v7e-m/fpv4-sp/hard/crti.o
LOAD /usr/bin/../lib/gcc/arm-none-eabi/7.3.1/thumb/v7e-m/fpv4-sp/hard/crtbegin.o
LOAD /usr/bin/../lib/gcc/arm-none-eabi/7.3.1/../../../../arm-none-eabi/lib/thumb/v7e-m/fpv4-sp/hard/crt0.o
START GROUP
LOAD _build/main.o
LOAD _build/display.o
LOAD _build/mpu9250.o
LOAD _build/better_error_handling.o
LOAD _build/bno055.o
LOAD _build/max44009.o
LOAD _build/SEGGER_RTT.o
LOAD _build/SEGGER_RTT_Syscalls_GCC.o
LOAD _build/SEGGER_RTT_printf.o
LOAD _build/app_error.o
LOAD _build/app_error_handler_gcc.o
LOAD _build/app_pwm.o
LOAD _build/app_scheduler.o
LOAD _build/app_timer.o
LOAD _build/app_uart.o
LOAD _build/app_util_platform.o
LOAD _build/before_startup.o
LOAD _build/ff.o
LOAD _build/hardfault_handler_gcc.o
LOAD _build/hardfault_implementation.o
LOAD _build/mmc_nrf.o
LOAD _build/nrf_assert.o
LOAD _build/nrf_atomic.o
LOAD _build/nrf_balloc.o
LOAD _build/nrf_drv_clock.o
LOAD _build/nrf_drv_ppi.o
LOAD _build/nrf_drv_spi.o
LOAD _build/nrf_drv_twi.o
LOAD _build/nrf_drv_uart.o
LOAD _build/nrf_fprintf.o
LOAD _build/nrf_fprintf_format.o
LOAD _build/nrf_fstorage.o
LOAD _build/nrf_log_backend_rtt.o
LOAD _build/nrf_log_backend_serial.o
LOAD _build/nrf_log_backend_uart.o
LOAD _build/nrf_log_default_backends.o
LOAD _build/nrf_log_frontend.o
LOAD _build/nrf_log_str_formatter.o
LOAD _build/nrf_memobj.o
LOAD _build/nrf_pwr_mgmt.o
LOAD _build/nrf_ringbuf.o
LOAD _build/nrf_queue.o
LOAD _build/nrf_section_iter.o
LOAD _build/nrf_serial.o
LOAD _build/nrf_strerror.o
LOAD _build/nrf_twi_mngr.o
LOAD _build/nrfx_clock.o
LOAD _build/nrfx_gpiote.o
LOAD _build/nrfx_ppi.o
LOAD _build/nrfx_prs.o
LOAD _build/nrfx_pwm.o
LOAD _build/nrfx_saadc.o
LOAD _build/nrfx_spi.o
LOAD _build/nrfx_spim.o
LOAD _build/nrfx_timer.o
LOAD _build/nrfx_twi.o
LOAD _build/nrfx_twim.o
LOAD _build/nrfx_uart.o
LOAD _build/nrfx_uarte.o
LOAD _build/simple_logger.o
LOAD _build/ble_advdata.o
LOAD _build/ble_advertising.o
LOAD _build/ble_conn_params.o
LOAD _build/ble_srv_common.o
LOAD _build/nrf_ble_gatt.o
LOAD _build/nrf_ble_qwr.o
LOAD _build/nrf_sdh.o
LOAD _build/nrf_sdh_ble.o
LOAD _build/simple_ble.o
LOAD _build/system_nrf52.o
LOAD _build/app_error_weak.o
LOAD _build/gcc_startup_nrf52.os
LOAD /usr/bin/../lib/gcc/arm-none-eabi/7.3.1/../../../../arm-none-eabi/lib/thumb/v7e-m/fpv4-sp/hard/libc.a
LOAD /usr/bin/../lib/gcc/arm-none-eabi/7.3.1/../../../../arm-none-eabi/lib/thumb/v7e-m/fpv4-sp/hard/libnosys.a
LOAD /usr/bin/../lib/gcc/arm-none-eabi/7.3.1/../../../../arm-none-eabi/lib/thumb/v7e-m/fpv4-sp/hard/libm.a
LOAD /usr/bin/../lib/gcc/arm-none-eabi/7.3.1/../../../../arm-none-eabi/lib/thumb/v7e-m/fpv4-sp/hard/libstdc++.a
END GROUP
START GROUP
LOAD /usr/bin/../lib/gcc/arm-none-eabi/7.3.1/thumb/v7e-m/fpv4-sp/hard/libgcc.a
LOAD /usr/bin/../lib/gcc/arm-none-eabi/7.3.1/../../../../arm-none-eabi/lib/thumb/v7e-m/fpv4-sp/hard/libc.a
END GROUP
LOAD /usr/bin/../lib/gcc/arm-none-eabi/7.3.1/thumb/v7e-m/fpv4-sp/hard/crtend.o
LOAD /usr/bin/../lib/gcc/arm-none-eabi/7.3.1/thumb/v7e-m/fpv4-sp/hard/crtn.o
START GROUP
LOAD /usr/bin/../lib/gcc/arm-none-eabi/7.3.1/thumb/v7e-m/fpv4-sp/hard/libgcc.a
LOAD /usr/bin/../lib/gcc/arm-none-eabi/7.3.1/../../../../arm-none-eabi/lib/thumb/v7e-m/fpv4-sp/hard/libc.a
LOAD /usr/bin/../lib/gcc/arm-none-eabi/7.3.1/../../../../arm-none-eabi/lib/thumb/v7e-m/fpv4-sp/hard/libnosys.a
END GROUP

.igot.plt       0x000000002000a278        0x0 load address 0x0000000000035034
 .igot.plt      0x000000002000a278        0x0 /usr/bin/../lib/gcc/arm-none-eabi/7.3.1/thumb/v7e-m/fpv4-sp/hard/crtbegin.o

.bootloader_settings_page
                0x000000000007f000        0x0
                [!provide]                        PROVIDE (__start_bootloader_settings_page = .)
 *(SORT_BY_NAME(.bootloader_settings_page*))
                [!provide]                        PROVIDE (__stop_bootloader_settings_page = .)

.uicr_bootloader_start_address
                0x0000000010001014        0x0
                [!provide]                        PROVIDE (__start_uicr_bootloader_start_address = .)
 *(SORT_BY_NAME(.uicr_bootloader_start_address*))
                [!provide]                        PROVIDE (__stop_uicr_bootloader_start_address = .)
                0x0000000010001014                . = ALIGN (0x4)

.mem_section_dummy_ram

.log_dynamic_data
                0x000000002000a278        0x0
                0x000000002000a278                PROVIDE (__start_log_dynamic_data = .)
 *(SORT_BY_NAME(.log_dynamic_data*))
                [!provide]                        PROVIDE (__stop_log_dynamic_data = .)

.cli_sorted_cmd_ptrs
                0x000000002000a278        0x0
                [!provide]                        PROVIDE (__start_cli_sorted_cmd_ptrs = .)
 *(.cli_sorted_cmd_ptrs)
                [!provide]                        PROVIDE (__stop_cli_sorted_cmd_ptrs = .)

.fs_data        0x000000002000a278        0x0
                0x000000002000a278                PROVIDE (__start_fs_data = .)
 *(.fs_data)
                0x000000002000a278                PROVIDE (__stop_fs_data = .)

.bss            0x000000002000a278     0x15e4 load address 0x0000000000035034
                0x000000002000a278                . = ALIGN (0x4)
                0x000000002000a278                __bss_start__ = .
 *(.bss*)
 .bss           0x000000002000a278       0x1c /usr/bin/../lib/gcc/arm-none-eabi/7.3.1/thumb/v7e-m/fpv4-sp/hard/crtbegin.o
 .bss._acDownBuffer
                0x000000002000a294       0x10 _build/SEGGER_RTT.o
 .bss._acUpBuffer
                0x000000002000a2a4      0x200 _build/SEGGER_RTT.o
 .bss.m_op_queue
                0x000000002000a4a4      0x10c _build/app_timer.o
 .bss.m_rtc1_reset
                0x000000002000a5b0        0x1 _build/app_timer.o
 .bss.m_rtc1_running
                0x000000002000a5b1        0x1 _build/app_timer.o
 *fill*         0x000000002000a5b2        0x2 
 .bss.m_ticks_elapsed
                0x000000002000a5b4        0x8 _build/app_timer.o
 .bss.m_ticks_elapsed_q_read_ind
                0x000000002000a5bc        0x1 _build/app_timer.o
 .bss.m_ticks_elapsed_q_write_ind
                0x000000002000a5bd        0x1 _build/app_timer.o
 *fill*         0x000000002000a5be        0x2 
 .bss.m_ticks_latest
                0x000000002000a5c0        0x4 _build/app_timer.o
 .bss.mp_timer_id_head
                0x000000002000a5c4        0x4 _build/app_timer.o
 .bss.CurrVol   0x000000002000a5c8        0x1 _build/ff.o
 *fill*         0x000000002000a5c9        0x3 
 .bss.FatFs     0x000000002000a5cc        0x4 _build/ff.o
 .bss.Fsid      0x000000002000a5d0        0x2 _build/ff.o
 .bss.CardType  0x000000002000a5d2        0x1 _build/mmc_nrf.o
 *fill*         0x000000002000a5d3        0x1 
 .bss.Timer1    0x000000002000a5d4        0x4 _build/mmc_nrf.o
 .bss.Timer2    0x000000002000a5d8        0x4 _build/mmc_nrf.o
 .bss.m_clock_cb
                0x000000002000a5dc       0x14 _build/nrf_drv_clock.o
 .bss.log_mempool_nrf_balloc_cb
                0x000000002000a5f0        0x8 _build/nrf_log_frontend.o
 .bss.log_mempool_nrf_balloc_pool_mem
                0x000000002000a5f8       0xc0 _build/nrf_log_frontend.o
 .bss.log_mempool_nrf_balloc_pool_stack
                0x000000002000a6b8        0x8 _build/nrf_log_frontend.o
 .bss.m_log_data
                0x000000002000a6c0      0x424 _build/nrf_log_frontend.o
 .bss.m_clock_cb
                0x000000002000aae4        0x8 _build/nrfx_clock.o
 .bss.m_cb      0x000000002000aaec       0x5c _build/nrfx_gpiote.o
 .bss.m_prs_box_4
                0x000000002000ab48        0x8 _build/nrfx_prs.o
 .bss.m_cb      0x000000002000ab50       0x18 _build/nrfx_pwm.o
 .bss.m_cb      0x000000002000ab68       0x30 _build/nrfx_saadc.o
 .bss.m_cb      0x000000002000ab98       0x24 _build/nrfx_spim.o
 .bss.m_cb      0x000000002000abbc       0x24 _build/nrfx_timer.o
 .bss.m_cb      0x000000002000abe0       0x34 _build/nrfx_twim.o
 .bss.buffer    0x000000002000ac14      0x100 _build/simple_logger.o
 .bss.clock_timer_data
                0x000000002000ad14       0x20 _build/simple_logger.o
 .bss.error_count
                0x000000002000ad34        0x1 _build/simple_logger.o
 *fill*         0x000000002000ad35        0x3 
 .bss.file      0x000000002000ad38        0x4 _build/simple_logger.o
                0x000000002000ad38                file
 .bss.header_buffer
                0x000000002000ad3c      0x100 _build/simple_logger.o
 .bss.header_written
                0x000000002000ae3c        0x1 _build/simple_logger.o
 .bss.simple_logger_file_exists
                0x000000002000ae3d        0x1 _build/simple_logger.o
 *fill*         0x000000002000ae3e        0x2 
 .bss.simple_logger_fpointer
                0x000000002000ae40      0x228 _build/simple_logger.o
 .bss.simple_logger_fs
                0x000000002000b068      0x234 _build/simple_logger.o
 .bss.simple_logger_inited
                0x000000002000b29c        0x1 _build/simple_logger.o
 .bss.simple_logger_opts
                0x000000002000b29d        0x1 _build/simple_logger.o
 .bss.work      0x000000002000b29e      0x200 _build/simple_logger.o
 *fill*         0x000000002000b49e        0x2 
 .bss.m_conn_params_config
                0x000000002000b4a0       0x1c _build/ble_conn_params.o
 .bss.m_conn_params_instances
                0x000000002000b4bc       0x14 _build/ble_conn_params.o
 .bss.m_preferred_conn_params
                0x000000002000b4d0        0x8 _build/ble_conn_params.o
 .bss.m_nrf_sdh_continue
                0x000000002000b4d8        0x1 _build/nrf_sdh.o
 .bss.m_nrf_sdh_enabled
                0x000000002000b4d9        0x1 _build/nrf_sdh.o
 .bss.m_nrf_sdh_suspended
                0x000000002000b4da        0x1 _build/nrf_sdh.o
 .bss.m_stack_is_enabled
                0x000000002000b4db        0x1 _build/nrf_sdh_ble.o
 .bss.m_advertising
                0x000000002000b4dc      0x258 _build/simple_ble.o
 .bss.m_gatt    0x000000002000b734       0x14 _build/simple_ble.o
 .bss.m_qwr     0x000000002000b748        0xc _build/simple_ble.o
 .bss.scan_buffer
                0x000000002000b754       0x1f _build/simple_ble.o
 *fill*         0x000000002000b773        0x1 
 .bss.__malloc_current_mallinfo
                0x000000002000b774       0x28 /usr/bin/../lib/gcc/arm-none-eabi/7.3.1/../../../../arm-none-eabi/lib/thumb/v7e-m/fpv4-sp/hard/libc.a(lib_a-mallocr.o)
                0x000000002000b774                __malloc_current_mallinfo
 .bss.__malloc_max_sbrked_mem
                0x000000002000b79c        0x4 /usr/bin/../lib/gcc/arm-none-eabi/7.3.1/../../../../arm-none-eabi/lib/thumb/v7e-m/fpv4-sp/hard/libc.a(lib_a-mallocr.o)
                0x000000002000b79c                __malloc_max_sbrked_mem
 .bss.__malloc_max_total_mem
                0x000000002000b7a0        0x4 /usr/bin/../lib/gcc/arm-none-eabi/7.3.1/../../../../arm-none-eabi/lib/thumb/v7e-m/fpv4-sp/hard/libc.a(lib_a-mallocr.o)
                0x000000002000b7a0                __malloc_max_total_mem
 .bss.__malloc_top_pad
                0x000000002000b7a4        0x4 /usr/bin/../lib/gcc/arm-none-eabi/7.3.1/../../../../arm-none-eabi/lib/thumb/v7e-m/fpv4-sp/hard/libc.a(lib_a-mallocr.o)
                0x000000002000b7a4                __malloc_top_pad
 .bss.heap_end.5377
                0x000000002000b7a8        0x4 /usr/bin/../lib/gcc/arm-none-eabi/7.3.1/../../../../arm-none-eabi/lib/thumb/v7e-m/fpv4-sp/hard/libnosys.a(sbrk.o)
 *(COMMON)
 COMMON         0x000000002000b7ac       0x78 _build/SEGGER_RTT.o
                0x000000002000b7ac                _SEGGER_RTT
 COMMON         0x000000002000b824        0xc _build/app_util_platform.o
                0x000000002000b824                nrf_nvic_state
 COMMON         0x000000002000b830        0x2 _build/simple_ble.o
                0x000000002000b830                app
 *fill*         0x000000002000b832        0x2 
 COMMON         0x000000002000b834       0x21 /usr/bin/../lib/gcc/arm-none-eabi/7.3.1/../../../../arm-none-eabi/lib/thumb/v7e-m/fpv4-sp/hard/libc.a(lib_a-lock.o)
                0x000000002000b834                __lock___atexit_recursive_mutex
                0x000000002000b838                __lock___arc4random_mutex
                0x000000002000b83c                __lock___env_recursive_mutex
                0x000000002000b840                __lock___sinit_recursive_mutex
                0x000000002000b844                __lock___malloc_recursive_mutex
                0x000000002000b848                __lock___at_quick_exit_mutex
                0x000000002000b84c                __lock___dd_hash_mutex
                0x000000002000b850                __lock___tz_mutex
                0x000000002000b854                __lock___sfp_recursive_mutex
 *fill*         0x000000002000b855        0x3 
 COMMON         0x000000002000b858        0x4 /usr/bin/../lib/gcc/arm-none-eabi/7.3.1/../../../../arm-none-eabi/lib/thumb/v7e-m/fpv4-sp/hard/libc.a(lib_a-reent.o)
                0x000000002000b858                errno
                0x000000002000b85c                . = ALIGN (0x4)
                0x000000002000b85c                __bss_end__ = .

.heap           0x000000002000b860     0x2000
                0x000000002000b860                __HeapBase = .
                0x000000002000b860                __end__ = .
                0x000000002000b860                PROVIDE (end = .)
 *(.heap*)
 .heap          0x000000002000b860     0x2000 _build/gcc_startup_nrf52.os
                0x000000002000d860                __HeapLimit = .

.stack_dummy    0x000000002000b860     0x2000
 *(.stack*)
 .stack         0x000000002000b860     0x2000 _build/gcc_startup_nrf52.os
                0x0000000020010000                __StackTop = (ORIGIN (RAM) + LENGTH (RAM))
                0x000000002000e000                __StackLimit = (__StackTop - SIZEOF (.stack_dummy))
                0x0000000020010000                PROVIDE (__stack = __StackTop)
                0x0000000000000001                ASSERT ((__StackLimit >= __HeapLimit), region RAM overflowed with stack)
                0x00000000000009d0                DataInitFlashUsed = (__bss_start__ - __data_start__)
                0x000000000000e664                CodeFlashUsed = (__etext - ORIGIN (FLASH))
                0x000000000000f034                TotalFlashUsed = (CodeFlashUsed + DataInitFlashUsed)
                0x0000000000000001                ASSERT ((TotalFlashUsed <= LENGTH (FLASH)), region FLASH overflowed with .data and user data)
OUTPUT(_build/sd_card_sdk15_s132.elf elf32-littlearm)

.ARM.attributes
                0x0000000000000000       0x30
 .ARM.attributes
                0x0000000000000000       0x22 /usr/bin/../lib/gcc/arm-none-eabi/7.3.1/thumb/v7e-m/fpv4-sp/hard/crti.o
 .ARM.attributes
                0x0000000000000022       0x34 /usr/bin/../lib/gcc/arm-none-eabi/7.3.1/thumb/v7e-m/fpv4-sp/hard/crtbegin.o
 .ARM.attributes
                0x0000000000000056       0x20 /usr/bin/../lib/gcc/arm-none-eabi/7.3.1/../../../../arm-none-eabi/lib/thumb/v7e-m/fpv4-sp/hard/crt0.o
 .ARM.attributes
                0x0000000000000076       0x39 _build/main.o
 .ARM.attributes
                0x00000000000000af       0x39 _build/better_error_handling.o
 .ARM.attributes
                0x00000000000000e8       0x39 _build/SEGGER_RTT.o
 .ARM.attributes
                0x0000000000000121       0x39 _build/SEGGER_RTT_Syscalls_GCC.o
 .ARM.attributes
                0x000000000000015a       0x39 _build/app_error_handler_gcc.o
 .ARM.attributes
                0x0000000000000193       0x39 _build/app_timer.o
 .ARM.attributes
                0x00000000000001cc       0x39 _build/app_util_platform.o
 .ARM.attributes
                0x0000000000000205       0x39 _build/before_startup.o
 .ARM.attributes
                0x000000000000023e       0x39 _build/ff.o
 .ARM.attributes
                0x0000000000000277       0x39 _build/hardfault_handler_gcc.o
 .ARM.attributes
                0x00000000000002b0       0x39 _build/hardfault_implementation.o
 .ARM.attributes
                0x00000000000002e9       0x39 _build/mmc_nrf.o
 .ARM.attributes
                0x0000000000000322       0x39 _build/nrf_atomic.o
 .ARM.attributes
                0x000000000000035b       0x39 _build/nrf_balloc.o
 .ARM.attributes
                0x0000000000000394       0x39 _build/nrf_drv_clock.o
 .ARM.attributes
                0x00000000000003cd       0x39 _build/nrf_fstorage.o
 .ARM.attributes
                0x0000000000000406       0x39 _build/nrf_log_frontend.o
 .ARM.attributes
                0x000000000000043f       0x39 _build/nrf_memobj.o
 .ARM.attributes
                0x0000000000000478       0x39 _build/nrf_pwr_mgmt.o
 .ARM.attributes
                0x00000000000004b1       0x39 _build/nrf_section_iter.o
 .ARM.attributes
                0x00000000000004ea       0x39 _build/nrf_strerror.o
 .ARM.attributes
                0x0000000000000523       0x39 _build/nrfx_clock.o
 .ARM.attributes
                0x000000000000055c       0x39 _build/nrfx_gpiote.o
 .ARM.attributes
                0x0000000000000595       0x39 _build/nrfx_ppi.o
 .ARM.attributes
                0x00000000000005ce       0x39 _build/nrfx_prs.o
 .ARM.attributes
                0x0000000000000607       0x39 _build/nrfx_pwm.o
 .ARM.attributes
                0x0000000000000640       0x39 _build/nrfx_saadc.o
 .ARM.attributes
                0x0000000000000679       0x39 _build/nrfx_spim.o
 .ARM.attributes
                0x00000000000006b2       0x39 _build/nrfx_timer.o
 .ARM.attributes
                0x00000000000006eb       0x39 _build/nrfx_twim.o
 .ARM.attributes
                0x0000000000000724       0x39 _build/nrfx_uart.o
 .ARM.attributes
                0x000000000000075d       0x39 _build/nrfx_uarte.o
 .ARM.attributes
                0x0000000000000796       0x39 _build/simple_logger.o
 .ARM.attributes
                0x00000000000007cf       0x39 _build/ble_advdata.o